Archive member included because of file (symbol)

startup/libea_startup_thumb.a(consol.o)
                              bt.o (consolGetChar)
startup/libea_startup_thumb.a(framework.o)
                              main.o (eaInit)
startup/libea_startup_thumb.a(startup.o)
                              (_startup)
irq_code/irqUart.a(irqUart.o)
                              uart.o (disIrq)
pre_emptive_os/pre_emptive_os.a(kernel.o)
                              main.o (osInit)
pre_emptive_os/pre_emptive_os.a(prioqueue.o)
                              pre_emptive_os/pre_emptive_os.a(kernel.o) (initPrioQueue)
pre_emptive_os/pre_emptive_os.a(count_sem.o)
                              uart.o (osSemInit)
pre_emptive_os/pre_emptive_os.a(timer.o)
                              pre_emptive_os/pre_emptive_os.a(kernel.o) (timerTick)
pre_emptive_os/pre_emptive_os.a(stack_usage.o)
                              pre_emptive_os/pre_emptive_os.a(kernel.o) (createStackPattern)
pre_emptive_os/pre_emptive_os.a(a7hal.o)
                              pre_emptive_os/pre_emptive_os.a(kernel.o) (stkFrameInit_oshal)
pre_emptive_os/pre_emptive_os.a(a7hal_a.o)
                              pre_emptive_os/pre_emptive_os.a(kernel.o) (startHighProc_oshal)
pre_emptive_os/pre_emptive_os.a(event.o)
                              pre_emptive_os/pre_emptive_os.a(count_sem.o) (eventInit)
/cygdrive/c/program files/gnuarm/bin/../lib/gcc/arm-elf/4.1.1/interwork/libgcc.a(_udivsi3.o)
                              bt.o (__udivsi3)
/cygdrive/c/program files/gnuarm/bin/../lib/gcc/arm-elf/4.1.1/interwork/libgcc.a(_divsi3.o)
                              snake.o (__divsi3)
/cygdrive/c/program files/gnuarm/bin/../lib/gcc/arm-elf/4.1.1/interwork/libgcc.a(_umodsi3.o)
                              bt.o (__umodsi3)
/cygdrive/c/program files/gnuarm/bin/../lib/gcc/arm-elf/4.1.1/interwork/libgcc.a(_modsi3.o)
                              snake.o (__modsi3)
/cygdrive/c/program files/gnuarm/bin/../lib/gcc/arm-elf/4.1.1/interwork/libgcc.a(_dvmd_tls.o)
                              /cygdrive/c/program files/gnuarm/bin/../lib/gcc/arm-elf/4.1.1/interwork/libgcc.a(_udivsi3.o) (__div0)
/cygdrive/c/program files/gnuarm/bin/../lib/gcc/arm-elf/4.1.1/interwork/libgcc.a(_call_via_rX.o)
                              pre_emptive_os/pre_emptive_os.a(timer.o) (_call_via_r4)
/cygdrive/c/program files/gnuarm/bin/../lib/gcc/arm-elf/4.1.1/../../../../arm-elf/lib/interwork/libc.a(atoi.o)
                              startup/libea_startup_thumb.a(consol.o) (atoi)
/cygdrive/c/program files/gnuarm/bin/../lib/gcc/arm-elf/4.1.1/../../../../arm-elf/lib/interwork/libc.a(memcmp.o)
                              bt.o (memcmp)
/cygdrive/c/program files/gnuarm/bin/../lib/gcc/arm-elf/4.1.1/../../../../arm-elf/lib/interwork/libc.a(memcpy.o)
                              bt.o (memcpy)
/cygdrive/c/program files/gnuarm/bin/../lib/gcc/arm-elf/4.1.1/../../../../arm-elf/lib/interwork/libc.a(rand.o)
                              snake.o (rand)
/cygdrive/c/program files/gnuarm/bin/../lib/gcc/arm-elf/4.1.1/../../../../arm-elf/lib/interwork/libc.a(strchr.o)
                              bt.o (strchr)
/cygdrive/c/program files/gnuarm/bin/../lib/gcc/arm-elf/4.1.1/../../../../arm-elf/lib/interwork/libc.a(strlen.o)
                              startup/libea_startup_thumb.a(consol.o) (strlen)
/cygdrive/c/program files/gnuarm/bin/../lib/gcc/arm-elf/4.1.1/../../../../arm-elf/lib/interwork/libc.a(strtol.o)
                              /cygdrive/c/program files/gnuarm/bin/../lib/gcc/arm-elf/4.1.1/../../../../arm-elf/lib/interwork/libc.a(atoi.o) (_strtol_r)
/cygdrive/c/program files/gnuarm/bin/../lib/gcc/arm-elf/4.1.1/../../../../arm-elf/lib/interwork/libc.a(ctype_.o)
                              /cygdrive/c/program files/gnuarm/bin/../lib/gcc/arm-elf/4.1.1/../../../../arm-elf/lib/interwork/libc.a(strtol.o) (__ctype_ptr)
/cygdrive/c/program files/gnuarm/bin/../lib/gcc/arm-elf/4.1.1/../../../../arm-elf/lib/interwork/libc.a(impure.o)
                              /cygdrive/c/program files/gnuarm/bin/../lib/gcc/arm-elf/4.1.1/../../../../arm-elf/lib/interwork/libc.a(rand.o) (_impure_ptr)

Allocating common symbols
Common symbol       size              file

uart1RxBuf          0x400             uart.o
receiveSem          0x1c              uart.o
ms                  0x4               main.o
ver1_1              0x1               hw.o
pHeapEnd            0x4               startup/libea_startup_thumb.a(framework.o)
pHeapStart          0x4               startup/libea_startup_thumb.a(framework.o)
uart1TxBuf          0x100             uart.o
ver1_0              0x1               hw.o
processControlBlocks
                    0xc8              pre_emptive_os/pre_emptive_os.a(kernel.o)

Discarded input sections

 .stabstr       0x00000000        0x0 startup/libea_startup_thumb.a(startup.o)
 .stabstr       0x00000000        0x0 pre_emptive_os/pre_emptive_os.a(a7hal_a.o)

Memory Configuration

Name             Origin             Length             Attributes
FLASH            0x00000000         0x00020000         xr
RAM              0x40000000         0x00004000         rw
*default*        0x00000000         0xffffffff

Linker script and memory map

LOAD main.o
LOAD lcd.o
LOAD key.o
LOAD select.o
LOAD uart.o
LOAD bt.o
LOAD snake.o
LOAD eeprom.o
LOAD i2c.o
LOAD hw.o
LOAD startup/libea_startup_thumb.a
LOAD irq_code/irqUart.a
LOAD gcc_files/libm.a
LOAD pre_emptive_os/pre_emptive_os.a
START GROUP
LOAD /cygdrive/c/program files/gnuarm/bin/../lib/gcc/arm-elf/4.1.1/interwork/libgcc.a
LOAD /cygdrive/c/program files/gnuarm/bin/../lib/gcc/arm-elf/4.1.1/../../../../arm-elf/lib/interwork/libc.a
END GROUP

.text           0x00000000     0x5820
 *startup.o(.text)
 .text          0x00000000      0x1d8 startup/libea_startup_thumb.a(startup.o)
                0x00000000                _startup
 *(.text)
 .text          0x000001d8      0x328 main.o
                0x000001d8                appTick
                0x000001e8                main
 .text          0x00000500      0x570 lcd.o
                0x00000500                lcdColor
                0x000006cc                lcdWindow
                0x0000090c                lcdClrscr
                0x000007d4                lcdRectBrd
                0x00000650                lcdPutchar
                0x000008e8                lcdContrast
                0x00000960                lcdOff
                0x0000097c                lcdInit
                0x00000724                lcdIcon
                0x00000588                lcdData
                0x00000514                lcdWrdata
                0x00000884                lcdRect
                0x00000524                lcdWrcmd
                0x000006b4                lcdPuts
                0x000006fc                lcdGotoxy
 .text          0x00000a70      0x1e0 key.o
                0x00000a80                checkKey2
                0x00000acc                sampleKey
                0x00000a8c                initKeyProc
                0x00000a70                checkKey
 .text          0x00000c50      0x160 select.o
                0x00000cc0                drawMenu
 .text          0x00000db0      0x280 uart.o
                0x00000e60                uart1SendChar
                0x00000ee4                uart1SendChars
                0x00000f28                uart1SendString
                0x00000f0c                uart1SendCh
                0x00000f40                initUart1
                0x00000e18                uart1GetChSem
                0x00000db0                uart1GetChar
                0x00000e44                uart1GetCh
 .text          0x00001030     0x1138 bt.o
                0x000015a8                handleBluetooth
                0x00002028                initBtProc
                0x00001090                activateBtProc
                0x00001030                blockBtProc
 .text          0x00002168      0x6ec snake.o
                0x000021ec                stopTimer1
                0x00002744                playSnake
                0x000021f8                enterSleepMode
                0x00002684                moveSnake
                0x00002204                sendScore
 .text          0x00002854      0x378 eeprom.o
                0x000029e8                lm75Read
                0x000028f4                pca9532
                0x00002a68                eepromWrite
                0x00002b74                eepromPoll
                0x00002af4                eepromPageRead
                0x00002854                eepromStartRead
 .text          0x00002bcc      0x3e0 i2c.o
                0x00002d90                i2cInit
                0x00002e04                getI2cLock
                0x00002e6c                i2cRead
                0x00002d08                i2cWriteWithWait
                0x00002be4                i2cStart
                0x00002c30                i2cStop
                0x00002bcc                i2cCheckStatus
                0x00002c84                i2cGetChar
                0x00002e20                i2cRepeatStart
                0x00002f0c                i2cWrite
                0x00002cdc                i2cWaitTransmit
                0x00002d38                i2cMyWrite
                0x00002c58                i2cPutChar
                0x00002dec                releaseI2cLock
 .text          0x00002fac      0x44c hw.o
                0x00003010                sendToLCD
                0x00003250                resetBT
                0x00002fac                setBuzzer
                0x0000308c                initSpiForLcd
                0x0000333c                immediateIoInit
                0x000032cc                resetLCD
                0x00003194                setLED
                0x000030e4                getKeys
                0x00002fd0                selectLCD
 .text          0x000033f8      0x680 startup/libea_startup_thumb.a(consol.o)
                0x000038b4                consolGetIntNum
                0x000034f0                consolSendCh
                0x000036bc                consolGetString
                0x00003560                consolSendNumber
                0x00003678                consolGetCh
                0x000034d0                consolSendChar
                0x00003734                simplePrintf
                0x00003534                consolSendString
                0x00003994                consolScanf
                0x00003698                consolGetChar
                0x0000347c                consolInit
 .text          0x00003a78      0x2bc startup/libea_startup_thumb.a(framework.o)
                0x00003ba0                eaInit
                0x00003af0                lowLevelInit
                0x00003a78                exceptionHandlerInit
 .text          0x00003d34      0x2bc irq_code/irqUart.a(irqUart.o)
                0x00003d5c                uart1ISR
                0x00003d54                restoreIrq
                0x00003d34                disIrq
 .text          0x00003ff0      0x4f8 pre_emptive_os/pre_emptive_os.a(kernel.o)
                0x0000436c                osTick
                0x00004430                rmvFromRdyList
                0x0000418c                osGetHighPrioProc
                0x0000444c                osSuspend
                0x000040a0                osInit
                0x00004480                osDeleteProcess
                0x000040cc                osISREnter
                0x000041a8                schedule
                0x000040f0                osCreateProcess
                0x000042ec                addToRdyList
                0x0000403c                addToTimeList
                0x00004300                osResume
                0x00003ff0                osPid
                0x000044b0                osSleep
                0x00004214                osISRExit
                0x0000427c                osStart
                0x000042a8                rmvFromTimeList
                0x000043c8                osStartProcess
 .text          0x000044e8      0x124 pre_emptive_os/pre_emptive_os.a(prioqueue.o)
                0x000044e8                initPrioQueue
                0x00004550                rmvFromPrioQueue
                0x00004508                addToPrioQueue
                0x000045ec                isEmptyPrioQueue
                0x000045b4                getHighPrioQueue
 .text          0x0000460c      0x144 pre_emptive_os/pre_emptive_os.a(count_sem.o)
                0x000046ac                osSemGive
                0x00004710                osSemTryTake
                0x0000460c                osSemInit
                0x00004620                osSemTake
 .text          0x00004750      0x218 pre_emptive_os/pre_emptive_os.a(timer.o)
                0x00004750                timerTick
                0x000048c4                osInitTimers
                0x00004860                osDeleteTimer
                0x00004834                osCreateTimer
 .text          0x00004968       0xa4 pre_emptive_os/pre_emptive_os.a(stack_usage.o)
                0x00004968                osStackUsage
                0x000049ac                createStackPattern
                0x000049cc                checkStackLimit
 .text          0x00004a0c      0x1ec pre_emptive_os/pre_emptive_os.a(a7hal.o)
                0x00004a44                stkFrameInit_oshal
                0x00004a0c                timerIsr_oshal
                0x00004b24                halRestoreInterrupts_oshal
                0x00004b2c                initTimer_oshal
                0x00004b14                halEnableInterrupts_oshal
                0x00004bc4                handleIRQs_oshal
                0x00004af4                halDisableInterrupts_oshal
 .text          0x00004bf8       0xc4 pre_emptive_os/pre_emptive_os.a(a7hal_a.o)
                0x00004c04                startHighProc_oshal
                0x00004c2c                ctxSwitchIsr_oshal
                0x00004c0c                ctxSwitch_oshal
                0x00004c4c                generalIRQ_oshal
 .text          0x00004cbc       0xd8 pre_emptive_os/pre_emptive_os.a(event.o)
                0x00004ccc                eventWait
                0x00004cbc                eventInit
                0x00004d34                eventIsEmpty
                0x00004d04                eventWaitReturn
                0x00004d44                eventSignal
 .text          0x00004d94      0x114 /cygdrive/c/program files/gnuarm/bin/../lib/gcc/arm-elf/4.1.1/interwork/libgcc.a(_udivsi3.o)
                0x00004d94                __udivsi3
                0x00004d94                __aeabi_uidiv
                0x00004e90                __aeabi_uidivmod
 .text          0x00004ea8      0x144 /cygdrive/c/program files/gnuarm/bin/../lib/gcc/arm-elf/4.1.1/interwork/libgcc.a(_divsi3.o)
                0x00004ea8                __aeabi_idiv
                0x00004ea8                __divsi3
                0x00004fd4                __aeabi_idivmod
 .text          0x00004fec       0xd0 /cygdrive/c/program files/gnuarm/bin/../lib/gcc/arm-elf/4.1.1/interwork/libgcc.a(_umodsi3.o)
                0x00004fec                __umodsi3
 .text          0x000050bc       0xe8 /cygdrive/c/program files/gnuarm/bin/../lib/gcc/arm-elf/4.1.1/interwork/libgcc.a(_modsi3.o)
                0x000050bc                __modsi3
 .text          0x000051a4        0x4 /cygdrive/c/program files/gnuarm/bin/../lib/gcc/arm-elf/4.1.1/interwork/libgcc.a(_dvmd_tls.o)
                0x000051a4                __aeabi_ldiv0
                0x000051a4                __div0
                0x000051a4                __aeabi_idiv0
 .text          0x000051a8       0x3c /cygdrive/c/program files/gnuarm/bin/../lib/gcc/arm-elf/4.1.1/interwork/libgcc.a(_call_via_rX.o)
                0x000051b0                _call_via_r2
                0x000051c0                _call_via_r6
                0x000051bc                _call_via_r5
                0x000051b4                _call_via_r3
                0x000051d4                _call_via_fp
                0x000051c8                _call_via_r8
                0x000051c4                _call_via_r7
                0x000051a8                _call_via_r0
                0x000051d0                _call_via_sl
                0x000051dc                _call_via_sp
                0x000051cc                _call_via_r9
                0x000051b8                _call_via_r4
                0x000051ac                _call_via_r1
                0x000051d8                _call_via_ip
                0x000051e0                _call_via_lr
 .text          0x000051e4       0x30 /cygdrive/c/program files/gnuarm/bin/../lib/gcc/arm-elf/4.1.1/../../../../arm-elf/lib/interwork/libc.a(atoi.o)
                0x000051e4                _atoi_r
                0x000051fc                atoi
 .text          0x00005214       0x98 /cygdrive/c/program files/gnuarm/bin/../lib/gcc/arm-elf/4.1.1/../../../../arm-elf/lib/interwork/libc.a(memcmp.o)
                0x00005214                memcmp
 .text          0x000052ac       0x9c /cygdrive/c/program files/gnuarm/bin/../lib/gcc/arm-elf/4.1.1/../../../../arm-elf/lib/interwork/libc.a(memcpy.o)
                0x000052ac                memcpy
 .text          0x00005348       0x7c /cygdrive/c/program files/gnuarm/bin/../lib/gcc/arm-elf/4.1.1/../../../../arm-elf/lib/interwork/libc.a(rand.o)
                0x00005364                rand
                0x00005348                srand
 .text          0x000053c4      0x118 /cygdrive/c/program files/gnuarm/bin/../lib/gcc/arm-elf/4.1.1/../../../../arm-elf/lib/interwork/libc.a(strchr.o)
                0x000053c4                strchr
 .text          0x000054dc       0x90 /cygdrive/c/program files/gnuarm/bin/../lib/gcc/arm-elf/4.1.1/../../../../arm-elf/lib/interwork/libc.a(strlen.o)
                0x000054dc                strlen
 .text          0x0000556c      0x1f0 /cygdrive/c/program files/gnuarm/bin/../lib/gcc/arm-elf/4.1.1/../../../../arm-elf/lib/interwork/libc.a(strtol.o)
                0x00005730                strtol
                0x0000556c                _strtol_r
 .text          0x0000575c        0x0 /cygdrive/c/program files/gnuarm/bin/../lib/gcc/arm-elf/4.1.1/../../../../arm-elf/lib/interwork/libc.a(ctype_.o)
 .text          0x0000575c        0x0 /cygdrive/c/program files/gnuarm/bin/../lib/gcc/arm-elf/4.1.1/../../../../arm-elf/lib/interwork/libc.a(impure.o)
 *(.glue_7)
 .glue_7        0x0000575c        0x0 main.o
 .glue_7        0x0000575c        0x0 lcd.o
 .glue_7        0x0000575c        0x0 key.o
 .glue_7        0x0000575c        0x0 select.o
 .glue_7        0x0000575c        0x0 uart.o
 .glue_7        0x0000575c        0x0 bt.o
 .glue_7        0x0000575c        0x0 snake.o
 .glue_7        0x0000575c        0x0 eeprom.o
 .glue_7        0x0000575c        0x0 i2c.o
 .glue_7        0x0000575c        0x0 hw.o
 .glue_7        0x0000575c        0x0 startup/libea_startup_thumb.a(consol.o)
 .glue_7        0x0000575c        0x0 startup/libea_startup_thumb.a(framework.o)
 .glue_7        0x0000575c        0x0 startup/libea_startup_thumb.a(startup.o)
 .glue_7        0x0000575c        0x0 irq_code/irqUart.a(irqUart.o)
 .glue_7        0x0000575c        0x0 pre_emptive_os/pre_emptive_os.a(kernel.o)
 .glue_7        0x0000575c        0x0 pre_emptive_os/pre_emptive_os.a(prioqueue.o)
 .glue_7        0x0000575c        0x0 pre_emptive_os/pre_emptive_os.a(count_sem.o)
 .glue_7        0x0000575c        0x0 pre_emptive_os/pre_emptive_os.a(timer.o)
 .glue_7        0x0000575c        0x0 pre_emptive_os/pre_emptive_os.a(stack_usage.o)
 .glue_7        0x0000575c        0x0 pre_emptive_os/pre_emptive_os.a(a7hal.o)
 .glue_7        0x0000575c        0x0 pre_emptive_os/pre_emptive_os.a(a7hal_a.o)
 .glue_7        0x0000575c        0x0 pre_emptive_os/pre_emptive_os.a(event.o)
 .glue_7        0x0000575c        0x0 /cygdrive/c/program files/gnuarm/bin/../lib/gcc/arm-elf/4.1.1/interwork/libgcc.a(_udivsi3.o)
 .glue_7        0x0000575c        0x0 /cygdrive/c/program files/gnuarm/bin/../lib/gcc/arm-elf/4.1.1/interwork/libgcc.a(_divsi3.o)
 .glue_7        0x0000575c        0x0 /cygdrive/c/program files/gnuarm/bin/../lib/gcc/arm-elf/4.1.1/interwork/libgcc.a(_umodsi3.o)
 .glue_7        0x0000575c        0x0 /cygdrive/c/program files/gnuarm/bin/../lib/gcc/arm-elf/4.1.1/interwork/libgcc.a(_modsi3.o)
 .glue_7        0x0000575c        0x0 /cygdrive/c/program files/gnuarm/bin/../lib/gcc/arm-elf/4.1.1/interwork/libgcc.a(_dvmd_tls.o)
 .glue_7        0x0000575c        0x0 /cygdrive/c/program files/gnuarm/bin/../lib/gcc/arm-elf/4.1.1/interwork/libgcc.a(_call_via_rX.o)
 .glue_7        0x0000575c        0x0 /cygdrive/c/program files/gnuarm/bin/../lib/gcc/arm-elf/4.1.1/../../../../arm-elf/lib/interwork/libc.a(atoi.o)
 .glue_7        0x0000575c        0x0 /cygdrive/c/program files/gnuarm/bin/../lib/gcc/arm-elf/4.1.1/../../../../arm-elf/lib/interwork/libc.a(memcmp.o)
 .glue_7        0x0000575c        0x0 /cygdrive/c/program files/gnuarm/bin/../lib/gcc/arm-elf/4.1.1/../../../../arm-elf/lib/interwork/libc.a(memcpy.o)
 .glue_7        0x0000575c        0x0 /cygdrive/c/program files/gnuarm/bin/../lib/gcc/arm-elf/4.1.1/../../../../arm-elf/lib/interwork/libc.a(rand.o)
 .glue_7        0x0000575c        0x0 /cygdrive/c/program files/gnuarm/bin/../lib/gcc/arm-elf/4.1.1/../../../../arm-elf/lib/interwork/libc.a(strchr.o)
 .glue_7        0x0000575c        0x0 /cygdrive/c/program files/gnuarm/bin/../lib/gcc/arm-elf/4.1.1/../../../../arm-elf/lib/interwork/libc.a(strlen.o)
 .glue_7        0x0000575c        0x0 /cygdrive/c/program files/gnuarm/bin/../lib/gcc/arm-elf/4.1.1/../../../../arm-elf/lib/interwork/libc.a(strtol.o)
 .glue_7        0x0000575c        0x0 /cygdrive/c/program files/gnuarm/bin/../lib/gcc/arm-elf/4.1.1/../../../../arm-elf/lib/interwork/libc.a(ctype_.o)
 .glue_7        0x0000575c       0x24 /cygdrive/c/program files/gnuarm/bin/../lib/gcc/arm-elf/4.1.1/../../../../arm-elf/lib/interwork/libc.a(impure.o)
                0x00005774                __osISRExit_from_arm
                0x00005768                __osTick_from_arm
                0x0000575c                __osSemGive_from_arm
 *(.glue_7t)
 .glue_7t       0x00005780        0x0 main.o
 .glue_7t       0x00005780        0x0 lcd.o
 .glue_7t       0x00005780        0x0 key.o
 .glue_7t       0x00005780        0x0 select.o
 .glue_7t       0x00005780        0x0 uart.o
 .glue_7t       0x00005780        0x0 bt.o
 .glue_7t       0x00005780        0x0 snake.o
 .glue_7t       0x00005780        0x0 eeprom.o
 .glue_7t       0x00005780        0x0 i2c.o
 .glue_7t       0x00005780        0x0 hw.o
 .glue_7t       0x00005780        0x0 startup/libea_startup_thumb.a(consol.o)
 .glue_7t       0x00005780        0x0 startup/libea_startup_thumb.a(framework.o)
 .glue_7t       0x00005780        0x0 startup/libea_startup_thumb.a(startup.o)
 .glue_7t       0x00005780        0x0 irq_code/irqUart.a(irqUart.o)
 .glue_7t       0x00005780        0x0 pre_emptive_os/pre_emptive_os.a(kernel.o)
 .glue_7t       0x00005780        0x0 pre_emptive_os/pre_emptive_os.a(prioqueue.o)
 .glue_7t       0x00005780        0x0 pre_emptive_os/pre_emptive_os.a(count_sem.o)
 .glue_7t       0x00005780        0x0 pre_emptive_os/pre_emptive_os.a(timer.o)
 .glue_7t       0x00005780        0x0 pre_emptive_os/pre_emptive_os.a(stack_usage.o)
 .glue_7t       0x00005780        0x0 pre_emptive_os/pre_emptive_os.a(a7hal.o)
 .glue_7t       0x00005780        0x0 pre_emptive_os/pre_emptive_os.a(a7hal_a.o)
 .glue_7t       0x00005780        0x0 pre_emptive_os/pre_emptive_os.a(event.o)
 .glue_7t       0x00005780        0x0 /cygdrive/c/program files/gnuarm/bin/../lib/gcc/arm-elf/4.1.1/interwork/libgcc.a(_udivsi3.o)
 .glue_7t       0x00005780        0x0 /cygdrive/c/program files/gnuarm/bin/../lib/gcc/arm-elf/4.1.1/interwork/libgcc.a(_divsi3.o)
 .glue_7t       0x00005780        0x0 /cygdrive/c/program files/gnuarm/bin/../lib/gcc/arm-elf/4.1.1/interwork/libgcc.a(_umodsi3.o)
 .glue_7t       0x00005780        0x0 /cygdrive/c/program files/gnuarm/bin/../lib/gcc/arm-elf/4.1.1/interwork/libgcc.a(_modsi3.o)
 .glue_7t       0x00005780        0x0 /cygdrive/c/program files/gnuarm/bin/../lib/gcc/arm-elf/4.1.1/interwork/libgcc.a(_dvmd_tls.o)
 .glue_7t       0x00005780        0x0 /cygdrive/c/program files/gnuarm/bin/../lib/gcc/arm-elf/4.1.1/interwork/libgcc.a(_call_via_rX.o)
 .glue_7t       0x00005780        0x0 /cygdrive/c/program files/gnuarm/bin/../lib/gcc/arm-elf/4.1.1/../../../../arm-elf/lib/interwork/libc.a(atoi.o)
 .glue_7t       0x00005780        0x0 /cygdrive/c/program files/gnuarm/bin/../lib/gcc/arm-elf/4.1.1/../../../../arm-elf/lib/interwork/libc.a(memcmp.o)
 .glue_7t       0x00005780        0x0 /cygdrive/c/program files/gnuarm/bin/../lib/gcc/arm-elf/4.1.1/../../../../arm-elf/lib/interwork/libc.a(memcpy.o)
 .glue_7t       0x00005780        0x0 /cygdrive/c/program files/gnuarm/bin/../lib/gcc/arm-elf/4.1.1/../../../../arm-elf/lib/interwork/libc.a(rand.o)
 .glue_7t       0x00005780        0x0 /cygdrive/c/program files/gnuarm/bin/../lib/gcc/arm-elf/4.1.1/../../../../arm-elf/lib/interwork/libc.a(strchr.o)
 .glue_7t       0x00005780        0x0 /cygdrive/c/program files/gnuarm/bin/../lib/gcc/arm-elf/4.1.1/../../../../arm-elf/lib/interwork/libc.a(strlen.o)
 .glue_7t       0x00005780        0x0 /cygdrive/c/program files/gnuarm/bin/../lib/gcc/arm-elf/4.1.1/../../../../arm-elf/lib/interwork/libc.a(strtol.o)
 .glue_7t       0x00005780        0x0 /cygdrive/c/program files/gnuarm/bin/../lib/gcc/arm-elf/4.1.1/../../../../arm-elf/lib/interwork/libc.a(ctype_.o)
 .glue_7t       0x00005780       0xa0 /cygdrive/c/program files/gnuarm/bin/../lib/gcc/arm-elf/4.1.1/../../../../arm-elf/lib/interwork/libc.a(impure.o)
                0x000057e4                ____modsi3_change_to_arm
                0x000057f0                __halRestoreInterrupts_oshal_from_thumb
                0x0000579c                __restoreIrq_change_to_arm
                0x000057bc                __strchr_change_to_arm
                0x000057a0                __memcpy_from_thumb
                0x00005800                __ctxSwitch_oshal_from_thumb
                0x000057fc                __stkFrameInit_oshal_change_to_arm
                0x00005814                __initTimer_oshal_change_to_arm
                0x00005818                __startHighProc_oshal_from_thumb
                0x000057b4                ____umodsi3_change_to_arm
                0x000057e0                ____modsi3_from_thumb
                0x000057c4                ____udivsi3_change_to_arm
                0x0000581c                __startHighProc_oshal_change_to_arm
                0x00005808                __ctxSwitchIsr_oshal_from_thumb
                0x000057b8                __strchr_from_thumb
                0x00005794                __disIrq_change_to_arm
                0x00005790                __disIrq_from_thumb
                0x000057f4                __halRestoreInterrupts_oshal_change_to_arm
                0x0000578c                __simplePrintf_change_to_arm
                0x000057b0                ____umodsi3_from_thumb
                0x000057d0                ____divsi3_from_thumb
                0x00005804                __ctxSwitch_oshal_change_to_arm
                0x000057f8                __stkFrameInit_oshal_from_thumb
                0x000057c0                ____udivsi3_from_thumb
                0x00005780                __eaInit_from_thumb
                0x000057c8                __consolGetChar_from_thumb
                0x00005788                __simplePrintf_from_thumb
                0x00005810                __initTimer_oshal_from_thumb
                0x00005784                __eaInit_change_to_arm
                0x000057cc                __consolGetChar_change_to_arm
                0x0000580c                __ctxSwitchIsr_oshal_change_to_arm
                0x000057d8                __rand_from_thumb
                0x000057a8                __memcmp_from_thumb
                0x000057ac                __memcmp_change_to_arm
                0x000057ec                __halDisableInterrupts_oshal_change_to_arm
                0x000057e8                __halDisableInterrupts_oshal_from_thumb
                0x00005798                __restoreIrq_from_thumb
                0x000057a4                __memcpy_change_to_arm
                0x000057d4                ____divsi3_change_to_arm
                0x000057dc                __rand_change_to_arm
                0x00005820                . = ALIGN (0x4)

.rodata         0x00005820     0x4ac8
 *(.rodata)
 .rodata        0x00005820     0x3c7e main.o
                0x00006928                _fire_2_100x40c
                0x00008356                _fire_5_100x40c
                0x00006046                _fire_1_100x40c
                0x0000723c                _fire_3_100x40c
                0x00005820                _fire_0_100x40c
                0x00007ae4                _fire_4_100x40c
                0x00008bf6                _fire_6_100x40c
 .rodata        0x0000949e      0x55c lcd.o
                0x0000949e                charMap
 *fill*         0x000099fa        0x2 00
 .rodata        0x000099fc       0x30 bt.o
 .rodata        0x00009a2c       0x11 hw.o
 *fill*         0x00009a3d        0x3 00
 .rodata        0x00009a40       0x10 startup/libea_startup_thumb.a(consol.o)
 .rodata        0x00009a50      0x101 /cygdrive/c/program files/gnuarm/bin/../lib/gcc/arm-elf/4.1.1/../../../../arm-elf/lib/interwork/libc.a(ctype_.o)
                0x00009a50                _ctype_
 *fill*         0x00009b51        0x3 00
 .rodata        0x00009b54        0x4 /cygdrive/c/program files/gnuarm/bin/../lib/gcc/arm-elf/4.1.1/../../../../arm-elf/lib/interwork/libc.a(impure.o)
                0x00009b54                _global_impure_ptr
 *(.rodata*)
 .rodata.str1.4
                0x00009b58      0x36d main.o
                                0x370 (size before relaxing)
 *fill*         0x00009ec5        0x3 00
 .rodata.str1.4
                0x00009ec8      0x32c bt.o
                                0x330 (size before relaxing)
 .rodata.str1.4
                0x0000a1f4       0x18 startup/libea_startup_thumb.a(consol.o)
 .rodata.str1.4
                0x0000a20c       0xd8 startup/libea_startup_thumb.a(framework.o)
 .rodata.str1.4
                0x0000a2e4        0x4 /cygdrive/c/program files/gnuarm/bin/../lib/gcc/arm-elf/4.1.1/../../../../arm-elf/lib/interwork/libc.a(impure.o)
                0x0000a2e8                . = ALIGN (0x4)
                0x0000a2e8                _etext = .
                0x0000a2e8                PROVIDE (etext, .)

.data           0x40000080      0x420 load address 0x0000a2e8
                0x40000080                _data = .
 *(.data)
 .data          0x40000080        0x1 main.o
 .data          0x40000081        0x0 lcd.o
 .data          0x40000081        0x5 key.o
 .data          0x40000086        0x0 select.o
 .data          0x40000086        0x0 uart.o
 .data          0x40000086        0x0 bt.o
 .data          0x40000086       0x10 snake.o
                0x40000086                notes
 .data          0x40000096        0x0 eeprom.o
 .data          0x40000096        0x0 i2c.o
 .data          0x40000096        0x0 hw.o
 .data          0x40000096        0x0 startup/libea_startup_thumb.a(consol.o)
 .data          0x40000096        0x0 startup/libea_startup_thumb.a(framework.o)
 .data          0x40000096        0x0 startup/libea_startup_thumb.a(startup.o)
 .data          0x40000096        0x0 irq_code/irqUart.a(irqUart.o)
 .data          0x40000096        0x0 pre_emptive_os/pre_emptive_os.a(kernel.o)
 .data          0x40000096        0x0 pre_emptive_os/pre_emptive_os.a(prioqueue.o)
 .data          0x40000096        0x0 pre_emptive_os/pre_emptive_os.a(count_sem.o)
 .data          0x40000096        0x0 pre_emptive_os/pre_emptive_os.a(timer.o)
 .data          0x40000096        0x0 pre_emptive_os/pre_emptive_os.a(stack_usage.o)
 .data          0x40000096        0x0 pre_emptive_os/pre_emptive_os.a(a7hal.o)
 .data          0x40000096        0x0 pre_emptive_os/pre_emptive_os.a(a7hal_a.o)
 .data          0x40000096        0x0 pre_emptive_os/pre_emptive_os.a(event.o)
 .data          0x40000096        0x0 /cygdrive/c/program files/gnuarm/bin/../lib/gcc/arm-elf/4.1.1/interwork/libgcc.a(_udivsi3.o)
 .data          0x40000096        0x0 /cygdrive/c/program files/gnuarm/bin/../lib/gcc/arm-elf/4.1.1/interwork/libgcc.a(_divsi3.o)
 .data          0x40000096        0x0 /cygdrive/c/program files/gnuarm/bin/../lib/gcc/arm-elf/4.1.1/interwork/libgcc.a(_umodsi3.o)
 .data          0x40000096        0x0 /cygdrive/c/program files/gnuarm/bin/../lib/gcc/arm-elf/4.1.1/interwork/libgcc.a(_modsi3.o)
 .data          0x40000096        0x0 /cygdrive/c/program files/gnuarm/bin/../lib/gcc/arm-elf/4.1.1/interwork/libgcc.a(_dvmd_tls.o)
 .data          0x40000096        0x0 /cygdrive/c/program files/gnuarm/bin/../lib/gcc/arm-elf/4.1.1/interwork/libgcc.a(_call_via_rX.o)
 .data          0x40000096        0x0 /cygdrive/c/program files/gnuarm/bin/../lib/gcc/arm-elf/4.1.1/../../../../arm-elf/lib/interwork/libc.a(atoi.o)
 .data          0x40000096        0x0 /cygdrive/c/program files/gnuarm/bin/../lib/gcc/arm-elf/4.1.1/../../../../arm-elf/lib/interwork/libc.a(memcmp.o)
 .data          0x40000096        0x0 /cygdrive/c/program files/gnuarm/bin/../lib/gcc/arm-elf/4.1.1/../../../../arm-elf/lib/interwork/libc.a(memcpy.o)
 .data          0x40000096        0x0 /cygdrive/c/program files/gnuarm/bin/../lib/gcc/arm-elf/4.1.1/../../../../arm-elf/lib/interwork/libc.a(rand.o)
 .data          0x40000096        0x0 /cygdrive/c/program files/gnuarm/bin/../lib/gcc/arm-elf/4.1.1/../../../../arm-elf/lib/interwork/libc.a(strchr.o)
 .data          0x40000096        0x0 /cygdrive/c/program files/gnuarm/bin/../lib/gcc/arm-elf/4.1.1/../../../../arm-elf/lib/interwork/libc.a(strlen.o)
 .data          0x40000096        0x0 /cygdrive/c/program files/gnuarm/bin/../lib/gcc/arm-elf/4.1.1/../../../../arm-elf/lib/interwork/libc.a(strtol.o)
 *fill*         0x40000096        0x2 00
 .data          0x40000098        0x4 /cygdrive/c/program files/gnuarm/bin/../lib/gcc/arm-elf/4.1.1/../../../../arm-elf/lib/interwork/libc.a(ctype_.o)
                0x40000098                __ctype_ptr
 .data          0x4000009c      0x404 /cygdrive/c/program files/gnuarm/bin/../lib/gcc/arm-elf/4.1.1/../../../../arm-elf/lib/interwork/libc.a(impure.o)
                0x4000009c                _impure_ptr
                0x400004a0                . = ALIGN (0x4)
                0x400004a0                _edata = .
                0x400004a0                PROVIDE (edata, .)

.bss            0x400004a0     0x18e8
                0x400004a0                _bss = .
                0x400004a0                __bss_start = .
                0x400004a0                __bss_start__ = .
 *(.bss)
 .bss           0x400004a0      0x57a main.o
 .bss           0x40000a1a        0x5 lcd.o
 .bss           0x40000a1f      0x134 key.o
 *fill*         0x40000b53        0x1 00
 .bss           0x40000b54       0x34 select.o
 .bss           0x40000b88       0x18 uart.o
                0x40000b90                uart1TxRunning
                0x40000b88                uart1TxHead
                0x40000b8c                uart1TxTail
                0x40000b94                uart1RxHead
                0x40000b9c                uart1RxInBuff
                0x40000b98                uart1RxTail
 .bss           0x40000ba0      0x404 bt.o
 .bss           0x40000fa4      0x45c snake.o
                0x40000fac                note
                0x40000fa8                count
                0x40000fa4                toggle
 .bss           0x40001400        0x0 eeprom.o
 .bss           0x40001400       0x1c i2c.o
 .bss           0x4000141c        0x2 hw.o
 .bss           0x4000141e        0x0 startup/libea_startup_thumb.a(consol.o)
 .bss           0x4000141e        0x0 startup/libea_startup_thumb.a(framework.o)
 .bss           0x4000141e        0x0 startup/libea_startup_thumb.a(startup.o)
 .bss           0x4000141e        0x0 irq_code/irqUart.a(irqUart.o)
 *fill*         0x4000141e        0x2 00
 .bss           0x40001420       0x2c pre_emptive_os/pre_emptive_os.a(kernel.o)
                0x40001420                osLockNesting
                0x40001424                pNxtToRun
                0x40001428                pRunProc
                0x40001421                isrNesting
 .bss           0x4000144c        0x0 pre_emptive_os/pre_emptive_os.a(prioqueue.o)
 .bss           0x4000144c        0x0 pre_emptive_os/pre_emptive_os.a(count_sem.o)
 .bss           0x4000144c      0x348 pre_emptive_os/pre_emptive_os.a(timer.o)
 .bss           0x40001794        0x0 pre_emptive_os/pre_emptive_os.a(stack_usage.o)
 .bss           0x40001794        0x0 pre_emptive_os/pre_emptive_os.a(a7hal.o)
 .bss           0x40001794        0x0 pre_emptive_os/pre_emptive_os.a(a7hal_a.o)
 .bss           0x40001794        0x0 pre_emptive_os/pre_emptive_os.a(event.o)
 .bss           0x40001794        0x0 /cygdrive/c/program files/gnuarm/bin/../lib/gcc/arm-elf/4.1.1/interwork/libgcc.a(_udivsi3.o)
 .bss           0x40001794        0x0 /cygdrive/c/program files/gnuarm/bin/../lib/gcc/arm-elf/4.1.1/interwork/libgcc.a(_divsi3.o)
 .bss           0x40001794        0x0 /cygdrive/c/program files/gnuarm/bin/../lib/gcc/arm-elf/4.1.1/interwork/libgcc.a(_umodsi3.o)
 .bss           0x40001794        0x0 /cygdrive/c/program files/gnuarm/bin/../lib/gcc/arm-elf/4.1.1/interwork/libgcc.a(_modsi3.o)
 .bss           0x40001794        0x0 /cygdrive/c/program files/gnuarm/bin/../lib/gcc/arm-elf/4.1.1/interwork/libgcc.a(_dvmd_tls.o)
 .bss           0x40001794        0x0 /cygdrive/c/program files/gnuarm/bin/../lib/gcc/arm-elf/4.1.1/interwork/libgcc.a(_call_via_rX.o)
 .bss           0x40001794        0x0 /cygdrive/c/program files/gnuarm/bin/../lib/gcc/arm-elf/4.1.1/../../../../arm-elf/lib/interwork/libc.a(atoi.o)
 .bss           0x40001794        0x0 /cygdrive/c/program files/gnuarm/bin/../lib/gcc/arm-elf/4.1.1/../../../../arm-elf/lib/interwork/libc.a(memcmp.o)
 .bss           0x40001794        0x0 /cygdrive/c/program files/gnuarm/bin/../lib/gcc/arm-elf/4.1.1/../../../../arm-elf/lib/interwork/libc.a(memcpy.o)
 .bss           0x40001794        0x0 /cygdrive/c/program files/gnuarm/bin/../lib/gcc/arm-elf/4.1.1/../../../../arm-elf/lib/interwork/libc.a(rand.o)
 .bss           0x40001794        0x0 /cygdrive/c/program files/gnuarm/bin/../lib/gcc/arm-elf/4.1.1/../../../../arm-elf/lib/interwork/libc.a(strchr.o)
 .bss           0x40001794        0x0 /cygdrive/c/program files/gnuarm/bin/../lib/gcc/arm-elf/4.1.1/../../../../arm-elf/lib/interwork/libc.a(strlen.o)
 .bss           0x40001794        0x0 /cygdrive/c/program files/gnuarm/bin/../lib/gcc/arm-elf/4.1.1/../../../../arm-elf/lib/interwork/libc.a(strtol.o)
 .bss           0x40001794        0x0 /cygdrive/c/program files/gnuarm/bin/../lib/gcc/arm-elf/4.1.1/../../../../arm-elf/lib/interwork/libc.a(ctype_.o)
 .bss           0x40001794        0x0 /cygdrive/c/program files/gnuarm/bin/../lib/gcc/arm-elf/4.1.1/../../../../arm-elf/lib/interwork/libc.a(impure.o)
 *(COMMON)
 COMMON         0x40001794        0x4 main.o
                0x40001794                ms
 COMMON         0x40001798      0x51c uart.o
                0x40001798                uart1RxBuf
                0x40001b98                receiveSem
                0x40001bb4                uart1TxBuf
 COMMON         0x40001cb4        0x2 hw.o
                0x40001cb4                ver1_1
                0x40001cb5                ver1_0
 *fill*         0x40001cb6        0x2 00
 COMMON         0x40001cb8        0x8 startup/libea_startup_thumb.a(framework.o)
                0x40001cb8                pHeapEnd
                0x40001cbc                pHeapStart
 COMMON         0x40001cc0       0xc8 pre_emptive_os/pre_emptive_os.a(kernel.o)
                0x40001cc0                processControlBlocks
                0x40001d88                . = ALIGN (0x4)
                0x40001d88                . = ALIGN (0x4)
                0x40001d88                __bss_end = .
                0x40001d88                __bss_end__ = .
                0x40001d88                _end = .
                0x40001d88                PROVIDE (end, .)

.stab           0x00000000      0x600
 *(.stab)
 .stab          0x00000000      0x3c0 startup/libea_startup_thumb.a(startup.o)
 .stab          0x000003c0      0x240 pre_emptive_os/pre_emptive_os.a(a7hal_a.o)
                                0x24c (size before relaxing)

.stabstr        0x00000000       0x96
 *(.stabstr)
 .stabstr       0x00000000       0x96 startup/libea_startup_thumb.a(startup.o)

.stab.excl
 *(.stab.excl)

.stab.exclstr
 *(.stab.exclstr)

.stab.index
 *(.stab.index)

.stab.indexstr
 *(.stab.indexstr)

.comment        0x00000000      0x20a
 *(.comment)
 .comment       0x00000000       0x12 main.o
 .comment       0x00000012       0x12 lcd.o
 .comment       0x00000024       0x12 key.o
 .comment       0x00000036       0x12 select.o
 .comment       0x00000048       0x12 uart.o
 .comment       0x0000005a       0x12 bt.o
 .comment       0x0000006c       0x12 snake.o
 .comment       0x0000007e       0x12 eeprom.o
 .comment       0x00000090       0x12 i2c.o
 .comment       0x000000a2       0x12 hw.o
 .comment       0x000000b4       0x12 startup/libea_startup_thumb.a(consol.o)
 .comment       0x000000c6       0x12 startup/libea_startup_thumb.a(framework.o)
 .comment       0x000000d8       0x12 irq_code/irqUart.a(irqUart.o)
 .comment       0x000000ea       0x12 pre_emptive_os/pre_emptive_os.a(kernel.o)
 .comment       0x000000fc       0x12 pre_emptive_os/pre_emptive_os.a(prioqueue.o)
 .comment       0x0000010e       0x12 pre_emptive_os/pre_emptive_os.a(count_sem.o)
 .comment       0x00000120       0x12 pre_emptive_os/pre_emptive_os.a(timer.o)
 .comment       0x00000132       0x12 pre_emptive_os/pre_emptive_os.a(stack_usage.o)
 .comment       0x00000144       0x12 pre_emptive_os/pre_emptive_os.a(a7hal.o)
 .comment       0x00000156       0x12 pre_emptive_os/pre_emptive_os.a(event.o)
 .comment       0x00000168       0x12 /cygdrive/c/program files/gnuarm/bin/../lib/gcc/arm-elf/4.1.1/../../../../arm-elf/lib/interwork/libc.a(atoi.o)
 .comment       0x0000017a       0x12 /cygdrive/c/program files/gnuarm/bin/../lib/gcc/arm-elf/4.1.1/../../../../arm-elf/lib/interwork/libc.a(memcmp.o)
 .comment       0x0000018c       0x12 /cygdrive/c/program files/gnuarm/bin/../lib/gcc/arm-elf/4.1.1/../../../../arm-elf/lib/interwork/libc.a(memcpy.o)
 .comment       0x0000019e       0x12 /cygdrive/c/program files/gnuarm/bin/../lib/gcc/arm-elf/4.1.1/../../../../arm-elf/lib/interwork/libc.a(rand.o)
 .comment       0x000001b0       0x12 /cygdrive/c/program files/gnuarm/bin/../lib/gcc/arm-elf/4.1.1/../../../../arm-elf/lib/interwork/libc.a(strchr.o)
 .comment       0x000001c2       0x12 /cygdrive/c/program files/gnuarm/bin/../lib/gcc/arm-elf/4.1.1/../../../../arm-elf/lib/interwork/libc.a(strlen.o)
 .comment       0x000001d4       0x12 /cygdrive/c/program files/gnuarm/bin/../lib/gcc/arm-elf/4.1.1/../../../../arm-elf/lib/interwork/libc.a(strtol.o)
 .comment       0x000001e6       0x12 /cygdrive/c/program files/gnuarm/bin/../lib/gcc/arm-elf/4.1.1/../../../../arm-elf/lib/interwork/libc.a(ctype_.o)
 .comment       0x000001f8       0x12 /cygdrive/c/program files/gnuarm/bin/../lib/gcc/arm-elf/4.1.1/../../../../arm-elf/lib/interwork/libc.a(impure.o)

.debug
 *(.debug)

.line
 *(.line)

.debug_srcinfo
 *(.debug_srcinfo)

.debug_sfnames
 *(.debug_sfnames)

.debug_aranges  0x00000000      0x420
 *(.debug_aranges)
 .debug_aranges
                0x00000000       0x20 main.o
 .debug_aranges
                0x00000020       0x20 lcd.o
 .debug_aranges
                0x00000040       0x20 key.o
 .debug_aranges
                0x00000060       0x20 select.o
 .debug_aranges
                0x00000080       0x20 uart.o
 .debug_aranges
                0x000000a0       0x20 bt.o
 .debug_aranges
                0x000000c0       0x20 snake.o
 .debug_aranges
                0x000000e0       0x20 eeprom.o
 .debug_aranges
                0x00000100       0x20 i2c.o
 .debug_aranges
                0x00000120       0x20 hw.o
 .debug_aranges
                0x00000140       0x20 startup/libea_startup_thumb.a(consol.o)
 .debug_aranges
                0x00000160       0x20 startup/libea_startup_thumb.a(framework.o)
 .debug_aranges
                0x00000180       0x20 irq_code/irqUart.a(irqUart.o)
 .debug_aranges
                0x000001a0       0x20 pre_emptive_os/pre_emptive_os.a(kernel.o)
 .debug_aranges
                0x000001c0       0x20 pre_emptive_os/pre_emptive_os.a(prioqueue.o)
 .debug_aranges
                0x000001e0       0x20 pre_emptive_os/pre_emptive_os.a(count_sem.o)
 .debug_aranges
                0x00000200       0x20 pre_emptive_os/pre_emptive_os.a(timer.o)
 .debug_aranges
                0x00000220       0x20 pre_emptive_os/pre_emptive_os.a(stack_usage.o)
 .debug_aranges
                0x00000240       0x20 pre_emptive_os/pre_emptive_os.a(a7hal.o)
 .debug_aranges
                0x00000260       0x20 pre_emptive_os/pre_emptive_os.a(event.o)
 .debug_aranges
                0x00000280       0x20 /cygdrive/c/program files/gnuarm/bin/../lib/gcc/arm-elf/4.1.1/interwork/libgcc.a(_udivsi3.o)
 .debug_aranges
                0x000002a0       0x20 /cygdrive/c/program files/gnuarm/bin/../lib/gcc/arm-elf/4.1.1/interwork/libgcc.a(_divsi3.o)
 .debug_aranges
                0x000002c0       0x20 /cygdrive/c/program files/gnuarm/bin/../lib/gcc/arm-elf/4.1.1/interwork/libgcc.a(_umodsi3.o)
 .debug_aranges
                0x000002e0       0x20 /cygdrive/c/program files/gnuarm/bin/../lib/gcc/arm-elf/4.1.1/interwork/libgcc.a(_modsi3.o)
 .debug_aranges
                0x00000300       0x20 /cygdrive/c/program files/gnuarm/bin/../lib/gcc/arm-elf/4.1.1/interwork/libgcc.a(_dvmd_tls.o)
 .debug_aranges
                0x00000320       0x20 /cygdrive/c/program files/gnuarm/bin/../lib/gcc/arm-elf/4.1.1/interwork/libgcc.a(_call_via_rX.o)
 .debug_aranges
                0x00000340       0x20 /cygdrive/c/program files/gnuarm/bin/../lib/gcc/arm-elf/4.1.1/../../../../arm-elf/lib/interwork/libc.a(atoi.o)
 .debug_aranges
                0x00000360       0x20 /cygdrive/c/program files/gnuarm/bin/../lib/gcc/arm-elf/4.1.1/../../../../arm-elf/lib/interwork/libc.a(memcmp.o)
 .debug_aranges
                0x00000380       0x20 /cygdrive/c/program files/gnuarm/bin/../lib/gcc/arm-elf/4.1.1/../../../../arm-elf/lib/interwork/libc.a(memcpy.o)
 .debug_aranges
                0x000003a0       0x20 /cygdrive/c/program files/gnuarm/bin/../lib/gcc/arm-elf/4.1.1/../../../../arm-elf/lib/interwork/libc.a(rand.o)
 .debug_aranges
                0x000003c0       0x20 /cygdrive/c/program files/gnuarm/bin/../lib/gcc/arm-elf/4.1.1/../../../../arm-elf/lib/interwork/libc.a(strchr.o)
 .debug_aranges
                0x000003e0       0x20 /cygdrive/c/program files/gnuarm/bin/../lib/gcc/arm-elf/4.1.1/../../../../arm-elf/lib/interwork/libc.a(strlen.o)
 .debug_aranges
                0x00000400       0x20 /cygdrive/c/program files/gnuarm/bin/../lib/gcc/arm-elf/4.1.1/../../../../arm-elf/lib/interwork/libc.a(strtol.o)

.debug_pubnames
                0x00000000      0xcec
 *(.debug_pubnames)
 .debug_pubnames
                0x00000000       0xba main.o
 .debug_pubnames
                0x000000ba       0xe5 lcd.o
 .debug_pubnames
                0x0000019f       0x4b key.o
 .debug_pubnames
                0x000001ea       0x1f select.o
 .debug_pubnames
                0x00000209      0x12d uart.o
 .debug_pubnames
                0x00000336       0x58 bt.o
 .debug_pubnames
                0x0000038e       0x86 snake.o
 .debug_pubnames
                0x00000414       0x71 eeprom.o
 .debug_pubnames
                0x00000485       0xee i2c.o
 .debug_pubnames
                0x00000573       0xa8 hw.o
 .debug_pubnames
                0x0000061b       0xda startup/libea_startup_thumb.a(consol.o)
 .debug_pubnames
                0x000006f5       0x63 startup/libea_startup_thumb.a(framework.o)
 .debug_pubnames
                0x00000758       0x39 irq_code/irqUart.a(irqUart.o)
 .debug_pubnames
                0x00000791      0x17f pre_emptive_os/pre_emptive_os.a(kernel.o)
 .debug_pubnames
                0x00000910       0x76 pre_emptive_os/pre_emptive_os.a(prioqueue.o)
 .debug_pubnames
                0x00000986       0x4d pre_emptive_os/pre_emptive_os.a(count_sem.o)
 .debug_pubnames
                0x000009d3       0x55 pre_emptive_os/pre_emptive_os.a(timer.o)
 .debug_pubnames
                0x00000a28       0x4e pre_emptive_os/pre_emptive_os.a(stack_usage.o)
 .debug_pubnames
                0x00000a76       0xc1 pre_emptive_os/pre_emptive_os.a(a7hal.o)
 .debug_pubnames
                0x00000b37       0x63 pre_emptive_os/pre_emptive_os.a(event.o)
 .debug_pubnames
                0x00000b9a       0x27 /cygdrive/c/program files/gnuarm/bin/../lib/gcc/arm-elf/4.1.1/../../../../arm-elf/lib/interwork/libc.a(atoi.o)
 .debug_pubnames
                0x00000bc1       0x1d /cygdrive/c/program files/gnuarm/bin/../lib/gcc/arm-elf/4.1.1/../../../../arm-elf/lib/interwork/libc.a(memcmp.o)
 .debug_pubnames
                0x00000bde       0x1d /cygdrive/c/program files/gnuarm/bin/../lib/gcc/arm-elf/4.1.1/../../../../arm-elf/lib/interwork/libc.a(memcpy.o)
 .debug_pubnames
                0x00000bfb       0x25 /cygdrive/c/program files/gnuarm/bin/../lib/gcc/arm-elf/4.1.1/../../../../arm-elf/lib/interwork/libc.a(rand.o)
 .debug_pubnames
                0x00000c20       0x1d /cygdrive/c/program files/gnuarm/bin/../lib/gcc/arm-elf/4.1.1/../../../../arm-elf/lib/interwork/libc.a(strchr.o)
 .debug_pubnames
                0x00000c3d       0x1d /cygdrive/c/program files/gnuarm/bin/../lib/gcc/arm-elf/4.1.1/../../../../arm-elf/lib/interwork/libc.a(strlen.o)
 .debug_pubnames
                0x00000c5a       0x2b /cygdrive/c/program files/gnuarm/bin/../lib/gcc/arm-elf/4.1.1/../../../../arm-elf/lib/interwork/libc.a(strtol.o)
 .debug_pubnames
                0x00000c85       0x2e /cygdrive/c/program files/gnuarm/bin/../lib/gcc/arm-elf/4.1.1/../../../../arm-elf/lib/interwork/libc.a(ctype_.o)
 .debug_pubnames
                0x00000cb3       0x39 /cygdrive/c/program files/gnuarm/bin/../lib/gcc/arm-elf/4.1.1/../../../../arm-elf/lib/interwork/libc.a(impure.o)

.debug_info     0x00000000     0x8016
 *(.debug_info .gnu.linkonce.wi.*)
 .debug_info    0x00000000      0x398 main.o
 .debug_info    0x00000398      0x58f lcd.o
 .debug_info    0x00000927      0x23b key.o
 .debug_info    0x00000b62      0x203 select.o
 .debug_info    0x00000d65      0x499 uart.o
 .debug_info    0x000011fe      0xc44 bt.o
 .debug_info    0x00001e42      0x640 snake.o
 .debug_info    0x00002482      0x30f eeprom.o
 .debug_info    0x00002791      0x648 i2c.o
 .debug_info    0x00002dd9      0x2d7 hw.o
 .debug_info    0x000030b0      0x584 startup/libea_startup_thumb.a(consol.o)
 .debug_info    0x00003634      0x1e4 startup/libea_startup_thumb.a(framework.o)
 .debug_info    0x00003818      0x35b irq_code/irqUart.a(irqUart.o)
 .debug_info    0x00003b73      0x5fe pre_emptive_os/pre_emptive_os.a(kernel.o)
 .debug_info    0x00004171      0x2e8 pre_emptive_os/pre_emptive_os.a(prioqueue.o)
 .debug_info    0x00004459      0x32b pre_emptive_os/pre_emptive_os.a(count_sem.o)
 .debug_info    0x00004784      0x4b8 pre_emptive_os/pre_emptive_os.a(timer.o)
 .debug_info    0x00004c3c      0x2cf pre_emptive_os/pre_emptive_os.a(stack_usage.o)
 .debug_info    0x00004f0b      0x189 pre_emptive_os/pre_emptive_os.a(a7hal.o)
 .debug_info    0x00005094      0x2ee pre_emptive_os/pre_emptive_os.a(event.o)
 .debug_info    0x00005382       0x68 /cygdrive/c/program files/gnuarm/bin/../lib/gcc/arm-elf/4.1.1/interwork/libgcc.a(_udivsi3.o)
 .debug_info    0x000053ea       0x68 /cygdrive/c/program files/gnuarm/bin/../lib/gcc/arm-elf/4.1.1/interwork/libgcc.a(_divsi3.o)
 .debug_info    0x00005452       0x68 /cygdrive/c/program files/gnuarm/bin/../lib/gcc/arm-elf/4.1.1/interwork/libgcc.a(_umodsi3.o)
 .debug_info    0x000054ba       0x68 /cygdrive/c/program files/gnuarm/bin/../lib/gcc/arm-elf/4.1.1/interwork/libgcc.a(_modsi3.o)
 .debug_info    0x00005522       0x68 /cygdrive/c/program files/gnuarm/bin/../lib/gcc/arm-elf/4.1.1/interwork/libgcc.a(_dvmd_tls.o)
 .debug_info    0x0000558a       0x68 /cygdrive/c/program files/gnuarm/bin/../lib/gcc/arm-elf/4.1.1/interwork/libgcc.a(_call_via_rX.o)
 .debug_info    0x000055f2      0x949 /cygdrive/c/program files/gnuarm/bin/../lib/gcc/arm-elf/4.1.1/../../../../arm-elf/lib/interwork/libc.a(atoi.o)
 .debug_info    0x00005f3b      0x110 /cygdrive/c/program files/gnuarm/bin/../lib/gcc/arm-elf/4.1.1/../../../../arm-elf/lib/interwork/libc.a(memcmp.o)
 .debug_info    0x0000604b      0x10a /cygdrive/c/program files/gnuarm/bin/../lib/gcc/arm-elf/4.1.1/../../../../arm-elf/lib/interwork/libc.a(memcpy.o)
 .debug_info    0x00006155      0x934 /cygdrive/c/program files/gnuarm/bin/../lib/gcc/arm-elf/4.1.1/../../../../arm-elf/lib/interwork/libc.a(rand.o)
 .debug_info    0x00006a89      0x10f /cygdrive/c/program files/gnuarm/bin/../lib/gcc/arm-elf/4.1.1/../../../../arm-elf/lib/interwork/libc.a(strchr.o)
 .debug_info    0x00006b98       0xd4 /cygdrive/c/program files/gnuarm/bin/../lib/gcc/arm-elf/4.1.1/../../../../arm-elf/lib/interwork/libc.a(strlen.o)
 .debug_info    0x00006c6c      0xa0f /cygdrive/c/program files/gnuarm/bin/../lib/gcc/arm-elf/4.1.1/../../../../arm-elf/lib/interwork/libc.a(strtol.o)
 .debug_info    0x0000767b       0x79 /cygdrive/c/program files/gnuarm/bin/../lib/gcc/arm-elf/4.1.1/../../../../arm-elf/lib/interwork/libc.a(ctype_.o)
 .debug_info    0x000076f4      0x922 /cygdrive/c/program files/gnuarm/bin/../lib/gcc/arm-elf/4.1.1/../../../../arm-elf/lib/interwork/libc.a(impure.o)

.debug_abbrev   0x00000000     0x25a5
 *(.debug_abbrev)
 .debug_abbrev  0x00000000      0x19b main.o
 .debug_abbrev  0x0000019b      0x1bf lcd.o
 .debug_abbrev  0x0000035a      0x120 key.o
 .debug_abbrev  0x0000047a       0xe5 select.o
 .debug_abbrev  0x0000055f      0x132 uart.o
 .debug_abbrev  0x00000691      0x267 bt.o
 .debug_abbrev  0x000008f8      0x214 snake.o
 .debug_abbrev  0x00000b0c       0xfd eeprom.o
 .debug_abbrev  0x00000c09      0x1fa i2c.o
 .debug_abbrev  0x00000e03      0x13c hw.o
 .debug_abbrev  0x00000f3f      0x2a4 startup/libea_startup_thumb.a(consol.o)
 .debug_abbrev  0x000011e3       0xd0 startup/libea_startup_thumb.a(framework.o)
 .debug_abbrev  0x000012b3      0x13e irq_code/irqUart.a(irqUart.o)
 .debug_abbrev  0x000013f1      0x1b8 pre_emptive_os/pre_emptive_os.a(kernel.o)
 .debug_abbrev  0x000015a9      0x11e pre_emptive_os/pre_emptive_os.a(prioqueue.o)
 .debug_abbrev  0x000016c7      0x101 pre_emptive_os/pre_emptive_os.a(count_sem.o)
 .debug_abbrev  0x000017c8      0x154 pre_emptive_os/pre_emptive_os.a(timer.o)
 .debug_abbrev  0x0000191c      0x170 pre_emptive_os/pre_emptive_os.a(stack_usage.o)
 .debug_abbrev  0x00001a8c       0xf2 pre_emptive_os/pre_emptive_os.a(a7hal.o)
 .debug_abbrev  0x00001b7e      0x103 pre_emptive_os/pre_emptive_os.a(event.o)
 .debug_abbrev  0x00001c81       0x14 /cygdrive/c/program files/gnuarm/bin/../lib/gcc/arm-elf/4.1.1/interwork/libgcc.a(_udivsi3.o)
 .debug_abbrev  0x00001c95       0x14 /cygdrive/c/program files/gnuarm/bin/../lib/gcc/arm-elf/4.1.1/interwork/libgcc.a(_divsi3.o)
 .debug_abbrev  0x00001ca9       0x14 /cygdrive/c/program files/gnuarm/bin/../lib/gcc/arm-elf/4.1.1/interwork/libgcc.a(_umodsi3.o)
 .debug_abbrev  0x00001cbd       0x14 /cygdrive/c/program files/gnuarm/bin/../lib/gcc/arm-elf/4.1.1/interwork/libgcc.a(_modsi3.o)
 .debug_abbrev  0x00001cd1       0x14 /cygdrive/c/program files/gnuarm/bin/../lib/gcc/arm-elf/4.1.1/interwork/libgcc.a(_dvmd_tls.o)
 .debug_abbrev  0x00001ce5       0x14 /cygdrive/c/program files/gnuarm/bin/../lib/gcc/arm-elf/4.1.1/interwork/libgcc.a(_call_via_rX.o)
 .debug_abbrev  0x00001cf9      0x176 /cygdrive/c/program files/gnuarm/bin/../lib/gcc/arm-elf/4.1.1/../../../../arm-elf/lib/interwork/libc.a(atoi.o)
 .debug_abbrev  0x00001e6f       0x7c /cygdrive/c/program files/gnuarm/bin/../lib/gcc/arm-elf/4.1.1/../../../../arm-elf/lib/interwork/libc.a(memcmp.o)
 .debug_abbrev  0x00001eeb       0xa6 /cygdrive/c/program files/gnuarm/bin/../lib/gcc/arm-elf/4.1.1/../../../../arm-elf/lib/interwork/libc.a(memcpy.o)
 .debug_abbrev  0x00001f91      0x185 /cygdrive/c/program files/gnuarm/bin/../lib/gcc/arm-elf/4.1.1/../../../../arm-elf/lib/interwork/libc.a(rand.o)
 .debug_abbrev  0x00002116       0x9e /cygdrive/c/program files/gnuarm/bin/../lib/gcc/arm-elf/4.1.1/../../../../arm-elf/lib/interwork/libc.a(strchr.o)
 .debug_abbrev  0x000021b4       0x8b /cygdrive/c/program files/gnuarm/bin/../lib/gcc/arm-elf/4.1.1/../../../../arm-elf/lib/interwork/libc.a(strlen.o)
 .debug_abbrev  0x0000223f      0x1bd /cygdrive/c/program files/gnuarm/bin/../lib/gcc/arm-elf/4.1.1/../../../../arm-elf/lib/interwork/libc.a(strtol.o)
 .debug_abbrev  0x000023fc       0x52 /cygdrive/c/program files/gnuarm/bin/../lib/gcc/arm-elf/4.1.1/../../../../arm-elf/lib/interwork/libc.a(ctype_.o)
 .debug_abbrev  0x0000244e      0x157 /cygdrive/c/program files/gnuarm/bin/../lib/gcc/arm-elf/4.1.1/../../../../arm-elf/lib/interwork/libc.a(impure.o)

.debug_line     0x00000000     0x2190
 *(.debug_line)
 .debug_line    0x00000000      0x17f main.o
 .debug_line    0x0000017f      0x183 lcd.o
 .debug_line    0x00000302       0xb8 key.o
 .debug_line    0x000003ba       0xa6 select.o
 .debug_line    0x00000460      0x112 uart.o
 .debug_line    0x00000572      0x36c bt.o
 .debug_line    0x000008de      0x1a5 snake.o
 .debug_line    0x00000a83      0x135 eeprom.o
 .debug_line    0x00000bb8      0x162 i2c.o
 .debug_line    0x00000d1a      0x12f hw.o
 .debug_line    0x00000e49      0x198 startup/libea_startup_thumb.a(consol.o)
 .debug_line    0x00000fe1       0xd7 startup/libea_startup_thumb.a(framework.o)
 .debug_line    0x000010b8       0xd2 irq_code/irqUart.a(irqUart.o)
 .debug_line    0x0000118a      0x177 pre_emptive_os/pre_emptive_os.a(kernel.o)
 .debug_line    0x00001301       0xbb pre_emptive_os/pre_emptive_os.a(prioqueue.o)
 .debug_line    0x000013bc       0xd9 pre_emptive_os/pre_emptive_os.a(count_sem.o)
 .debug_line    0x00001495      0x109 pre_emptive_os/pre_emptive_os.a(timer.o)
 .debug_line    0x0000159e       0x97 pre_emptive_os/pre_emptive_os.a(stack_usage.o)
 .debug_line    0x00001635       0x8c pre_emptive_os/pre_emptive_os.a(a7hal.o)
 .debug_line    0x000016c1       0xaf pre_emptive_os/pre_emptive_os.a(event.o)
 .debug_line    0x00001770       0x84 /cygdrive/c/program files/gnuarm/bin/../lib/gcc/arm-elf/4.1.1/interwork/libgcc.a(_udivsi3.o)
 .debug_line    0x000017f4       0x90 /cygdrive/c/program files/gnuarm/bin/../lib/gcc/arm-elf/4.1.1/interwork/libgcc.a(_divsi3.o)
 .debug_line    0x00001884       0x6e /cygdrive/c/program files/gnuarm/bin/../lib/gcc/arm-elf/4.1.1/interwork/libgcc.a(_umodsi3.o)
 .debug_line    0x000018f2       0x74 /cygdrive/c/program files/gnuarm/bin/../lib/gcc/arm-elf/4.1.1/interwork/libgcc.a(_modsi3.o)
 .debug_line    0x00001966       0x5d /cygdrive/c/program files/gnuarm/bin/../lib/gcc/arm-elf/4.1.1/interwork/libgcc.a(_dvmd_tls.o)
 .debug_line    0x000019c3       0x6b /cygdrive/c/program files/gnuarm/bin/../lib/gcc/arm-elf/4.1.1/interwork/libgcc.a(_call_via_rX.o)
 .debug_line    0x00001a2e       0xf9 /cygdrive/c/program files/gnuarm/bin/../lib/gcc/arm-elf/4.1.1/../../../../arm-elf/lib/interwork/libc.a(atoi.o)
 .debug_line    0x00001b27       0xc7 /cygdrive/c/program files/gnuarm/bin/../lib/gcc/arm-elf/4.1.1/../../../../arm-elf/lib/interwork/libc.a(memcmp.o)
 .debug_line    0x00001bee       0xc8 /cygdrive/c/program files/gnuarm/bin/../lib/gcc/arm-elf/4.1.1/../../../../arm-elf/lib/interwork/libc.a(memcpy.o)
 .debug_line    0x00001cb6       0xf9 /cygdrive/c/program files/gnuarm/bin/../lib/gcc/arm-elf/4.1.1/../../../../arm-elf/lib/interwork/libc.a(rand.o)
 .debug_line    0x00001daf       0x81 /cygdrive/c/program files/gnuarm/bin/../lib/gcc/arm-elf/4.1.1/../../../../arm-elf/lib/interwork/libc.a(strchr.o)
 .debug_line    0x00001e30       0xaf /cygdrive/c/program files/gnuarm/bin/../lib/gcc/arm-elf/4.1.1/../../../../arm-elf/lib/interwork/libc.a(strlen.o)
 .debug_line    0x00001edf      0x173 /cygdrive/c/program files/gnuarm/bin/../lib/gcc/arm-elf/4.1.1/../../../../arm-elf/lib/interwork/libc.a(strtol.o)
 .debug_line    0x00002052       0x5b /cygdrive/c/program files/gnuarm/bin/../lib/gcc/arm-elf/4.1.1/../../../../arm-elf/lib/interwork/libc.a(ctype_.o)
 .debug_line    0x000020ad       0xe3 /cygdrive/c/program files/gnuarm/bin/../lib/gcc/arm-elf/4.1.1/../../../../arm-elf/lib/interwork/libc.a(impure.o)

.debug_frame    0x00000000     0x13b8
 *(.debug_frame)
 .debug_frame   0x00000000       0xa8 main.o
 .debug_frame   0x000000a8      0x1b8 lcd.o
 .debug_frame   0x00000260       0x80 key.o
 .debug_frame   0x000002e0       0x54 select.o
 .debug_frame   0x00000334       0xe8 uart.o
 .debug_frame   0x0000041c      0x19c bt.o
 .debug_frame   0x000005b8      0x140 snake.o
 .debug_frame   0x000006f8       0xc4 eeprom.o
 .debug_frame   0x000007bc      0x140 i2c.o
 .debug_frame   0x000008fc       0xf8 hw.o
 .debug_frame   0x000009f4      0x150 startup/libea_startup_thumb.a(consol.o)
 .debug_frame   0x00000b44       0xd8 startup/libea_startup_thumb.a(framework.o)
 .debug_frame   0x00000c1c       0x4c irq_code/irqUart.a(irqUart.o)
 .debug_frame   0x00000c68      0x1e8 pre_emptive_os/pre_emptive_os.a(kernel.o)
 .debug_frame   0x00000e50       0x8c pre_emptive_os/pre_emptive_os.a(prioqueue.o)
 .debug_frame   0x00000edc       0x84 pre_emptive_os/pre_emptive_os.a(count_sem.o)
 .debug_frame   0x00000f60       0xb8 pre_emptive_os/pre_emptive_os.a(timer.o)
 .debug_frame   0x00001018       0x58 pre_emptive_os/pre_emptive_os.a(stack_usage.o)
 .debug_frame   0x00001070       0xa0 pre_emptive_os/pre_emptive_os.a(a7hal.o)
 .debug_frame   0x00001110       0x94 pre_emptive_os/pre_emptive_os.a(event.o)
 .debug_frame   0x000011a4       0x2c /cygdrive/c/program files/gnuarm/bin/../lib/gcc/arm-elf/4.1.1/interwork/libgcc.a(_udivsi3.o)
 .debug_frame   0x000011d0       0x2c /cygdrive/c/program files/gnuarm/bin/../lib/gcc/arm-elf/4.1.1/interwork/libgcc.a(_divsi3.o)
 .debug_frame   0x000011fc       0x2c /cygdrive/c/program files/gnuarm/bin/../lib/gcc/arm-elf/4.1.1/interwork/libgcc.a(_umodsi3.o)
 .debug_frame   0x00001228       0x2c /cygdrive/c/program files/gnuarm/bin/../lib/gcc/arm-elf/4.1.1/interwork/libgcc.a(_modsi3.o)
 .debug_frame   0x00001254       0x40 /cygdrive/c/program files/gnuarm/bin/../lib/gcc/arm-elf/4.1.1/../../../../arm-elf/lib/interwork/libc.a(atoi.o)
 .debug_frame   0x00001294       0x28 /cygdrive/c/program files/gnuarm/bin/../lib/gcc/arm-elf/4.1.1/../../../../arm-elf/lib/interwork/libc.a(memcmp.o)
 .debug_frame   0x000012bc       0x28 /cygdrive/c/program files/gnuarm/bin/../lib/gcc/arm-elf/4.1.1/../../../../arm-elf/lib/interwork/libc.a(memcpy.o)
 .debug_frame   0x000012e4       0x3c /cygdrive/c/program files/gnuarm/bin/../lib/gcc/arm-elf/4.1.1/../../../../arm-elf/lib/interwork/libc.a(rand.o)
 .debug_frame   0x00001320       0x28 /cygdrive/c/program files/gnuarm/bin/../lib/gcc/arm-elf/4.1.1/../../../../arm-elf/lib/interwork/libc.a(strchr.o)
 .debug_frame   0x00001348       0x20 /cygdrive/c/program files/gnuarm/bin/../lib/gcc/arm-elf/4.1.1/../../../../arm-elf/lib/interwork/libc.a(strlen.o)
 .debug_frame   0x00001368       0x50 /cygdrive/c/program files/gnuarm/bin/../lib/gcc/arm-elf/4.1.1/../../../../arm-elf/lib/interwork/libc.a(strtol.o)

.debug_str      0x00000000     0x1d2f
 *(.debug_str)
 .debug_str     0x00000000      0x1ac main.o
                                0x1e5 (size before relaxing)
 .debug_str     0x000001ac      0x142 lcd.o
                                0x1f7 (size before relaxing)
 .debug_str     0x000002ee      0x102 key.o
                                0x1b9 (size before relaxing)
 .debug_str     0x000003f0       0x98 select.o
                                0x1b1 (size before relaxing)
 .debug_str     0x00000488      0x219 uart.o
                                0x2ef (size before relaxing)
 .debug_str     0x000006a1      0x215 bt.o
                                0x4ad (size before relaxing)
 .debug_str     0x000008b6      0x1d6 snake.o
                                0x2d1 (size before relaxing)
 .debug_str     0x00000a8c       0x87 eeprom.o
                                0x136 (size before relaxing)
 .debug_str     0x00000b13       0xb1 i2c.o
                                0x280 (size before relaxing)
 .debug_str     0x00000bc4       0xf7 hw.o
                                0x1c4 (size before relaxing)
 .debug_str     0x00000cbb      0x1a4 startup/libea_startup_thumb.a(consol.o)
                                0x264 (size before relaxing)
 .debug_str     0x00000e5f       0xdd startup/libea_startup_thumb.a(framework.o)
                                0x160 (size before relaxing)
 .debug_str     0x00000f3c       0xaa irq_code/irqUart.a(irqUart.o)
                                0x28b (size before relaxing)
 .debug_str     0x00000fe6      0x22c pre_emptive_os/pre_emptive_os.a(kernel.o)
                                0x359 (size before relaxing)
 .debug_str     0x00001212       0x7d pre_emptive_os/pre_emptive_os.a(prioqueue.o)
                                0x241 (size before relaxing)
 .debug_str     0x0000128f       0x51 pre_emptive_os/pre_emptive_os.a(count_sem.o)
                                0x256 (size before relaxing)
 .debug_str     0x000012e0       0xe2 pre_emptive_os/pre_emptive_os.a(timer.o)
                                0x2f2 (size before relaxing)
 .debug_str     0x000013c2       0x70 pre_emptive_os/pre_emptive_os.a(stack_usage.o)
                                0x226 (size before relaxing)
 .debug_str     0x00001432      0x153 pre_emptive_os/pre_emptive_os.a(a7hal.o)
                                0x1d8 (size before relaxing)
 .debug_str     0x00001585       0x51 pre_emptive_os/pre_emptive_os.a(event.o)
                                0x260 (size before relaxing)
 .debug_str     0x000015d6      0x409 /cygdrive/c/program files/gnuarm/bin/../lib/gcc/arm-elf/4.1.1/../../../../arm-elf/lib/interwork/libc.a(atoi.o)
                                0x49e (size before relaxing)
 .debug_str     0x000019df       0x83 /cygdrive/c/program files/gnuarm/bin/../lib/gcc/arm-elf/4.1.1/../../../../arm-elf/lib/interwork/libc.a(memcmp.o)
                                0x10c (size before relaxing)
 .debug_str     0x00001a62       0x6a /cygdrive/c/program files/gnuarm/bin/../lib/gcc/arm-elf/4.1.1/../../../../arm-elf/lib/interwork/libc.a(memcpy.o)
                                 0xd6 (size before relaxing)
 .debug_str     0x00001acc       0x40 /cygdrive/c/program files/gnuarm/bin/../lib/gcc/arm-elf/4.1.1/../../../../arm-elf/lib/interwork/libc.a(rand.o)
                                0x4ad (size before relaxing)
 .debug_str     0x00001b0c       0x55 /cygdrive/c/program files/gnuarm/bin/../lib/gcc/arm-elf/4.1.1/../../../../arm-elf/lib/interwork/libc.a(strchr.o)
                                0x117 (size before relaxing)
 .debug_str     0x00001b61       0x49 /cygdrive/c/program files/gnuarm/bin/../lib/gcc/arm-elf/4.1.1/../../../../arm-elf/lib/interwork/libc.a(strlen.o)
                                0x11f (size before relaxing)
 .debug_str     0x00001baa       0x78 /cygdrive/c/program files/gnuarm/bin/../lib/gcc/arm-elf/4.1.1/../../../../arm-elf/lib/interwork/libc.a(strtol.o)
                                0x4e0 (size before relaxing)
 .debug_str     0x00001c22       0x7b /cygdrive/c/program files/gnuarm/bin/../lib/gcc/arm-elf/4.1.1/../../../../arm-elf/lib/interwork/libc.a(ctype_.o)
                                 0xaa (size before relaxing)
 .debug_str     0x00001c9d       0x92 /cygdrive/c/program files/gnuarm/bin/../lib/gcc/arm-elf/4.1.1/../../../../arm-elf/lib/interwork/libc.a(impure.o)
                                0x4bc (size before relaxing)

.debug_loc      0x00000000     0x3187
 *(.debug_loc)
 .debug_loc     0x00000000      0x160 main.o
 .debug_loc     0x00000160      0x783 lcd.o
 .debug_loc     0x000008e3       0x9a key.o
 .debug_loc     0x0000097d       0x9d select.o
 .debug_loc     0x00000a1a      0x274 uart.o
 .debug_loc     0x00000c8e      0x818 bt.o
 .debug_loc     0x000014a6      0x418 snake.o
 .debug_loc     0x000018be      0x451 eeprom.o
 .debug_loc     0x00001d0f      0x47b i2c.o
 .debug_loc     0x0000218a      0x21b hw.o
 .debug_loc     0x000023a5      0x5ee startup/libea_startup_thumb.a(consol.o)
 .debug_loc     0x00002993      0x193 startup/libea_startup_thumb.a(framework.o)
 .debug_loc     0x00002b26       0x8a irq_code/irqUart.a(irqUart.o)
 .debug_loc     0x00002bb0       0x77 /cygdrive/c/program files/gnuarm/bin/../lib/gcc/arm-elf/4.1.1/../../../../arm-elf/lib/interwork/libc.a(atoi.o)
 .debug_loc     0x00002c27      0x13e /cygdrive/c/program files/gnuarm/bin/../lib/gcc/arm-elf/4.1.1/../../../../arm-elf/lib/interwork/libc.a(memcmp.o)
 .debug_loc     0x00002d65       0xfc /cygdrive/c/program files/gnuarm/bin/../lib/gcc/arm-elf/4.1.1/../../../../arm-elf/lib/interwork/libc.a(memcpy.o)
 .debug_loc     0x00002e61       0x1f /cygdrive/c/program files/gnuarm/bin/../lib/gcc/arm-elf/4.1.1/../../../../arm-elf/lib/interwork/libc.a(rand.o)
 .debug_loc     0x00002e80       0xb5 /cygdrive/c/program files/gnuarm/bin/../lib/gcc/arm-elf/4.1.1/../../../../arm-elf/lib/interwork/libc.a(strchr.o)
 .debug_loc     0x00002f35       0x47 /cygdrive/c/program files/gnuarm/bin/../lib/gcc/arm-elf/4.1.1/../../../../arm-elf/lib/interwork/libc.a(strlen.o)
 .debug_loc     0x00002f7c      0x20b /cygdrive/c/program files/gnuarm/bin/../lib/gcc/arm-elf/4.1.1/../../../../arm-elf/lib/interwork/libc.a(strtol.o)

.debug_macinfo
 *(.debug_macinfo)

.debug_weaknames
 *(.debug_weaknames)

.debug_funcnames
 *(.debug_funcnames)

.debug_typenames
 *(.debug_typenames)

.debug_varnames
 *(.debug_varnames)
OUTPUT(lpc2104_color_lcd_v1.9.elf elf32-littlearm)

.debug_ranges   0x00000000      0x1e0
 .debug_ranges  0x00000000      0x198 bt.o
 .debug_ranges  0x00000198       0x48 snake.o

Cross Reference Table

Symbol                                            File
____divsi3_change_to_arm                          /cygdrive/c/program files/gnuarm/bin/../lib/gcc/arm-elf/4.1.1/../../../../arm-elf/lib/interwork/libc.a(impure.o)
____divsi3_from_thumb                             /cygdrive/c/program files/gnuarm/bin/../lib/gcc/arm-elf/4.1.1/../../../../arm-elf/lib/interwork/libc.a(impure.o)
____modsi3_change_to_arm                          /cygdrive/c/program files/gnuarm/bin/../lib/gcc/arm-elf/4.1.1/../../../../arm-elf/lib/interwork/libc.a(impure.o)
____modsi3_from_thumb                             /cygdrive/c/program files/gnuarm/bin/../lib/gcc/arm-elf/4.1.1/../../../../arm-elf/lib/interwork/libc.a(impure.o)
____udivsi3_change_to_arm                         /cygdrive/c/program files/gnuarm/bin/../lib/gcc/arm-elf/4.1.1/../../../../arm-elf/lib/interwork/libc.a(impure.o)
____udivsi3_from_thumb                            /cygdrive/c/program files/gnuarm/bin/../lib/gcc/arm-elf/4.1.1/../../../../arm-elf/lib/interwork/libc.a(impure.o)
____umodsi3_change_to_arm                         /cygdrive/c/program files/gnuarm/bin/../lib/gcc/arm-elf/4.1.1/../../../../arm-elf/lib/interwork/libc.a(impure.o)
____umodsi3_from_thumb                            /cygdrive/c/program files/gnuarm/bin/../lib/gcc/arm-elf/4.1.1/../../../../arm-elf/lib/interwork/libc.a(impure.o)
__aeabi_idiv                                      /cygdrive/c/program files/gnuarm/bin/../lib/gcc/arm-elf/4.1.1/interwork/libgcc.a(_divsi3.o)
__aeabi_idiv0                                     /cygdrive/c/program files/gnuarm/bin/../lib/gcc/arm-elf/4.1.1/interwork/libgcc.a(_dvmd_tls.o)
__aeabi_idivmod                                   /cygdrive/c/program files/gnuarm/bin/../lib/gcc/arm-elf/4.1.1/interwork/libgcc.a(_divsi3.o)
__aeabi_ldiv0                                     /cygdrive/c/program files/gnuarm/bin/../lib/gcc/arm-elf/4.1.1/interwork/libgcc.a(_dvmd_tls.o)
__aeabi_uidiv                                     /cygdrive/c/program files/gnuarm/bin/../lib/gcc/arm-elf/4.1.1/interwork/libgcc.a(_udivsi3.o)
__aeabi_uidivmod                                  /cygdrive/c/program files/gnuarm/bin/../lib/gcc/arm-elf/4.1.1/interwork/libgcc.a(_udivsi3.o)
__bss_end__                                       startup/libea_startup_thumb.a(startup.o)
__bss_start__                                     startup/libea_startup_thumb.a(startup.o)
__consolGetChar_change_to_arm                     /cygdrive/c/program files/gnuarm/bin/../lib/gcc/arm-elf/4.1.1/../../../../arm-elf/lib/interwork/libc.a(impure.o)
__consolGetChar_from_thumb                        /cygdrive/c/program files/gnuarm/bin/../lib/gcc/arm-elf/4.1.1/../../../../arm-elf/lib/interwork/libc.a(impure.o)
__ctxSwitchIsr_oshal_change_to_arm                /cygdrive/c/program files/gnuarm/bin/../lib/gcc/arm-elf/4.1.1/../../../../arm-elf/lib/interwork/libc.a(impure.o)
__ctxSwitchIsr_oshal_from_thumb                   /cygdrive/c/program files/gnuarm/bin/../lib/gcc/arm-elf/4.1.1/../../../../arm-elf/lib/interwork/libc.a(impure.o)
__ctxSwitch_oshal_change_to_arm                   /cygdrive/c/program files/gnuarm/bin/../lib/gcc/arm-elf/4.1.1/../../../../arm-elf/lib/interwork/libc.a(impure.o)
__ctxSwitch_oshal_from_thumb                      /cygdrive/c/program files/gnuarm/bin/../lib/gcc/arm-elf/4.1.1/../../../../arm-elf/lib/interwork/libc.a(impure.o)
__ctype_ptr                                       /cygdrive/c/program files/gnuarm/bin/../lib/gcc/arm-elf/4.1.1/../../../../arm-elf/lib/interwork/libc.a(ctype_.o)
                                                  /cygdrive/c/program files/gnuarm/bin/../lib/gcc/arm-elf/4.1.1/../../../../arm-elf/lib/interwork/libc.a(strtol.o)
__disIrq_change_to_arm                            /cygdrive/c/program files/gnuarm/bin/../lib/gcc/arm-elf/4.1.1/../../../../arm-elf/lib/interwork/libc.a(impure.o)
__disIrq_from_thumb                               /cygdrive/c/program files/gnuarm/bin/../lib/gcc/arm-elf/4.1.1/../../../../arm-elf/lib/interwork/libc.a(impure.o)
__div0                                            /cygdrive/c/program files/gnuarm/bin/../lib/gcc/arm-elf/4.1.1/interwork/libgcc.a(_dvmd_tls.o)
                                                  /cygdrive/c/program files/gnuarm/bin/../lib/gcc/arm-elf/4.1.1/interwork/libgcc.a(_modsi3.o)
                                                  /cygdrive/c/program files/gnuarm/bin/../lib/gcc/arm-elf/4.1.1/interwork/libgcc.a(_umodsi3.o)
                                                  /cygdrive/c/program files/gnuarm/bin/../lib/gcc/arm-elf/4.1.1/interwork/libgcc.a(_divsi3.o)
                                                  /cygdrive/c/program files/gnuarm/bin/../lib/gcc/arm-elf/4.1.1/interwork/libgcc.a(_udivsi3.o)
__divsi3                                          /cygdrive/c/program files/gnuarm/bin/../lib/gcc/arm-elf/4.1.1/interwork/libgcc.a(_divsi3.o)
                                                  pre_emptive_os/pre_emptive_os.a(stack_usage.o)
                                                  snake.o
__eaInit_change_to_arm                            /cygdrive/c/program files/gnuarm/bin/../lib/gcc/arm-elf/4.1.1/../../../../arm-elf/lib/interwork/libc.a(impure.o)
__eaInit_from_thumb                               /cygdrive/c/program files/gnuarm/bin/../lib/gcc/arm-elf/4.1.1/../../../../arm-elf/lib/interwork/libc.a(impure.o)
__halDisableInterrupts_oshal_change_to_arm        /cygdrive/c/program files/gnuarm/bin/../lib/gcc/arm-elf/4.1.1/../../../../arm-elf/lib/interwork/libc.a(impure.o)
__halDisableInterrupts_oshal_from_thumb           /cygdrive/c/program files/gnuarm/bin/../lib/gcc/arm-elf/4.1.1/../../../../arm-elf/lib/interwork/libc.a(impure.o)
__halRestoreInterrupts_oshal_change_to_arm        /cygdrive/c/program files/gnuarm/bin/../lib/gcc/arm-elf/4.1.1/../../../../arm-elf/lib/interwork/libc.a(impure.o)
__halRestoreInterrupts_oshal_from_thumb           /cygdrive/c/program files/gnuarm/bin/../lib/gcc/arm-elf/4.1.1/../../../../arm-elf/lib/interwork/libc.a(impure.o)
__initTimer_oshal_change_to_arm                   /cygdrive/c/program files/gnuarm/bin/../lib/gcc/arm-elf/4.1.1/../../../../arm-elf/lib/interwork/libc.a(impure.o)
__initTimer_oshal_from_thumb                      /cygdrive/c/program files/gnuarm/bin/../lib/gcc/arm-elf/4.1.1/../../../../arm-elf/lib/interwork/libc.a(impure.o)
__memcmp_change_to_arm                            /cygdrive/c/program files/gnuarm/bin/../lib/gcc/arm-elf/4.1.1/../../../../arm-elf/lib/interwork/libc.a(impure.o)
__memcmp_from_thumb                               /cygdrive/c/program files/gnuarm/bin/../lib/gcc/arm-elf/4.1.1/../../../../arm-elf/lib/interwork/libc.a(impure.o)
__memcpy_change_to_arm                            /cygdrive/c/program files/gnuarm/bin/../lib/gcc/arm-elf/4.1.1/../../../../arm-elf/lib/interwork/libc.a(impure.o)
__memcpy_from_thumb                               /cygdrive/c/program files/gnuarm/bin/../lib/gcc/arm-elf/4.1.1/../../../../arm-elf/lib/interwork/libc.a(impure.o)
__modsi3                                          /cygdrive/c/program files/gnuarm/bin/../lib/gcc/arm-elf/4.1.1/interwork/libgcc.a(_modsi3.o)
                                                  snake.o
__osISRExit_from_arm                              /cygdrive/c/program files/gnuarm/bin/../lib/gcc/arm-elf/4.1.1/../../../../arm-elf/lib/interwork/libc.a(impure.o)
__osSemGive_from_arm                              /cygdrive/c/program files/gnuarm/bin/../lib/gcc/arm-elf/4.1.1/../../../../arm-elf/lib/interwork/libc.a(impure.o)
__osTick_from_arm                                 /cygdrive/c/program files/gnuarm/bin/../lib/gcc/arm-elf/4.1.1/../../../../arm-elf/lib/interwork/libc.a(impure.o)
__rand_change_to_arm                              /cygdrive/c/program files/gnuarm/bin/../lib/gcc/arm-elf/4.1.1/../../../../arm-elf/lib/interwork/libc.a(impure.o)
__rand_from_thumb                                 /cygdrive/c/program files/gnuarm/bin/../lib/gcc/arm-elf/4.1.1/../../../../arm-elf/lib/interwork/libc.a(impure.o)
__restoreIrq_change_to_arm                        /cygdrive/c/program files/gnuarm/bin/../lib/gcc/arm-elf/4.1.1/../../../../arm-elf/lib/interwork/libc.a(impure.o)
__restoreIrq_from_thumb                           /cygdrive/c/program files/gnuarm/bin/../lib/gcc/arm-elf/4.1.1/../../../../arm-elf/lib/interwork/libc.a(impure.o)
__simplePrintf_change_to_arm                      /cygdrive/c/program files/gnuarm/bin/../lib/gcc/arm-elf/4.1.1/../../../../arm-elf/lib/interwork/libc.a(impure.o)
__simplePrintf_from_thumb                         /cygdrive/c/program files/gnuarm/bin/../lib/gcc/arm-elf/4.1.1/../../../../arm-elf/lib/interwork/libc.a(impure.o)
__startHighProc_oshal_change_to_arm               /cygdrive/c/program files/gnuarm/bin/../lib/gcc/arm-elf/4.1.1/../../../../arm-elf/lib/interwork/libc.a(impure.o)
__startHighProc_oshal_from_thumb                  /cygdrive/c/program files/gnuarm/bin/../lib/gcc/arm-elf/4.1.1/../../../../arm-elf/lib/interwork/libc.a(impure.o)
__stkFrameInit_oshal_change_to_arm                /cygdrive/c/program files/gnuarm/bin/../lib/gcc/arm-elf/4.1.1/../../../../arm-elf/lib/interwork/libc.a(impure.o)
__stkFrameInit_oshal_from_thumb                   /cygdrive/c/program files/gnuarm/bin/../lib/gcc/arm-elf/4.1.1/../../../../arm-elf/lib/interwork/libc.a(impure.o)
__strchr_change_to_arm                            /cygdrive/c/program files/gnuarm/bin/../lib/gcc/arm-elf/4.1.1/../../../../arm-elf/lib/interwork/libc.a(impure.o)
[...]
eventWait                                         pre_emptive_os/pre_emptive_os.a(event.o)
                                                  pre_emptive_os/pre_emptive_os.a(count_sem.o)
eventWaitReturn                                   pre_emptive_os/pre_emptive_os.a(event.o)
                                                  pre_emptive_os/pre_emptive_os.a(count_sem.o)
exceptionHandlerInit                              startup/libea_startup_thumb.a(framework.o)
                                                  startup/libea_startup_thumb.a(startup.o)
generalIRQ_oshal                                  pre_emptive_os/pre_emptive_os.a(a7hal_a.o)
                                                  pre_emptive_os/pre_emptive_os.a(a7hal.o)
getHighPrioQueue                                  pre_emptive_os/pre_emptive_os.a(prioqueue.o)
                                                  pre_emptive_os/pre_emptive_os.a(event.o)
                                                  pre_emptive_os/pre_emptive_os.a(kernel.o)
getI2cLock                                        i2c.o
                                                  eeprom.o
getKeys                                           hw.o
                                                  key.o
halDisableInterrupts_oshal                        pre_emptive_os/pre_emptive_os.a(a7hal.o)
                                                  pre_emptive_os/pre_emptive_os.a(timer.o)
                                                  pre_emptive_os/pre_emptive_os.a(count_sem.o)
                                                  pre_emptive_os/pre_emptive_os.a(kernel.o)
halEnableInterrupts_oshal                         pre_emptive_os/pre_emptive_os.a(a7hal.o)
halRestoreInterrupts_oshal                        pre_emptive_os/pre_emptive_os.a(a7hal.o)
                                                  pre_emptive_os/pre_emptive_os.a(timer.o)
                                                  pre_emptive_os/pre_emptive_os.a(count_sem.o)
                                                  pre_emptive_os/pre_emptive_os.a(kernel.o)
handleBluetooth                                   bt.o
handleIRQs_oshal                                  pre_emptive_os/pre_emptive_os.a(a7hal.o)
                                                  pre_emptive_os/pre_emptive_os.a(a7hal_a.o)
i2cCheckStatus                                    i2c.o
                                                  eeprom.o
i2cGetChar                                        i2c.o
                                                  eeprom.o
i2cInit                                           i2c.o
                                                  hw.o
i2cMyWrite                                        i2c.o
i2cPutChar                                        i2c.o
                                                  eeprom.o
i2cRead                                           i2c.o
i2cRepeatStart                                    i2c.o
                                                  eeprom.o
i2cStart                                          i2c.o
                                                  eeprom.o
i2cStop                                           i2c.o
                                                  eeprom.o
i2cWaitTransmit                                   i2c.o
i2cWrite                                          i2c.o
i2cWriteWithWait                                  i2c.o
                                                  eeprom.o
immediateIoInit                                   hw.o
                                                  main.o
initBtProc                                        bt.o
                                                  main.o
initKeyProc                                       key.o
                                                  main.o
initPrioQueue                                     pre_emptive_os/pre_emptive_os.a(prioqueue.o)
                                                  pre_emptive_os/pre_emptive_os.a(event.o)
                                                  pre_emptive_os/pre_emptive_os.a(kernel.o)
initSpiForLcd                                     hw.o
                                                  lcd.o
initTimer_oshal                                   pre_emptive_os/pre_emptive_os.a(a7hal.o)
                                                  pre_emptive_os/pre_emptive_os.a(kernel.o)
initUart1                                         uart.o
                                                  bt.o
isEmptyPrioQueue                                  pre_emptive_os/pre_emptive_os.a(prioqueue.o)
                                                  pre_emptive_os/pre_emptive_os.a(event.o)
isrNesting                                        pre_emptive_os/pre_emptive_os.a(kernel.o)
                                                  pre_emptive_os/pre_emptive_os.a(event.o)
                                                  pre_emptive_os/pre_emptive_os.a(a7hal_a.o)
                                                  pre_emptive_os/pre_emptive_os.a(count_sem.o)
lcdClrscr                                         lcd.o
                                                  snake.o
                                                  bt.o
                                                  main.o
lcdColor                                          lcd.o
                                                  bt.o
                                                  select.o
                                                  main.o
lcdContrast                                       lcd.o
                                                  main.o
lcdData                                           lcd.o
lcdGotoxy                                         lcd.o
                                                  bt.o
                                                  select.o
                                                  main.o
lcdIcon                                           lcd.o
lcdInit                                           lcd.o
                                                  main.o
lcdOff                                            lcd.o
lcdPutchar                                        lcd.o
                                                  bt.o
lcdPuts                                           lcd.o
                                                  bt.o
                                                  select.o
                                                  main.o
lcdRect                                           lcd.o
                                                  snake.o
                                                  bt.o
                                                  select.o
                                                  main.o
lcdRectBrd                                        lcd.o
lcdWindow                                         lcd.o
lcdWrcmd                                          lcd.o
lcdWrdata                                         lcd.o
lm75Read                                          eeprom.o
lowLevelInit                                      startup/libea_startup_thumb.a(framework.o)
                                                  startup/libea_startup_thumb.a(startup.o)
main                                              main.o
                                                  startup/libea_startup_thumb.a(startup.o)
memcmp                                            /cygdrive/c/program files/gnuarm/bin/../lib/gcc/arm-elf/4.1.1/../../../../arm-elf/lib/interwork/libc.a(memcmp.o)
                                                  bt.o
memcpy                                            /cygdrive/c/program files/gnuarm/bin/../lib/gcc/arm-elf/4.1.1/../../../../arm-elf/lib/interwork/libc.a(memcpy.o)
                                                  startup/libea_startup_thumb.a(consol.o)
                                                  hw.o
                                                  bt.o
moveSnake                                         snake.o
ms                                                bt.o
                                                  main.o
note                                              snake.o
notes                                             snake.o
osCreateProcess                                   pre_emptive_os/pre_emptive_os.a(kernel.o)
                                                  pre_emptive_os/pre_emptive_os.a(timer.o)
                                                  bt.o
                                                  key.o
                                                  main.o
osCreateTimer                                     pre_emptive_os/pre_emptive_os.a(timer.o)
osDeleteProcess                                   pre_emptive_os/pre_emptive_os.a(kernel.o)
                                                  main.o
osDeleteTimer                                     pre_emptive_os/pre_emptive_os.a(timer.o)
osGetHighPrioProc                                 pre_emptive_os/pre_emptive_os.a(kernel.o)
osISREnter                                        pre_emptive_os/pre_emptive_os.a(kernel.o)
osISRExit                                         pre_emptive_os/pre_emptive_os.a(kernel.o)
                                                  pre_emptive_os/pre_emptive_os.a(a7hal_a.o)
osInit                                            pre_emptive_os/pre_emptive_os.a(kernel.o)
                                                  main.o
osInitTimers                                      pre_emptive_os/pre_emptive_os.a(timer.o)
osLockNesting                                     pre_emptive_os/pre_emptive_os.a(kernel.o)
osPid                                             pre_emptive_os/pre_emptive_os.a(kernel.o)
osResume                                          pre_emptive_os/pre_emptive_os.a(kernel.o)
osSemGive                                         pre_emptive_os/pre_emptive_os.a(count_sem.o)
                                                  pre_emptive_os/pre_emptive_os.a(timer.o)
                                                  irq_code/irqUart.a(irqUart.o)
                                                  i2c.o
                                                  bt.o
osSemInit                                         pre_emptive_os/pre_emptive_os.a(count_sem.o)
                                                  pre_emptive_os/pre_emptive_os.a(timer.o)
                                                  i2c.o
                                                  bt.o
                                                  uart.o
osSemTake                                         pre_emptive_os/pre_emptive_os.a(count_sem.o)
                                                  pre_emptive_os/pre_emptive_os.a(timer.o)
                                                  i2c.o
                                                  bt.o
                                                  uart.o
osSemTryTake                                      pre_emptive_os/pre_emptive_os.a(count_sem.o)
osSleep                                           pre_emptive_os/pre_emptive_os.a(kernel.o)
                                                  hw.o
                                                  snake.o
                                                  bt.o
                                                  select.o
                                                  key.o
                                                  lcd.o
                                                  main.o
osStackUsage                                      pre_emptive_os/pre_emptive_os.a(stack_usage.o)
osStart                                           pre_emptive_os/pre_emptive_os.a(kernel.o)
                                                  main.o
osStartProcess                                    pre_emptive_os/pre_emptive_os.a(kernel.o)
                                                  pre_emptive_os/pre_emptive_os.a(timer.o)
                                                  bt.o
                                                  key.o
                                                  main.o
osSuspend                                         pre_emptive_os/pre_emptive_os.a(kernel.o)
osTick                                            pre_emptive_os/pre_emptive_os.a(kernel.o)
                                                  pre_emptive_os/pre_emptive_os.a(a7hal.o)
pHeapEnd                                          startup/libea_startup_thumb.a(framework.o)
pHeapStart                                        startup/libea_startup_thumb.a(framework.o)
pNxtToRun                                         pre_emptive_os/pre_emptive_os.a(kernel.o)
                                                  pre_emptive_os/pre_emptive_os.a(a7hal_a.o)
pRunProc                                          pre_emptive_os/pre_emptive_os.a(kernel.o)
                                                  pre_emptive_os/pre_emptive_os.a(event.o)
                                                  pre_emptive_os/pre_emptive_os.a(a7hal_a.o)
pca9532                                           eeprom.o
                                                  hw.o
playSnake                                         snake.o
                                                  main.o
processControlBlocks                              pre_emptive_os/pre_emptive_os.a(event.o)
                                                  pre_emptive_os/pre_emptive_os.a(stack_usage.o)
                                                  pre_emptive_os/pre_emptive_os.a(kernel.o)
rand                                              /cygdrive/c/program files/gnuarm/bin/../lib/gcc/arm-elf/4.1.1/../../../../arm-elf/lib/interwork/libc.a(rand.o)
                                                  snake.o
receiveSem                                        irq_code/irqUart.a(irqUart.o)
                                                  uart.o
releaseI2cLock                                    i2c.o
                                                  eeprom.o
resetBT                                           hw.o
                                                  bt.o
resetLCD                                          hw.o
                                                  main.o
restoreIrq                                        irq_code/irqUart.a(irqUart.o)
                                                  uart.o
rmvFromPrioQueue                                  pre_emptive_os/pre_emptive_os.a(prioqueue.o)
                                                  pre_emptive_os/pre_emptive_os.a(event.o)
                                                  pre_emptive_os/pre_emptive_os.a(kernel.o)
rmvFromRdyList                                    pre_emptive_os/pre_emptive_os.a(kernel.o)
                                                  pre_emptive_os/pre_emptive_os.a(event.o)
rmvFromTimeList                                   pre_emptive_os/pre_emptive_os.a(kernel.o)
                                                  pre_emptive_os/pre_emptive_os.a(event.o)
sampleKey                                         key.o
schedule                                          pre_emptive_os/pre_emptive_os.a(kernel.o)
                                                  pre_emptive_os/pre_emptive_os.a(event.o)
                                                  pre_emptive_os/pre_emptive_os.a(count_sem.o)
selectLCD                                         hw.o
                                                  lcd.o
sendScore                                         snake.o
sendToLCD                                         hw.o
                                                  lcd.o
setBuzzer                                         hw.o
                                                  snake.o
                                                  main.o
setLED                                            hw.o
                                                  snake.o
                                                  main.o
simplePrintf                                      startup/libea_startup_thumb.a(consol.o)
                                                  bt.o
                                                  main.o
srand                                             /cygdrive/c/program files/gnuarm/bin/../lib/gcc/arm-elf/4.1.1/../../../../arm-elf/lib/interwork/libc.a(rand.o)
startHighProc_oshal                               pre_emptive_os/pre_emptive_os.a(a7hal_a.o)
                                                  pre_emptive_os/pre_emptive_os.a(kernel.o)
stkFrameInit_oshal                                pre_emptive_os/pre_emptive_os.a(a7hal.o)
                                                  pre_emptive_os/pre_emptive_os.a(kernel.o)
stopTimer1                                        snake.o
strchr                                            /cygdrive/c/program files/gnuarm/bin/../lib/gcc/arm-elf/4.1.1/../../../../arm-elf/lib/interwork/libc.a(strchr.o)
                                                  bt.o
strlen                                            /cygdrive/c/program files/gnuarm/bin/../lib/gcc/arm-elf/4.1.1/../../../../arm-elf/lib/interwork/libc.a(strlen.o)
                                                  startup/libea_startup_thumb.a(consol.o)
strtol                                            /cygdrive/c/program files/gnuarm/bin/../lib/gcc/arm-elf/4.1.1/../../../../arm-elf/lib/interwork/libc.a(strtol.o)
                                                  /cygdrive/c/program files/gnuarm/bin/../lib/gcc/arm-elf/4.1.1/../../../../arm-elf/lib/interwork/libc.a(atoi.o)
timerIsr_oshal                                    pre_emptive_os/pre_emptive_os.a(a7hal.o)
timerTick                                         pre_emptive_os/pre_emptive_os.a(timer.o)
                                                  pre_emptive_os/pre_emptive_os.a(kernel.o)
toggle                                            snake.o
uart1GetCh                                        uart.o
                                                  snake.o
uart1GetChSem                                     uart.o
uart1GetChar                                      uart.o
                                                  bt.o
uart1ISR                                          irq_code/irqUart.a(irqUart.o)
                                                  uart.o
uart1RxBuf                                        irq_code/irqUart.a(irqUart.o)
                                                  uart.o
uart1RxHead                                       uart.o
                                                  irq_code/irqUart.a(irqUart.o)
uart1RxInBuff                                     uart.o
                                                  irq_code/irqUart.a(irqUart.o)
uart1RxTail                                       uart.o
                                                  irq_code/irqUart.a(irqUart.o)
uart1SendCh                                       uart.o
uart1SendChar                                     uart.o
                                                  snake.o
                                                  bt.o
uart1SendChars                                    uart.o
uart1SendString                                   uart.o
                                                  bt.o
uart1TxBuf                                        irq_code/irqUart.a(irqUart.o)
                                                  uart.o
uart1TxHead                                       uart.o
                                                  irq_code/irqUart.a(irqUart.o)
uart1TxRunning                                    uart.o
                                                  irq_code/irqUart.a(irqUart.o)
uart1TxTail                                       uart.o
                                                  irq_code/irqUart.a(irqUart.o)
ver1_0                                            hw.o
                                                  main.o
ver1_1                                            hw.o
                                                  main.o
