Archive member included because of file (symbol)

startup/libea_startup_thumb.a(startup.o)
                              (_startup)
startup/libea_startup_thumb.a(framework.o)
                              startup/libea_startup_thumb.a(startup.o) (exceptionHandlerInit)
startup/libea_startup_thumb.a(consol.o)
                              startup/libea_startup_thumb.a(framework.o) (consolInit)
/cygdrive/c/Embedded/GNUARM/bin/../lib/gcc/arm-elf/4.1.1/interwork/libgcc.a(_udivsi3.o)
                              startup/libea_startup_thumb.a(consol.o) (__udivsi3)
/cygdrive/c/Embedded/GNUARM/bin/../lib/gcc/arm-elf/4.1.1/interwork/libgcc.a(_umodsi3.o)
                              startup/libea_startup_thumb.a(consol.o) (__umodsi3)
/cygdrive/c/Embedded/GNUARM/bin/../lib/gcc/arm-elf/4.1.1/interwork/libgcc.a(_dvmd_tls.o)
                              /cygdrive/c/Embedded/GNUARM/bin/../lib/gcc/arm-elf/4.1.1/interwork/libgcc.a(_udivsi3.o) (__div0)
/cygdrive/c/Embedded/GNUARM/bin/../lib/gcc/arm-elf/4.1.1/../../../../arm-elf/lib/interwork/libc.a(atoi.o)
                              startup/libea_startup_thumb.a(consol.o) (atoi)
/cygdrive/c/Embedded/GNUARM/bin/../lib/gcc/arm-elf/4.1.1/../../../../arm-elf/lib/interwork/libc.a(memcpy.o)
                              startup/libea_startup_thumb.a(consol.o) (memcpy)
/cygdrive/c/Embedded/GNUARM/bin/../lib/gcc/arm-elf/4.1.1/../../../../arm-elf/lib/interwork/libc.a(strlen.o)
                              startup/libea_startup_thumb.a(consol.o) (strlen)
/cygdrive/c/Embedded/GNUARM/bin/../lib/gcc/arm-elf/4.1.1/../../../../arm-elf/lib/interwork/libc.a(strtol.o)
                              /cygdrive/c/Embedded/GNUARM/bin/../lib/gcc/arm-elf/4.1.1/../../../../arm-elf/lib/interwork/libc.a(atoi.o) (_strtol_r)
/cygdrive/c/Embedded/GNUARM/bin/../lib/gcc/arm-elf/4.1.1/../../../../arm-elf/lib/interwork/libc.a(ctype_.o)
                              /cygdrive/c/Embedded/GNUARM/bin/../lib/gcc/arm-elf/4.1.1/../../../../arm-elf/lib/interwork/libc.a(strtol.o) (__ctype_ptr)
/cygdrive/c/Embedded/GNUARM/bin/../lib/gcc/arm-elf/4.1.1/../../../../arm-elf/lib/interwork/libc.a(impure.o)
                              /cygdrive/c/Embedded/GNUARM/bin/../lib/gcc/arm-elf/4.1.1/../../../../arm-elf/lib/interwork/libc.a(strtol.o) (_impure_ptr)

Allocating common symbols
Common symbol       size              file

pHeapEnd            0x4               startup/libea_startup_thumb.a(framework.o)
pHeapStart          0x4               startup/libea_startup_thumb.a(framework.o)

Discarded input sections

 .stabstr       0x00000000        0x0 startup/libea_startup_thumb.a(startup.o)

Memory Configuration

Name             Origin             Length             Attributes
FLASH            0x00000000         0x00020000         xr
RAM              0x40000000         0x00004000         rw
*default*        0x00000000         0xffffffff

Linker script and memory map

LOAD main.o
LOAD startup/libea_startup_thumb.a
LOAD irq_code/irqUart.a
LOAD gcc_files/libm.a
LOAD pre_emptive_os/pre_emptive_os.a
START GROUP
LOAD /cygdrive/c/Embedded/GNUARM/bin/../lib/gcc/arm-elf/4.1.1/interwork/libgcc.a
LOAD /cygdrive/c/Embedded/GNUARM/bin/../lib/gcc/arm-elf/4.1.1/../../../../arm-elf/lib/interwork/libc.a
END GROUP

.text           0x00000000     0x104c
 *startup.o(.text)
 .text          0x00000000      0x1d8 startup/libea_startup_thumb.a(startup.o)
                0x00000000                _startup
 *(.text)
 .text          0x000001d8        0x4 main.o
                0x000001d8                main
 .text          0x000001dc      0x2bc startup/libea_startup_thumb.a(framework.o)
                0x00000304                eaInit
                0x00000254                lowLevelInit
                0x000001dc                exceptionHandlerInit
 .text          0x00000498      0x680 startup/libea_startup_thumb.a(consol.o)
                0x00000954                consolGetIntNum
                0x00000590                consolSendCh
                0x0000075c                consolGetString
                0x00000600                consolSendNumber
                0x00000718                consolGetCh
                0x00000570                consolSendChar
                0x000007d4                simplePrintf
                0x000005d4                consolSendString
                0x00000a34                consolScanf
                0x00000738                consolGetChar
                0x0000051c                consolInit
 .text          0x00000b18      0x114 /cygdrive/c/Embedded/GNUARM/bin/../lib/gcc/arm-elf/4.1.1/interwork/libgcc.a(_udivsi3.o)
                0x00000b18                __udivsi3
                0x00000b18                __aeabi_uidiv
                0x00000c14                __aeabi_uidivmod
 .text          0x00000c2c       0xd0 /cygdrive/c/Embedded/GNUARM/bin/../lib/gcc/arm-elf/4.1.1/interwork/libgcc.a(_umodsi3.o)
                0x00000c2c                __umodsi3
 .text          0x00000cfc        0x4 /cygdrive/c/Embedded/GNUARM/bin/../lib/gcc/arm-elf/4.1.1/interwork/libgcc.a(_dvmd_tls.o)
                0x00000cfc                __aeabi_ldiv0
                0x00000cfc                __div0
                0x00000cfc                __aeabi_idiv0
 .text          0x00000d00       0x30 /cygdrive/c/Embedded/GNUARM/bin/../lib/gcc/arm-elf/4.1.1/../../../../arm-elf/lib/interwork/libc.a(atoi.o)
                0x00000d00                _atoi_r
                0x00000d18                atoi
 .text          0x00000d30       0x9c /cygdrive/c/Embedded/GNUARM/bin/../lib/gcc/arm-elf/4.1.1/../../../../arm-elf/lib/interwork/libc.a(memcpy.o)
                0x00000d30                memcpy
 .text          0x00000dcc       0x90 /cygdrive/c/Embedded/GNUARM/bin/../lib/gcc/arm-elf/4.1.1/../../../../arm-elf/lib/interwork/libc.a(strlen.o)
                0x00000dcc                strlen
 .text          0x00000e5c      0x1f0 /cygdrive/c/Embedded/GNUARM/bin/../lib/gcc/arm-elf/4.1.1/../../../../arm-elf/lib/interwork/libc.a(strtol.o)
                0x00001020                strtol
                0x00000e5c                _strtol_r
 .text          0x0000104c        0x0 /cygdrive/c/Embedded/GNUARM/bin/../lib/gcc/arm-elf/4.1.1/../../../../arm-elf/lib/interwork/libc.a(ctype_.o)
 .text          0x0000104c        0x0 /cygdrive/c/Embedded/GNUARM/bin/../lib/gcc/arm-elf/4.1.1/../../../../arm-elf/lib/interwork/libc.a(impure.o)
 *(.glue_7)
 .glue_7        0x0000104c        0x0 main.o
 .glue_7        0x0000104c        0x0 startup/libea_startup_thumb.a(startup.o)
 .glue_7        0x0000104c        0x0 startup/libea_startup_thumb.a(framework.o)
 .glue_7        0x0000104c        0x0 startup/libea_startup_thumb.a(consol.o)
 .glue_7        0x0000104c        0x0 /cygdrive/c/Embedded/GNUARM/bin/../lib/gcc/arm-elf/4.1.1/interwork/libgcc.a(_udivsi3.o)
 .glue_7        0x0000104c        0x0 /cygdrive/c/Embedded/GNUARM/bin/../lib/gcc/arm-elf/4.1.1/interwork/libgcc.a(_umodsi3.o)
 .glue_7        0x0000104c        0x0 /cygdrive/c/Embedded/GNUARM/bin/../lib/gcc/arm-elf/4.1.1/interwork/libgcc.a(_dvmd_tls.o)
 .glue_7        0x0000104c        0x0 /cygdrive/c/Embedded/GNUARM/bin/../lib/gcc/arm-elf/4.1.1/../../../../arm-elf/lib/interwork/libc.a(atoi.o)
 .glue_7        0x0000104c        0x0 /cygdrive/c/Embedded/GNUARM/bin/../lib/gcc/arm-elf/4.1.1/../../../../arm-elf/lib/interwork/libc.a(memcpy.o)
 .glue_7        0x0000104c        0x0 /cygdrive/c/Embedded/GNUARM/bin/../lib/gcc/arm-elf/4.1.1/../../../../arm-elf/lib/interwork/libc.a(strlen.o)
 .glue_7        0x0000104c        0x0 /cygdrive/c/Embedded/GNUARM/bin/../lib/gcc/arm-elf/4.1.1/../../../../arm-elf/lib/interwork/libc.a(strtol.o)
 .glue_7        0x0000104c        0x0 /cygdrive/c/Embedded/GNUARM/bin/../lib/gcc/arm-elf/4.1.1/../../../../arm-elf/lib/interwork/libc.a(ctype_.o)
 .glue_7        0x0000104c        0x0 /cygdrive/c/Embedded/GNUARM/bin/../lib/gcc/arm-elf/4.1.1/../../../../arm-elf/lib/interwork/libc.a(impure.o)
 *(.glue_7t)
 .glue_7t       0x0000104c        0x0 main.o
 .glue_7t       0x0000104c        0x0 startup/libea_startup_thumb.a(startup.o)
 .glue_7t       0x0000104c        0x0 startup/libea_startup_thumb.a(framework.o)
 .glue_7t       0x0000104c        0x0 startup/libea_startup_thumb.a(consol.o)
 .glue_7t       0x0000104c        0x0 /cygdrive/c/Embedded/GNUARM/bin/../lib/gcc/arm-elf/4.1.1/interwork/libgcc.a(_udivsi3.o)
 .glue_7t       0x0000104c        0x0 /cygdrive/c/Embedded/GNUARM/bin/../lib/gcc/arm-elf/4.1.1/interwork/libgcc.a(_umodsi3.o)
 .glue_7t       0x0000104c        0x0 /cygdrive/c/Embedded/GNUARM/bin/../lib/gcc/arm-elf/4.1.1/interwork/libgcc.a(_dvmd_tls.o)
 .glue_7t       0x0000104c        0x0 /cygdrive/c/Embedded/GNUARM/bin/../lib/gcc/arm-elf/4.1.1/../../../../arm-elf/lib/interwork/libc.a(atoi.o)
 .glue_7t       0x0000104c        0x0 /cygdrive/c/Embedded/GNUARM/bin/../lib/gcc/arm-elf/4.1.1/../../../../arm-elf/lib/interwork/libc.a(memcpy.o)
 .glue_7t       0x0000104c        0x0 /cygdrive/c/Embedded/GNUARM/bin/../lib/gcc/arm-elf/4.1.1/../../../../arm-elf/lib/interwork/libc.a(strlen.o)
 .glue_7t       0x0000104c        0x0 /cygdrive/c/Embedded/GNUARM/bin/../lib/gcc/arm-elf/4.1.1/../../../../arm-elf/lib/interwork/libc.a(strtol.o)
 .glue_7t       0x0000104c        0x0 /cygdrive/c/Embedded/GNUARM/bin/../lib/gcc/arm-elf/4.1.1/../../../../arm-elf/lib/interwork/libc.a(ctype_.o)
 .glue_7t       0x0000104c        0x0 /cygdrive/c/Embedded/GNUARM/bin/../lib/gcc/arm-elf/4.1.1/../../../../arm-elf/lib/interwork/libc.a(impure.o)
                0x0000104c                . = ALIGN (0x4)

.rodata         0x0000104c      0x20c
 *(.rodata)
 .rodata        0x0000104c       0x10 startup/libea_startup_thumb.a(consol.o)
 .rodata        0x0000105c      0x101 /cygdrive/c/Embedded/GNUARM/bin/../lib/gcc/arm-elf/4.1.1/../../../../arm-elf/lib/interwork/libc.a(ctype_.o)
                0x0000105c                _ctype_
 *fill*         0x0000115d        0x3 00
 .rodata        0x00001160        0x4 /cygdrive/c/Embedded/GNUARM/bin/../lib/gcc/arm-elf/4.1.1/../../../../arm-elf/lib/interwork/libc.a(impure.o)
                0x00001160                _global_impure_ptr
 *(.rodata*)
 .rodata.str1.4
                0x00001164       0xd8 startup/libea_startup_thumb.a(framework.o)
 .rodata.str1.4
                0x0000123c       0x18 startup/libea_startup_thumb.a(consol.o)
 .rodata.str1.4
                0x00001254        0x4 /cygdrive/c/Embedded/GNUARM/bin/../lib/gcc/arm-elf/4.1.1/../../../../arm-elf/lib/interwork/libc.a(impure.o)
                0x00001258                . = ALIGN (0x4)
                0x00001258                _etext = .
                0x00001258                PROVIDE (etext, .)

.data           0x40000080      0x408 load address 0x00001258
                0x40000080                _data = .
 *(.data)
 .data          0x40000080        0x0 main.o
 .data          0x40000080        0x0 startup/libea_startup_thumb.a(startup.o)
 .data          0x40000080        0x0 startup/libea_startup_thumb.a(framework.o)
 .data          0x40000080        0x0 startup/libea_startup_thumb.a(consol.o)
 .data          0x40000080        0x0 /cygdrive/c/Embedded/GNUARM/bin/../lib/gcc/arm-elf/4.1.1/interwork/libgcc.a(_udivsi3.o)
 .data          0x40000080        0x0 /cygdrive/c/Embedded/GNUARM/bin/../lib/gcc/arm-elf/4.1.1/interwork/libgcc.a(_umodsi3.o)
 .data          0x40000080        0x0 /cygdrive/c/Embedded/GNUARM/bin/../lib/gcc/arm-elf/4.1.1/interwork/libgcc.a(_dvmd_tls.o)
 .data          0x40000080        0x0 /cygdrive/c/Embedded/GNUARM/bin/../lib/gcc/arm-elf/4.1.1/../../../../arm-elf/lib/interwork/libc.a(atoi.o)
 .data          0x40000080        0x0 /cygdrive/c/Embedded/GNUARM/bin/../lib/gcc/arm-elf/4.1.1/../../../../arm-elf/lib/interwork/libc.a(memcpy.o)
 .data          0x40000080        0x0 /cygdrive/c/Embedded/GNUARM/bin/../lib/gcc/arm-elf/4.1.1/../../../../arm-elf/lib/interwork/libc.a(strlen.o)
 .data          0x40000080        0x0 /cygdrive/c/Embedded/GNUARM/bin/../lib/gcc/arm-elf/4.1.1/../../../../arm-elf/lib/interwork/libc.a(strtol.o)
 .data          0x40000080        0x4 /cygdrive/c/Embedded/GNUARM/bin/../lib/gcc/arm-elf/4.1.1/../../../../arm-elf/lib/interwork/libc.a(ctype_.o)
                0x40000080                __ctype_ptr
 .data          0x40000084      0x404 /cygdrive/c/Embedded/GNUARM/bin/../lib/gcc/arm-elf/4.1.1/../../../../arm-elf/lib/interwork/libc.a(impure.o)
                0x40000084                _impure_ptr
                0x40000488                . = ALIGN (0x4)
                0x40000488                _edata = .
                0x40000488                PROVIDE (edata, .)

.bss            0x40000488        0x8
                0x40000488                _bss = .
                0x40000488                __bss_start = .
                0x40000488                __bss_start__ = .
 *(.bss)
 .bss           0x40000488        0x0 main.o
 .bss           0x40000488        0x0 startup/libea_startup_thumb.a(startup.o)
 .bss           0x40000488        0x0 startup/libea_startup_thumb.a(framework.o)
 .bss           0x40000488        0x0 startup/libea_startup_thumb.a(consol.o)
 .bss           0x40000488        0x0 /cygdrive/c/Embedded/GNUARM/bin/../lib/gcc/arm-elf/4.1.1/interwork/libgcc.a(_udivsi3.o)
 .bss           0x40000488        0x0 /cygdrive/c/Embedded/GNUARM/bin/../lib/gcc/arm-elf/4.1.1/interwork/libgcc.a(_umodsi3.o)
 .bss           0x40000488        0x0 /cygdrive/c/Embedded/GNUARM/bin/../lib/gcc/arm-elf/4.1.1/interwork/libgcc.a(_dvmd_tls.o)
 .bss           0x40000488        0x0 /cygdrive/c/Embedded/GNUARM/bin/../lib/gcc/arm-elf/4.1.1/../../../../arm-elf/lib/interwork/libc.a(atoi.o)
 .bss           0x40000488        0x0 /cygdrive/c/Embedded/GNUARM/bin/../lib/gcc/arm-elf/4.1.1/../../../../arm-elf/lib/interwork/libc.a(memcpy.o)
 .bss           0x40000488        0x0 /cygdrive/c/Embedded/GNUARM/bin/../lib/gcc/arm-elf/4.1.1/../../../../arm-elf/lib/interwork/libc.a(strlen.o)
 .bss           0x40000488        0x0 /cygdrive/c/Embedded/GNUARM/bin/../lib/gcc/arm-elf/4.1.1/../../../../arm-elf/lib/interwork/libc.a(strtol.o)
 .bss           0x40000488        0x0 /cygdrive/c/Embedded/GNUARM/bin/../lib/gcc/arm-elf/4.1.1/../../../../arm-elf/lib/interwork/libc.a(ctype_.o)
 .bss           0x40000488        0x0 /cygdrive/c/Embedded/GNUARM/bin/../lib/gcc/arm-elf/4.1.1/../../../../arm-elf/lib/interwork/libc.a(impure.o)
 *(COMMON)
 COMMON         0x40000488        0x8 startup/libea_startup_thumb.a(framework.o)
                0x40000488                pHeapEnd
                0x4000048c                pHeapStart
                0x40000490                . = ALIGN (0x4)
                0x40000490                . = ALIGN (0x4)
                0x40000490                __bss_end = .
                0x40000490                __bss_end__ = .
                0x40000490                _end = .
                0x40000490                PROVIDE (end, .)

.stab           0x00000000      0x3c0
 *(.stab)
 .stab          0x00000000      0x3c0 startup/libea_startup_thumb.a(startup.o)

.stabstr        0x00000000       0x58
 *(.stabstr)
 .stabstr       0x00000000       0x58 startup/libea_startup_thumb.a(startup.o)

.stab.excl
 *(.stab.excl)

.stab.exclstr
 *(.stab.exclstr)

.stab.index
 *(.stab.index)

.stab.indexstr
 *(.stab.indexstr)

.comment        0x00000000       0xa2
 *(.comment)
 .comment       0x00000000       0x12 main.o
 .comment       0x00000012       0x12 startup/libea_startup_thumb.a(framework.o)
 .comment       0x00000024       0x12 startup/libea_startup_thumb.a(consol.o)
 .comment       0x00000036       0x12 /cygdrive/c/Embedded/GNUARM/bin/../lib/gcc/arm-elf/4.1.1/../../../../arm-elf/lib/interwork/libc.a(atoi.o)
 .comment       0x00000048       0x12 /cygdrive/c/Embedded/GNUARM/bin/../lib/gcc/arm-elf/4.1.1/../../../../arm-elf/lib/interwork/libc.a(memcpy.o)
 .comment       0x0000005a       0x12 /cygdrive/c/Embedded/GNUARM/bin/../lib/gcc/arm-elf/4.1.1/../../../../arm-elf/lib/interwork/libc.a(strlen.o)
 .comment       0x0000006c       0x12 /cygdrive/c/Embedded/GNUARM/bin/../lib/gcc/arm-elf/4.1.1/../../../../arm-elf/lib/interwork/libc.a(strtol.o)
 .comment       0x0000007e       0x12 /cygdrive/c/Embedded/GNUARM/bin/../lib/gcc/arm-elf/4.1.1/../../../../arm-elf/lib/interwork/libc.a(ctype_.o)
 .comment       0x00000090       0x12 /cygdrive/c/Embedded/GNUARM/bin/../lib/gcc/arm-elf/4.1.1/../../../../arm-elf/lib/interwork/libc.a(impure.o)

.debug
 *(.debug)

.line
 *(.line)

.debug_srcinfo
 *(.debug_srcinfo)

.debug_sfnames
 *(.debug_sfnames)

.debug_aranges  0x00000000      0x140
 *(.debug_aranges)
 .debug_aranges
                0x00000000       0x20 main.o
 .debug_aranges
                0x00000020       0x20 startup/libea_startup_thumb.a(framework.o)
 .debug_aranges
                0x00000040       0x20 startup/libea_startup_thumb.a(consol.o)
 .debug_aranges
                0x00000060       0x20 /cygdrive/c/Embedded/GNUARM/bin/../lib/gcc/arm-elf/4.1.1/interwork/libgcc.a(_udivsi3.o)
 .debug_aranges
                0x00000080       0x20 /cygdrive/c/Embedded/GNUARM/bin/../lib/gcc/arm-elf/4.1.1/interwork/libgcc.a(_umodsi3.o)
 .debug_aranges
                0x000000a0       0x20 /cygdrive/c/Embedded/GNUARM/bin/../lib/gcc/arm-elf/4.1.1/interwork/libgcc.a(_dvmd_tls.o)
 .debug_aranges
                0x000000c0       0x20 /cygdrive/c/Embedded/GNUARM/bin/../lib/gcc/arm-elf/4.1.1/../../../../arm-elf/lib/interwork/libc.a(atoi.o)
 .debug_aranges
                0x000000e0       0x20 /cygdrive/c/Embedded/GNUARM/bin/../lib/gcc/arm-elf/4.1.1/../../../../arm-elf/lib/interwork/libc.a(memcpy.o)
 .debug_aranges
                0x00000100       0x20 /cygdrive/c/Embedded/GNUARM/bin/../lib/gcc/arm-elf/4.1.1/../../../../arm-elf/lib/interwork/libc.a(strlen.o)
 .debug_aranges
                0x00000120       0x20 /cygdrive/c/Embedded/GNUARM/bin/../lib/gcc/arm-elf/4.1.1/../../../../arm-elf/lib/interwork/libc.a(strtol.o)

.debug_pubnames
                0x00000000      0x24b
 *(.debug_pubnames)
 .debug_pubnames
                0x00000000       0x1b main.o
 .debug_pubnames
                0x0000001b       0x63 startup/libea_startup_thumb.a(framework.o)
 .debug_pubnames
                0x0000007e       0xda startup/libea_startup_thumb.a(consol.o)
 .debug_pubnames
                0x00000158       0x27 /cygdrive/c/Embedded/GNUARM/bin/../lib/gcc/arm-elf/4.1.1/../../../../arm-elf/lib/interwork/libc.a(atoi.o)
 .debug_pubnames
                0x0000017f       0x1d /cygdrive/c/Embedded/GNUARM/bin/../lib/gcc/arm-elf/4.1.1/../../../../arm-elf/lib/interwork/libc.a(memcpy.o)
 .debug_pubnames
                0x0000019c       0x1d /cygdrive/c/Embedded/GNUARM/bin/../lib/gcc/arm-elf/4.1.1/../../../../arm-elf/lib/interwork/libc.a(strlen.o)
 .debug_pubnames
                0x000001b9       0x2b /cygdrive/c/Embedded/GNUARM/bin/../lib/gcc/arm-elf/4.1.1/../../../../arm-elf/lib/interwork/libc.a(strtol.o)
 .debug_pubnames
                0x000001e4       0x2e /cygdrive/c/Embedded/GNUARM/bin/../lib/gcc/arm-elf/4.1.1/../../../../arm-elf/lib/interwork/libc.a(ctype_.o)
 .debug_pubnames
                0x00000212       0x39 /cygdrive/c/Embedded/GNUARM/bin/../lib/gcc/arm-elf/4.1.1/../../../../arm-elf/lib/interwork/libc.a(impure.o)

.debug_info     0x00000000     0x2802
 *(.debug_info .gnu.linkonce.wi.*)
 .debug_info    0x00000000       0x91 main.o
 .debug_info    0x00000091      0x1e4 startup/libea_startup_thumb.a(framework.o)
 .debug_info    0x00000275      0x584 startup/libea_startup_thumb.a(consol.o)
 .debug_info    0x000007f9       0x68 /cygdrive/c/Embedded/GNUARM/bin/../lib/gcc/arm-elf/4.1.1/interwork/libgcc.a(_udivsi3.o)
 .debug_info    0x00000861       0x68 /cygdrive/c/Embedded/GNUARM/bin/../lib/gcc/arm-elf/4.1.1/interwork/libgcc.a(_umodsi3.o)
 .debug_info    0x000008c9       0x68 /cygdrive/c/Embedded/GNUARM/bin/../lib/gcc/arm-elf/4.1.1/interwork/libgcc.a(_dvmd_tls.o)
 .debug_info    0x00000931      0x949 /cygdrive/c/Embedded/GNUARM/bin/../lib/gcc/arm-elf/4.1.1/../../../../arm-elf/lib/interwork/libc.a(atoi.o)
 .debug_info    0x0000127a      0x10a /cygdrive/c/Embedded/GNUARM/bin/../lib/gcc/arm-elf/4.1.1/../../../../arm-elf/lib/interwork/libc.a(memcpy.o)
 .debug_info    0x00001384       0xd4 /cygdrive/c/Embedded/GNUARM/bin/../lib/gcc/arm-elf/4.1.1/../../../../arm-elf/lib/interwork/libc.a(strlen.o)
 .debug_info    0x00001458      0xa0f /cygdrive/c/Embedded/GNUARM/bin/../lib/gcc/arm-elf/4.1.1/../../../../arm-elf/lib/interwork/libc.a(strtol.o)
 .debug_info    0x00001e67       0x79 /cygdrive/c/Embedded/GNUARM/bin/../lib/gcc/arm-elf/4.1.1/../../../../arm-elf/lib/interwork/libc.a(ctype_.o)
 .debug_info    0x00001ee0      0x922 /cygdrive/c/Embedded/GNUARM/bin/../lib/gcc/arm-elf/4.1.1/../../../../arm-elf/lib/interwork/libc.a(impure.o)

.debug_abbrev   0x00000000      0x9fe
 *(.debug_abbrev)
 .debug_abbrev  0x00000000       0x41 main.o
 .debug_abbrev  0x00000041       0xd0 startup/libea_startup_thumb.a(framework.o)
 .debug_abbrev  0x00000111      0x2a4 startup/libea_startup_thumb.a(consol.o)
 .debug_abbrev  0x000003b5       0x14 /cygdrive/c/Embedded/GNUARM/bin/../lib/gcc/arm-elf/4.1.1/interwork/libgcc.a(_udivsi3.o)
 .debug_abbrev  0x000003c9       0x14 /cygdrive/c/Embedded/GNUARM/bin/../lib/gcc/arm-elf/4.1.1/interwork/libgcc.a(_umodsi3.o)
 .debug_abbrev  0x000003dd       0x14 /cygdrive/c/Embedded/GNUARM/bin/../lib/gcc/arm-elf/4.1.1/interwork/libgcc.a(_dvmd_tls.o)
 .debug_abbrev  0x000003f1      0x176 /cygdrive/c/Embedded/GNUARM/bin/../lib/gcc/arm-elf/4.1.1/../../../../arm-elf/lib/interwork/libc.a(atoi.o)
 .debug_abbrev  0x00000567       0xa6 /cygdrive/c/Embedded/GNUARM/bin/../lib/gcc/arm-elf/4.1.1/../../../../arm-elf/lib/interwork/libc.a(memcpy.o)
 .debug_abbrev  0x0000060d       0x8b /cygdrive/c/Embedded/GNUARM/bin/../lib/gcc/arm-elf/4.1.1/../../../../arm-elf/lib/interwork/libc.a(strlen.o)
 .debug_abbrev  0x00000698      0x1bd /cygdrive/c/Embedded/GNUARM/bin/../lib/gcc/arm-elf/4.1.1/../../../../arm-elf/lib/interwork/libc.a(strtol.o)
 .debug_abbrev  0x00000855       0x52 /cygdrive/c/Embedded/GNUARM/bin/../lib/gcc/arm-elf/4.1.1/../../../../arm-elf/lib/interwork/libc.a(ctype_.o)
 .debug_abbrev  0x000008a7      0x157 /cygdrive/c/Embedded/GNUARM/bin/../lib/gcc/arm-elf/4.1.1/../../../../arm-elf/lib/interwork/libc.a(impure.o)

.debug_line     0x00000000      0x910
 *(.debug_line)
 .debug_line    0x00000000       0x36 main.o
 .debug_line    0x00000036       0xd7 startup/libea_startup_thumb.a(framework.o)
 .debug_line    0x0000010d      0x193 startup/libea_startup_thumb.a(consol.o)
 .debug_line    0x000002a0       0x84 /cygdrive/c/Embedded/GNUARM/bin/../lib/gcc/arm-elf/4.1.1/interwork/libgcc.a(_udivsi3.o)
 .debug_line    0x00000324       0x6e /cygdrive/c/Embedded/GNUARM/bin/../lib/gcc/arm-elf/4.1.1/interwork/libgcc.a(_umodsi3.o)
 .debug_line    0x00000392       0x5d /cygdrive/c/Embedded/GNUARM/bin/../lib/gcc/arm-elf/4.1.1/interwork/libgcc.a(_dvmd_tls.o)
 .debug_line    0x000003ef       0xf9 /cygdrive/c/Embedded/GNUARM/bin/../lib/gcc/arm-elf/4.1.1/../../../../arm-elf/lib/interwork/libc.a(atoi.o)
 .debug_line    0x000004e8       0xc8 /cygdrive/c/Embedded/GNUARM/bin/../lib/gcc/arm-elf/4.1.1/../../../../arm-elf/lib/interwork/libc.a(memcpy.o)
 .debug_line    0x000005b0       0xaf /cygdrive/c/Embedded/GNUARM/bin/../lib/gcc/arm-elf/4.1.1/../../../../arm-elf/lib/interwork/libc.a(strlen.o)
 .debug_line    0x0000065f      0x173 /cygdrive/c/Embedded/GNUARM/bin/../lib/gcc/arm-elf/4.1.1/../../../../arm-elf/lib/interwork/libc.a(strtol.o)
 .debug_line    0x000007d2       0x5b /cygdrive/c/Embedded/GNUARM/bin/../lib/gcc/arm-elf/4.1.1/../../../../arm-elf/lib/interwork/libc.a(ctype_.o)
 .debug_line    0x0000082d       0xe3 /cygdrive/c/Embedded/GNUARM/bin/../lib/gcc/arm-elf/4.1.1/../../../../arm-elf/lib/interwork/libc.a(impure.o)

.debug_frame    0x00000000      0x378
 *(.debug_frame)
 .debug_frame   0x00000000       0x20 main.o
 .debug_frame   0x00000020       0xd8 startup/libea_startup_thumb.a(framework.o)
 .debug_frame   0x000000f8      0x150 startup/libea_startup_thumb.a(consol.o)
 .debug_frame   0x00000248       0x2c /cygdrive/c/Embedded/GNUARM/bin/../lib/gcc/arm-elf/4.1.1/interwork/libgcc.a(_udivsi3.o)
 .debug_frame   0x00000274       0x2c /cygdrive/c/Embedded/GNUARM/bin/../lib/gcc/arm-elf/4.1.1/interwork/libgcc.a(_umodsi3.o)
 .debug_frame   0x000002a0       0x40 /cygdrive/c/Embedded/GNUARM/bin/../lib/gcc/arm-elf/4.1.1/../../../../arm-elf/lib/interwork/libc.a(atoi.o)
 .debug_frame   0x000002e0       0x28 /cygdrive/c/Embedded/GNUARM/bin/../lib/gcc/arm-elf/4.1.1/../../../../arm-elf/lib/interwork/libc.a(memcpy.o)
 .debug_frame   0x00000308       0x20 /cygdrive/c/Embedded/GNUARM/bin/../lib/gcc/arm-elf/4.1.1/../../../../arm-elf/lib/interwork/libc.a(strlen.o)
 .debug_frame   0x00000328       0x50 /cygdrive/c/Embedded/GNUARM/bin/../lib/gcc/arm-elf/4.1.1/../../../../arm-elf/lib/interwork/libc.a(strtol.o)

.debug_str      0x00000000      0x9f7
 *(.debug_str)
 .debug_str     0x00000000       0xbd main.o
                                 0xf6 (size before relaxing)
 .debug_str     0x000000bd      0x13a startup/libea_startup_thumb.a(framework.o)
                                0x16c (size before relaxing)
 .debug_str     0x000001f7      0x172 startup/libea_startup_thumb.a(consol.o)
                                0x270 (size before relaxing)
 .debug_str     0x00000369      0x409 /cygdrive/c/Embedded/GNUARM/bin/../lib/gcc/arm-elf/4.1.1/../../../../arm-elf/lib/interwork/libc.a(atoi.o)
                                0x49e (size before relaxing)
 .debug_str     0x00000772       0xaa /cygdrive/c/Embedded/GNUARM/bin/../lib/gcc/arm-elf/4.1.1/../../../../arm-elf/lib/interwork/libc.a(memcpy.o)
                                 0xd6 (size before relaxing)
 .debug_str     0x0000081c       0x56 /cygdrive/c/Embedded/GNUARM/bin/../lib/gcc/arm-elf/4.1.1/../../../../arm-elf/lib/interwork/libc.a(strlen.o)
                                0x11f (size before relaxing)
 .debug_str     0x00000872       0x78 /cygdrive/c/Embedded/GNUARM/bin/../lib/gcc/arm-elf/4.1.1/../../../../arm-elf/lib/interwork/libc.a(strtol.o)
                                0x4e0 (size before relaxing)
 .debug_str     0x000008ea       0x7b /cygdrive/c/Embedded/GNUARM/bin/../lib/gcc/arm-elf/4.1.1/../../../../arm-elf/lib/interwork/libc.a(ctype_.o)
                                 0xaa (size before relaxing)
 .debug_str     0x00000965       0x92 /cygdrive/c/Embedded/GNUARM/bin/../lib/gcc/arm-elf/4.1.1/../../../../arm-elf/lib/interwork/libc.a(impure.o)
                                0x4bc (size before relaxing)

.debug_loc      0x00000000      0xb46
 *(.debug_loc)
 .debug_loc     0x00000000      0x193 startup/libea_startup_thumb.a(framework.o)
 .debug_loc     0x00000193      0x5ee startup/libea_startup_thumb.a(consol.o)
 .debug_loc     0x00000781       0x77 /cygdrive/c/Embedded/GNUARM/bin/../lib/gcc/arm-elf/4.1.1/../../../../arm-elf/lib/interwork/libc.a(atoi.o)
 .debug_loc     0x000007f8       0xfc /cygdrive/c/Embedded/GNUARM/bin/../lib/gcc/arm-elf/4.1.1/../../../../arm-elf/lib/interwork/libc.a(memcpy.o)
 .debug_loc     0x000008f4       0x47 /cygdrive/c/Embedded/GNUARM/bin/../lib/gcc/arm-elf/4.1.1/../../../../arm-elf/lib/interwork/libc.a(strlen.o)
 .debug_loc     0x0000093b      0x20b /cygdrive/c/Embedded/GNUARM/bin/../lib/gcc/arm-elf/4.1.1/../../../../arm-elf/lib/interwork/libc.a(strtol.o)

.debug_macinfo
 *(.debug_macinfo)

.debug_weaknames
 *(.debug_weaknames)

.debug_funcnames
 *(.debug_funcnames)

.debug_typenames
 *(.debug_typenames)

.debug_varnames
 *(.debug_varnames)
OUTPUT(lpc2104_color_lcd_v1.9.elf elf32-littlearm)

Cross Reference Table

Symbol                                            File
__aeabi_idiv0                                     /cygdrive/c/Embedded/GNUARM/bin/../lib/gcc/arm-elf/4.1.1/interwork/libgcc.a(_dvmd_tls.o)
__aeabi_ldiv0                                     /cygdrive/c/Embedded/GNUARM/bin/../lib/gcc/arm-elf/4.1.1/interwork/libgcc.a(_dvmd_tls.o)
__aeabi_uidiv                                     /cygdrive/c/Embedded/GNUARM/bin/../lib/gcc/arm-elf/4.1.1/interwork/libgcc.a(_udivsi3.o)
__aeabi_uidivmod                                  /cygdrive/c/Embedded/GNUARM/bin/../lib/gcc/arm-elf/4.1.1/interwork/libgcc.a(_udivsi3.o)
__bss_end__                                       startup/libea_startup_thumb.a(startup.o)
__bss_start__                                     startup/libea_startup_thumb.a(startup.o)
__ctype_ptr                                       /cygdrive/c/Embedded/GNUARM/bin/../lib/gcc/arm-elf/4.1.1/../../../../arm-elf/lib/interwork/libc.a(ctype_.o)
                                                  /cygdrive/c/Embedded/GNUARM/bin/../lib/gcc/arm-elf/4.1.1/../../../../arm-elf/lib/interwork/libc.a(strtol.o)
__div0                                            /cygdrive/c/Embedded/GNUARM/bin/../lib/gcc/arm-elf/4.1.1/interwork/libgcc.a(_dvmd_tls.o)
                                                  /cygdrive/c/Embedded/GNUARM/bin/../lib/gcc/arm-elf/4.1.1/interwork/libgcc.a(_umodsi3.o)
                                                  /cygdrive/c/Embedded/GNUARM/bin/../lib/gcc/arm-elf/4.1.1/interwork/libgcc.a(_udivsi3.o)
__udivsi3                                         /cygdrive/c/Embedded/GNUARM/bin/../lib/gcc/arm-elf/4.1.1/interwork/libgcc.a(_udivsi3.o)
                                                  /cygdrive/c/Embedded/GNUARM/bin/../lib/gcc/arm-elf/4.1.1/../../../../arm-elf/lib/interwork/libc.a(strtol.o)
                                                  startup/libea_startup_thumb.a(consol.o)
__umodsi3                                         /cygdrive/c/Embedded/GNUARM/bin/../lib/gcc/arm-elf/4.1.1/interwork/libgcc.a(_umodsi3.o)
                                                  /cygdrive/c/Embedded/GNUARM/bin/../lib/gcc/arm-elf/4.1.1/../../../../arm-elf/lib/interwork/libc.a(strtol.o)
                                                  startup/libea_startup_thumb.a(consol.o)
_atoi_r                                           /cygdrive/c/Embedded/GNUARM/bin/../lib/gcc/arm-elf/4.1.1/../../../../arm-elf/lib/interwork/libc.a(atoi.o)
_ctype_                                           /cygdrive/c/Embedded/GNUARM/bin/../lib/gcc/arm-elf/4.1.1/../../../../arm-elf/lib/interwork/libc.a(ctype_.o)
_data                                             startup/libea_startup_thumb.a(startup.o)
_edata                                            startup/libea_startup_thumb.a(startup.o)
_etext                                            startup/libea_startup_thumb.a(startup.o)
_global_impure_ptr                                /cygdrive/c/Embedded/GNUARM/bin/../lib/gcc/arm-elf/4.1.1/../../../../arm-elf/lib/interwork/libc.a(impure.o)
_impure_ptr                                       /cygdrive/c/Embedded/GNUARM/bin/../lib/gcc/arm-elf/4.1.1/../../../../arm-elf/lib/interwork/libc.a(impure.o)
                                                  /cygdrive/c/Embedded/GNUARM/bin/../lib/gcc/arm-elf/4.1.1/../../../../arm-elf/lib/interwork/libc.a(strtol.o)
_startup                                          startup/libea_startup_thumb.a(startup.o)
_strtol_r                                         /cygdrive/c/Embedded/GNUARM/bin/../lib/gcc/arm-elf/4.1.1/../../../../arm-elf/lib/interwork/libc.a(strtol.o)
                                                  /cygdrive/c/Embedded/GNUARM/bin/../lib/gcc/arm-elf/4.1.1/../../../../arm-elf/lib/interwork/libc.a(atoi.o)
atoi                                              /cygdrive/c/Embedded/GNUARM/bin/../lib/gcc/arm-elf/4.1.1/../../../../arm-elf/lib/interwork/libc.a(atoi.o)
                                                  startup/libea_startup_thumb.a(consol.o)
consolGetCh                                       startup/libea_startup_thumb.a(consol.o)
consolGetChar                                     startup/libea_startup_thumb.a(consol.o)
consolGetIntNum                                   startup/libea_startup_thumb.a(consol.o)
consolGetString                                   startup/libea_startup_thumb.a(consol.o)
consolInit                                        startup/libea_startup_thumb.a(consol.o)
                                                  startup/libea_startup_thumb.a(framework.o)
consolScanf                                       startup/libea_startup_thumb.a(consol.o)
consolSendCh                                      startup/libea_startup_thumb.a(consol.o)
consolSendChar                                    startup/libea_startup_thumb.a(consol.o)
consolSendNumber                                  startup/libea_startup_thumb.a(consol.o)
                                                  startup/libea_startup_thumb.a(framework.o)
consolSendString                                  startup/libea_startup_thumb.a(consol.o)
                                                  startup/libea_startup_thumb.a(framework.o)
eaInit                                            startup/libea_startup_thumb.a(framework.o)
end                                               startup/libea_startup_thumb.a(framework.o)
exceptionHandlerInit                              startup/libea_startup_thumb.a(framework.o)
                                                  startup/libea_startup_thumb.a(startup.o)
lowLevelInit                                      startup/libea_startup_thumb.a(framework.o)
                                                  startup/libea_startup_thumb.a(startup.o)
main                                              main.o
                                                  startup/libea_startup_thumb.a(startup.o)
memcpy                                            /cygdrive/c/Embedded/GNUARM/bin/../lib/gcc/arm-elf/4.1.1/../../../../arm-elf/lib/interwork/libc.a(memcpy.o)
                                                  startup/libea_startup_thumb.a(consol.o)
pHeapEnd                                          startup/libea_startup_thumb.a(framework.o)
pHeapStart                                        startup/libea_startup_thumb.a(framework.o)
simplePrintf                                      startup/libea_startup_thumb.a(consol.o)
strlen                                            /cygdrive/c/Embedded/GNUARM/bin/../lib/gcc/arm-elf/4.1.1/../../../../arm-elf/lib/interwork/libc.a(strlen.o)
                                                  startup/libea_startup_thumb.a(consol.o)
strtol                                            /cygdrive/c/Embedded/GNUARM/bin/../lib/gcc/arm-elf/4.1.1/../../../../arm-elf/lib/interwork/libc.a(strtol.o)
                                                  /cygdrive/c/Embedded/GNUARM/bin/../lib/gcc/arm-elf/4.1.1/../../../../arm-elf/lib/interwork/libc.a(atoi.o)
