Archive member included because of file (symbol)

startup/libea_startup_thumb.a(consol.o)
                              bt.o (consolGetChar)
startup/libea_startup_thumb.a(framework.o)
                              main.o (eaInit)
startup/libea_startup_thumb.a(startup.o)
                              (_startup)
irq_code/irqUart.a(irqUart.o)
                              uart.o (disIrq)
pre_emptive_os/pre_emptive_os.a(kernel.o)
                              main.o (osInit)
pre_emptive_os/pre_emptive_os.a(prioqueue.o)
                              pre_emptive_os/pre_emptive_os.a(kernel.o) (initPrioQueue)
pre_emptive_os/pre_emptive_os.a(count_sem.o)
                              uart.o (osSemInit)
pre_emptive_os/pre_emptive_os.a(timer.o)
                              pre_emptive_os/pre_emptive_os.a(kernel.o) (timerTick)
pre_emptive_os/pre_emptive_os.a(stack_usage.o)
                              pre_emptive_os/pre_emptive_os.a(kernel.o) (createStackPattern)
pre_emptive_os/pre_emptive_os.a(a7hal.o)
                              pre_emptive_os/pre_emptive_os.a(kernel.o) (stkFrameInit_oshal)
pre_emptive_os/pre_emptive_os.a(a7hal_a.o)
                              pre_emptive_os/pre_emptive_os.a(kernel.o) (startHighProc_oshal)
pre_emptive_os/pre_emptive_os.a(event.o)
                              pre_emptive_os/pre_emptive_os.a(count_sem.o) (eventInit)
/cygdrive/c/program files/gnuarm/bin/../lib/gcc/arm-elf/4.1.1/interwork/libgcc.a(_udivsi3.o)
                              startup/libea_startup_thumb.a(consol.o) (__udivsi3)
/cygdrive/c/program files/gnuarm/bin/../lib/gcc/arm-elf/4.1.1/interwork/libgcc.a(_divsi3.o)
                              snake.o (__divsi3)
/cygdrive/c/program files/gnuarm/bin/../lib/gcc/arm-elf/4.1.1/interwork/libgcc.a(_umodsi3.o)
                              snake.o (__umodsi3)
/cygdrive/c/program files/gnuarm/bin/../lib/gcc/arm-elf/4.1.1/interwork/libgcc.a(_modsi3.o)
                              snake.o (__modsi3)
/cygdrive/c/program files/gnuarm/bin/../lib/gcc/arm-elf/4.1.1/interwork/libgcc.a(_dvmd_tls.o)
                              /cygdrive/c/program files/gnuarm/bin/../lib/gcc/arm-elf/4.1.1/interwork/libgcc.a(_udivsi3.o) (__div0)
/cygdrive/c/program files/gnuarm/bin/../lib/gcc/arm-elf/4.1.1/interwork/libgcc.a(_call_via_rX.o)
                              pre_emptive_os/pre_emptive_os.a(timer.o) (_call_via_r4)
/cygdrive/c/program files/gnuarm/bin/../lib/gcc/arm-elf/4.1.1/../../../../arm-elf/lib/interwork/libc.a(atoi.o)
                              startup/libea_startup_thumb.a(consol.o) (atoi)
/cygdrive/c/program files/gnuarm/bin/../lib/gcc/arm-elf/4.1.1/../../../../arm-elf/lib/interwork/libc.a(memcpy.o)
                              hw.o (memcpy)
/cygdrive/c/program files/gnuarm/bin/../lib/gcc/arm-elf/4.1.1/../../../../arm-elf/lib/interwork/libc.a(rand.o)
                              snake.o (rand)
/cygdrive/c/program files/gnuarm/bin/../lib/gcc/arm-elf/4.1.1/../../../../arm-elf/lib/interwork/libc.a(strlen.o)
                              startup/libea_startup_thumb.a(consol.o) (strlen)
/cygdrive/c/program files/gnuarm/bin/../lib/gcc/arm-elf/4.1.1/../../../../arm-elf/lib/interwork/libc.a(strtol.o)
                              /cygdrive/c/program files/gnuarm/bin/../lib/gcc/arm-elf/4.1.1/../../../../arm-elf/lib/interwork/libc.a(atoi.o) (_strtol_r)
/cygdrive/c/program files/gnuarm/bin/../lib/gcc/arm-elf/4.1.1/../../../../arm-elf/lib/interwork/libc.a(ctype_.o)
                              /cygdrive/c/program files/gnuarm/bin/../lib/gcc/arm-elf/4.1.1/../../../../arm-elf/lib/interwork/libc.a(strtol.o) (__ctype_ptr)
/cygdrive/c/program files/gnuarm/bin/../lib/gcc/arm-elf/4.1.1/../../../../arm-elf/lib/interwork/libc.a(impure.o)
                              /cygdrive/c/program files/gnuarm/bin/../lib/gcc/arm-elf/4.1.1/../../../../arm-elf/lib/interwork/libc.a(rand.o) (_impure_ptr)

Allocating common symbols
Common symbol       size              file

uart1RxBuf          0x400             uart.o
receiveSem          0x1c              uart.o
ms                  0x4               main.o
ver1_1              0x1               hw.o
pHeapEnd            0x4               startup/libea_startup_thumb.a(framework.o)
pHeapStart          0x4               startup/libea_startup_thumb.a(framework.o)
uart1TxBuf          0x100             uart.o
ver1_0              0x1               hw.o
processControlBlocks
                    0xc8              pre_emptive_os/pre_emptive_os.a(kernel.o)

Discarded input sections

 .stabstr       0x00000000        0x0 startup/libea_startup_thumb.a(startup.o)
 .stabstr       0x00000000        0x0 pre_emptive_os/pre_emptive_os.a(a7hal_a.o)

Memory Configuration

Name             Origin             Length             Attributes
FLASH            0x00000000         0x00020000         xr
RAM              0x40000000         0x00004000         rw
*default*        0x00000000         0xffffffff

Linker script and memory map

LOAD main.o
LOAD lcd.o
LOAD key.o
LOAD select.o
LOAD uart.o
LOAD bt.o
LOAD snake.o
LOAD eeprom.o
LOAD i2c.o
LOAD hw.o
LOAD startup/libea_startup_thumb.a
LOAD irq_code/irqUart.a
LOAD gcc_files/libm.a
LOAD pre_emptive_os/pre_emptive_os.a
START GROUP
LOAD /cygdrive/c/program files/gnuarm/bin/../lib/gcc/arm-elf/4.1.1/interwork/libgcc.a
LOAD /cygdrive/c/program files/gnuarm/bin/../lib/gcc/arm-elf/4.1.1/../../../../arm-elf/lib/interwork/libc.a
END GROUP

.text           0x00000000     0x4608
 *startup.o(.text)
 .text          0x00000000      0x1d8 startup/libea_startup_thumb.a(startup.o)
                0x00000000                _startup
 *(.text)
 .text          0x000001d8      0x284 main.o
                0x000001d8                appTick
                0x000001e8                main
 .text          0x0000045c      0x570 lcd.o
                0x0000045c                lcdColor
                0x00000628                lcdWindow
                0x00000868                lcdClrscr
                0x00000730                lcdRectBrd
                0x000005ac                lcdPutchar
                0x00000844                lcdContrast
                0x000008bc                lcdOff
                0x000008d8                lcdInit
                0x00000680                lcdIcon
                0x000004e4                lcdData
                0x00000470                lcdWrdata
                0x000007e0                lcdRect
                0x00000480                lcdWrcmd
                0x00000610                lcdPuts
                0x00000658                lcdGotoxy
 .text          0x000009cc      0x1e0 key.o
                0x000009dc                checkKey2
                0x00000a28                sampleKey
                0x000009e8                initKeyProc
                0x000009cc                checkKey
 .text          0x00000bac      0x160 select.o
                0x00000c1c                drawMenu
 .text          0x00000d0c      0x280 uart.o
                0x00000dbc                uart1SendChar
                0x00000e40                uart1SendChars
                0x00000e84                uart1SendString
                0x00000e68                uart1SendCh
                0x00000e9c                initUart1
                0x00000d74                uart1GetChSem
                0x00000d0c                uart1GetChar
                0x00000da0                uart1GetCh
 .text          0x00000f8c      0x140 bt.o
                0x00000f8c                initBtProc
 .text          0x000010cc      0x730 snake.o
                0x00001150                stopTimer1
                0x000016f4                playSnake
                0x0000115c                enterSleepMode
                0x00001634                moveSnake
                0x00001168                sendScore
 .text          0x000017fc      0x378 eeprom.o
                0x00001990                lm75Read
                0x0000189c                pca9532
                0x00001a10                eepromWrite
                0x00001b1c                eepromPoll
                0x00001a9c                eepromPageRead
                0x000017fc                eepromStartRead
 .text          0x00001b74      0x3e0 i2c.o
                0x00001d38                i2cInit
                0x00001dac                getI2cLock
                0x00001e14                i2cRead
                0x00001cb0                i2cWriteWithWait
                0x00001b8c                i2cStart
                0x00001bd8                i2cStop
                0x00001b74                i2cCheckStatus
                0x00001c2c                i2cGetChar
                0x00001dc8                i2cRepeatStart
                0x00001eb4                i2cWrite
                0x00001c84                i2cWaitTransmit
                0x00001ce0                i2cMyWrite
                0x00001c00                i2cPutChar
                0x00001d94                releaseI2cLock
 .text          0x00001f54      0x44c hw.o
                0x00001fb8                sendToLCD
                0x000021f8                resetBT
                0x00001f54                setBuzzer
                0x00002034                initSpiForLcd
                0x000022e4                immediateIoInit
                0x00002274                resetLCD
                0x0000213c                setLED
                0x0000208c                getKeys
                0x00001f78                selectLCD
 .text          0x000023a0      0x680 startup/libea_startup_thumb.a(consol.o)
                0x0000285c                consolGetIntNum
                0x00002498                consolSendCh
                0x00002664                consolGetString
                0x00002508                consolSendNumber
                0x00002620                consolGetCh
                0x00002478                consolSendChar
                0x000026dc                simplePrintf
                0x000024dc                consolSendString
                0x0000293c                consolScanf
                0x00002640                consolGetChar
                0x00002424                consolInit
 .text          0x00002a20      0x2bc startup/libea_startup_thumb.a(framework.o)
                0x00002b48                eaInit
                0x00002a98                lowLevelInit
                0x00002a20                exceptionHandlerInit
 .text          0x00002cdc      0x2bc irq_code/irqUart.a(irqUart.o)
                0x00002d04                uart1ISR
                0x00002cfc                restoreIrq
                0x00002cdc                disIrq
 .text          0x00002f98      0x4f8 pre_emptive_os/pre_emptive_os.a(kernel.o)
                0x00003314                osTick
                0x000033d8                rmvFromRdyList
                0x00003134                osGetHighPrioProc
                0x000033f4                osSuspend
                0x00003048                osInit
                0x00003428                osDeleteProcess
                0x00003074                osISREnter
                0x00003150                schedule
                0x00003098                osCreateProcess
                0x00003294                addToRdyList
                0x00002fe4                addToTimeList
                0x000032a8                osResume
                0x00002f98                osPid
                0x00003458                osSleep
                0x000031bc                osISRExit
                0x00003224                osStart
                0x00003250                rmvFromTimeList
                0x00003370                osStartProcess
 .text          0x00003490      0x124 pre_emptive_os/pre_emptive_os.a(prioqueue.o)
                0x00003490                initPrioQueue
                0x000034f8                rmvFromPrioQueue
                0x000034b0                addToPrioQueue
                0x00003594                isEmptyPrioQueue
                0x0000355c                getHighPrioQueue
 .text          0x000035b4      0x144 pre_emptive_os/pre_emptive_os.a(count_sem.o)
                0x00003654                osSemGive
                0x000036b8                osSemTryTake
                0x000035b4                osSemInit
                0x000035c8                osSemTake
 .text          0x000036f8      0x218 pre_emptive_os/pre_emptive_os.a(timer.o)
                0x000036f8                timerTick
                0x0000386c                osInitTimers
                0x00003808                osDeleteTimer
                0x000037dc                osCreateTimer
 .text          0x00003910       0xa4 pre_emptive_os/pre_emptive_os.a(stack_usage.o)
                0x00003910                osStackUsage
                0x00003954                createStackPattern
                0x00003974                checkStackLimit
 .text          0x000039b4      0x1ec pre_emptive_os/pre_emptive_os.a(a7hal.o)
                0x000039ec                stkFrameInit_oshal
                0x000039b4                timerIsr_oshal
                0x00003acc                halRestoreInterrupts_oshal
                0x00003ad4                initTimer_oshal
                0x00003abc                halEnableInterrupts_oshal
                0x00003b6c                handleIRQs_oshal
                0x00003a9c                halDisableInterrupts_oshal
 .text          0x00003ba0       0xc4 pre_emptive_os/pre_emptive_os.a(a7hal_a.o)
                0x00003bac                startHighProc_oshal
                0x00003bd4                ctxSwitchIsr_oshal
                0x00003bb4                ctxSwitch_oshal
                0x00003bf4                generalIRQ_oshal
 .text          0x00003c64       0xd8 pre_emptive_os/pre_emptive_os.a(event.o)
                0x00003c74                eventWait
                0x00003c64                eventInit
                0x00003cdc                eventIsEmpty
                0x00003cac                eventWaitReturn
                0x00003cec                eventSignal
 .text          0x00003d3c      0x114 /cygdrive/c/program files/gnuarm/bin/../lib/gcc/arm-elf/4.1.1/interwork/libgcc.a(_udivsi3.o)
                0x00003d3c                __udivsi3
                0x00003d3c                __aeabi_uidiv
                0x00003e38                __aeabi_uidivmod
 .text          0x00003e50      0x144 /cygdrive/c/program files/gnuarm/bin/../lib/gcc/arm-elf/4.1.1/interwork/libgcc.a(_divsi3.o)
                0x00003e50                __aeabi_idiv
                0x00003e50                __divsi3
                0x00003f7c                __aeabi_idivmod
 .text          0x00003f94       0xd0 /cygdrive/c/program files/gnuarm/bin/../lib/gcc/arm-elf/4.1.1/interwork/libgcc.a(_umodsi3.o)
                0x00003f94                __umodsi3
 .text          0x00004064       0xe8 /cygdrive/c/program files/gnuarm/bin/../lib/gcc/arm-elf/4.1.1/interwork/libgcc.a(_modsi3.o)
                0x00004064                __modsi3
 .text          0x0000414c        0x4 /cygdrive/c/program files/gnuarm/bin/../lib/gcc/arm-elf/4.1.1/interwork/libgcc.a(_dvmd_tls.o)
                0x0000414c                __aeabi_ldiv0
                0x0000414c                __div0
                0x0000414c                __aeabi_idiv0
 .text          0x00004150       0x3c /cygdrive/c/program files/gnuarm/bin/../lib/gcc/arm-elf/4.1.1/interwork/libgcc.a(_call_via_rX.o)
                0x00004158                _call_via_r2
                0x00004168                _call_via_r6
                0x00004164                _call_via_r5
                0x0000415c                _call_via_r3
                0x0000417c                _call_via_fp
                0x00004170                _call_via_r8
                0x0000416c                _call_via_r7
                0x00004150                _call_via_r0
                0x00004178                _call_via_sl
                0x00004184                _call_via_sp
                0x00004174                _call_via_r9
                0x00004160                _call_via_r4
                0x00004154                _call_via_r1
                0x00004180                _call_via_ip
                0x00004188                _call_via_lr
 .text          0x0000418c       0x30 /cygdrive/c/program files/gnuarm/bin/../lib/gcc/arm-elf/4.1.1/../../../../arm-elf/lib/interwork/libc.a(atoi.o)
                0x0000418c                _atoi_r
                0x000041a4                atoi
 .text          0x000041bc       0x9c /cygdrive/c/program files/gnuarm/bin/../lib/gcc/arm-elf/4.1.1/../../../../arm-elf/lib/interwork/libc.a(memcpy.o)
                0x000041bc                memcpy
 .text          0x00004258       0x7c /cygdrive/c/program files/gnuarm/bin/../lib/gcc/arm-elf/4.1.1/../../../../arm-elf/lib/interwork/libc.a(rand.o)
                0x00004274                rand
                0x00004258                srand
 .text          0x000042d4       0x90 /cygdrive/c/program files/gnuarm/bin/../lib/gcc/arm-elf/4.1.1/../../../../arm-elf/lib/interwork/libc.a(strlen.o)
                0x000042d4                strlen
 .text          0x00004364      0x1f0 /cygdrive/c/program files/gnuarm/bin/../lib/gcc/arm-elf/4.1.1/../../../../arm-elf/lib/interwork/libc.a(strtol.o)
                0x00004528                strtol
                0x00004364                _strtol_r
 .text          0x00004554        0x0 /cygdrive/c/program files/gnuarm/bin/../lib/gcc/arm-elf/4.1.1/../../../../arm-elf/lib/interwork/libc.a(ctype_.o)
 .text          0x00004554        0x0 /cygdrive/c/program files/gnuarm/bin/../lib/gcc/arm-elf/4.1.1/../../../../arm-elf/lib/interwork/libc.a(impure.o)
 *(.glue_7)
 .glue_7        0x00004554        0x0 main.o
 .glue_7        0x00004554        0x0 lcd.o
 .glue_7        0x00004554        0x0 key.o
 .glue_7        0x00004554        0x0 select.o
 .glue_7        0x00004554        0x0 uart.o
 .glue_7        0x00004554        0x0 bt.o
 .glue_7        0x00004554        0x0 snake.o
 .glue_7        0x00004554        0x0 eeprom.o
 .glue_7        0x00004554        0x0 i2c.o
 .glue_7        0x00004554        0x0 hw.o
 .glue_7        0x00004554        0x0 startup/libea_startup_thumb.a(consol.o)
 .glue_7        0x00004554        0x0 startup/libea_startup_thumb.a(framework.o)
 .glue_7        0x00004554        0x0 startup/libea_startup_thumb.a(startup.o)
 .glue_7        0x00004554        0x0 irq_code/irqUart.a(irqUart.o)
 .glue_7        0x00004554        0x0 pre_emptive_os/pre_emptive_os.a(kernel.o)
 .glue_7        0x00004554        0x0 pre_emptive_os/pre_emptive_os.a(prioqueue.o)
 .glue_7        0x00004554        0x0 pre_emptive_os/pre_emptive_os.a(count_sem.o)
 .glue_7        0x00004554        0x0 pre_emptive_os/pre_emptive_os.a(timer.o)
 .glue_7        0x00004554        0x0 pre_emptive_os/pre_emptive_os.a(stack_usage.o)
 .glue_7        0x00004554        0x0 pre_emptive_os/pre_emptive_os.a(a7hal.o)
 .glue_7        0x00004554        0x0 pre_emptive_os/pre_emptive_os.a(a7hal_a.o)
 .glue_7        0x00004554        0x0 pre_emptive_os/pre_emptive_os.a(event.o)
 .glue_7        0x00004554        0x0 /cygdrive/c/program files/gnuarm/bin/../lib/gcc/arm-elf/4.1.1/interwork/libgcc.a(_udivsi3.o)
 .glue_7        0x00004554        0x0 /cygdrive/c/program files/gnuarm/bin/../lib/gcc/arm-elf/4.1.1/interwork/libgcc.a(_divsi3.o)
 .glue_7        0x00004554        0x0 /cygdrive/c/program files/gnuarm/bin/../lib/gcc/arm-elf/4.1.1/interwork/libgcc.a(_umodsi3.o)
 .glue_7        0x00004554        0x0 /cygdrive/c/program files/gnuarm/bin/../lib/gcc/arm-elf/4.1.1/interwork/libgcc.a(_modsi3.o)
 .glue_7        0x00004554        0x0 /cygdrive/c/program files/gnuarm/bin/../lib/gcc/arm-elf/4.1.1/interwork/libgcc.a(_dvmd_tls.o)
 .glue_7        0x00004554        0x0 /cygdrive/c/program files/gnuarm/bin/../lib/gcc/arm-elf/4.1.1/interwork/libgcc.a(_call_via_rX.o)
 .glue_7        0x00004554        0x0 /cygdrive/c/program files/gnuarm/bin/../lib/gcc/arm-elf/4.1.1/../../../../arm-elf/lib/interwork/libc.a(atoi.o)
 .glue_7        0x00004554        0x0 /cygdrive/c/program files/gnuarm/bin/../lib/gcc/arm-elf/4.1.1/../../../../arm-elf/lib/interwork/libc.a(memcpy.o)
 .glue_7        0x00004554        0x0 /cygdrive/c/program files/gnuarm/bin/../lib/gcc/arm-elf/4.1.1/../../../../arm-elf/lib/interwork/libc.a(rand.o)
 .glue_7        0x00004554        0x0 /cygdrive/c/program files/gnuarm/bin/../lib/gcc/arm-elf/4.1.1/../../../../arm-elf/lib/interwork/libc.a(strlen.o)
 .glue_7        0x00004554        0x0 /cygdrive/c/program files/gnuarm/bin/../lib/gcc/arm-elf/4.1.1/../../../../arm-elf/lib/interwork/libc.a(strtol.o)
 .glue_7        0x00004554        0x0 /cygdrive/c/program files/gnuarm/bin/../lib/gcc/arm-elf/4.1.1/../../../../arm-elf/lib/interwork/libc.a(ctype_.o)
 .glue_7        0x00004554       0x24 /cygdrive/c/program files/gnuarm/bin/../lib/gcc/arm-elf/4.1.1/../../../../arm-elf/lib/interwork/libc.a(impure.o)
                0x0000456c                __osISRExit_from_arm
                0x00004560                __osTick_from_arm
                0x00004554                __osSemGive_from_arm
 *(.glue_7t)
 .glue_7t       0x00004578        0x0 main.o
 .glue_7t       0x00004578        0x0 lcd.o
 .glue_7t       0x00004578        0x0 key.o
 .glue_7t       0x00004578        0x0 select.o
 .glue_7t       0x00004578        0x0 uart.o
 .glue_7t       0x00004578        0x0 bt.o
 .glue_7t       0x00004578        0x0 snake.o
 .glue_7t       0x00004578        0x0 eeprom.o
 .glue_7t       0x00004578        0x0 i2c.o
 .glue_7t       0x00004578        0x0 hw.o
 .glue_7t       0x00004578        0x0 startup/libea_startup_thumb.a(consol.o)
 .glue_7t       0x00004578        0x0 startup/libea_startup_thumb.a(framework.o)
 .glue_7t       0x00004578        0x0 startup/libea_startup_thumb.a(startup.o)
 .glue_7t       0x00004578        0x0 irq_code/irqUart.a(irqUart.o)
 .glue_7t       0x00004578        0x0 pre_emptive_os/pre_emptive_os.a(kernel.o)
 .glue_7t       0x00004578        0x0 pre_emptive_os/pre_emptive_os.a(prioqueue.o)
 .glue_7t       0x00004578        0x0 pre_emptive_os/pre_emptive_os.a(count_sem.o)
 .glue_7t       0x00004578        0x0 pre_emptive_os/pre_emptive_os.a(timer.o)
 .glue_7t       0x00004578        0x0 pre_emptive_os/pre_emptive_os.a(stack_usage.o)
 .glue_7t       0x00004578        0x0 pre_emptive_os/pre_emptive_os.a(a7hal.o)
 .glue_7t       0x00004578        0x0 pre_emptive_os/pre_emptive_os.a(a7hal_a.o)
 .glue_7t       0x00004578        0x0 pre_emptive_os/pre_emptive_os.a(event.o)
 .glue_7t       0x00004578        0x0 /cygdrive/c/program files/gnuarm/bin/../lib/gcc/arm-elf/4.1.1/interwork/libgcc.a(_udivsi3.o)
 .glue_7t       0x00004578        0x0 /cygdrive/c/program files/gnuarm/bin/../lib/gcc/arm-elf/4.1.1/interwork/libgcc.a(_divsi3.o)
 .glue_7t       0x00004578        0x0 /cygdrive/c/program files/gnuarm/bin/../lib/gcc/arm-elf/4.1.1/interwork/libgcc.a(_umodsi3.o)
 .glue_7t       0x00004578        0x0 /cygdrive/c/program files/gnuarm/bin/../lib/gcc/arm-elf/4.1.1/interwork/libgcc.a(_modsi3.o)
 .glue_7t       0x00004578        0x0 /cygdrive/c/program files/gnuarm/bin/../lib/gcc/arm-elf/4.1.1/interwork/libgcc.a(_dvmd_tls.o)
 .glue_7t       0x00004578        0x0 /cygdrive/c/program files/gnuarm/bin/../lib/gcc/arm-elf/4.1.1/interwork/libgcc.a(_call_via_rX.o)
 .glue_7t       0x00004578        0x0 /cygdrive/c/program files/gnuarm/bin/../lib/gcc/arm-elf/4.1.1/../../../../arm-elf/lib/interwork/libc.a(atoi.o)
 .glue_7t       0x00004578        0x0 /cygdrive/c/program files/gnuarm/bin/../lib/gcc/arm-elf/4.1.1/../../../../arm-elf/lib/interwork/libc.a(memcpy.o)
 .glue_7t       0x00004578        0x0 /cygdrive/c/program files/gnuarm/bin/../lib/gcc/arm-elf/4.1.1/../../../../arm-elf/lib/interwork/libc.a(rand.o)
 .glue_7t       0x00004578        0x0 /cygdrive/c/program files/gnuarm/bin/../lib/gcc/arm-elf/4.1.1/../../../../arm-elf/lib/interwork/libc.a(strlen.o)
 .glue_7t       0x00004578        0x0 /cygdrive/c/program files/gnuarm/bin/../lib/gcc/arm-elf/4.1.1/../../../../arm-elf/lib/interwork/libc.a(strtol.o)
 .glue_7t       0x00004578        0x0 /cygdrive/c/program files/gnuarm/bin/../lib/gcc/arm-elf/4.1.1/../../../../arm-elf/lib/interwork/libc.a(ctype_.o)
 .glue_7t       0x00004578       0x90 /cygdrive/c/program files/gnuarm/bin/../lib/gcc/arm-elf/4.1.1/../../../../arm-elf/lib/interwork/libc.a(impure.o)
                0x000045b4                ____modsi3_change_to_arm
                0x000045d0                __halRestoreInterrupts_oshal_from_thumb
                0x0000458c                __restoreIrq_change_to_arm
                0x000045c0                __memcpy_from_thumb
                0x000045e0                __ctxSwitch_oshal_from_thumb
                0x000045dc                __stkFrameInit_oshal_change_to_arm
                0x000045f4                __initTimer_oshal_change_to_arm
                0x000045f8                __startHighProc_oshal_from_thumb
                0x000045bc                ____umodsi3_change_to_arm
                0x000045b0                ____modsi3_from_thumb
                0x00004604                ____udivsi3_change_to_arm
                0x000045fc                __startHighProc_oshal_change_to_arm
                0x000045e8                __ctxSwitchIsr_oshal_from_thumb
                0x00004584                __disIrq_change_to_arm
                0x00004580                __disIrq_from_thumb
                0x000045d4                __halRestoreInterrupts_oshal_change_to_arm
                0x0000459c                __simplePrintf_change_to_arm
                0x000045b8                ____umodsi3_from_thumb
                0x000045a0                ____divsi3_from_thumb
                0x000045e4                __ctxSwitch_oshal_change_to_arm
                0x000045d8                __stkFrameInit_oshal_from_thumb
                0x00004600                ____udivsi3_from_thumb
                0x00004578                __eaInit_from_thumb
                0x00004590                __consolGetChar_from_thumb
                0x00004598                __simplePrintf_from_thumb
                0x000045f0                __initTimer_oshal_from_thumb
                0x0000457c                __eaInit_change_to_arm
                0x00004594                __consolGetChar_change_to_arm
                0x000045ec                __ctxSwitchIsr_oshal_change_to_arm
                0x000045a8                __rand_from_thumb
                0x000045cc                __halDisableInterrupts_oshal_change_to_arm
                0x000045c8                __halDisableInterrupts_oshal_from_thumb
                0x00004588                __restoreIrq_from_thumb
                0x000045c4                __memcpy_change_to_arm
                0x000045a4                ____divsi3_change_to_arm
                0x000045ac                __rand_change_to_arm
                0x00004608                . = ALIGN (0x4)

.rodata         0x00004608      0x7dc
 *(.rodata)
 .rodata        0x00004608      0x55c lcd.o
                0x00004608                charMap
 .rodata        0x00004b64       0x11 hw.o
 *fill*         0x00004b75        0x3 00
 .rodata        0x00004b78       0x10 startup/libea_startup_thumb.a(consol.o)
 .rodata        0x00004b88      0x101 /cygdrive/c/program files/gnuarm/bin/../lib/gcc/arm-elf/4.1.1/../../../../arm-elf/lib/interwork/libc.a(ctype_.o)
                0x00004b88                _ctype_
 *fill*         0x00004c89        0x3 00
 .rodata        0x00004c8c        0x4 /cygdrive/c/program files/gnuarm/bin/../lib/gcc/arm-elf/4.1.1/../../../../arm-elf/lib/interwork/libc.a(impure.o)
                0x00004c8c                _global_impure_ptr
 *(.rodata*)
 .rodata.str1.4
                0x00004c90       0x1d main.o
                                 0x20 (size before relaxing)
 *fill*         0x00004cad        0x3 00
 .rodata.str1.4
                0x00004cb0       0x3f bt.o
                                 0x40 (size before relaxing)
 *fill*         0x00004cef        0x1 00
 .rodata.str1.4
                0x00004cf0       0x18 startup/libea_startup_thumb.a(consol.o)
 .rodata.str1.4
                0x00004d08       0xd8 startup/libea_startup_thumb.a(framework.o)
 .rodata.str1.4
                0x00004de0        0x4 /cygdrive/c/program files/gnuarm/bin/../lib/gcc/arm-elf/4.1.1/../../../../arm-elf/lib/interwork/libc.a(impure.o)
                0x00004de4                . = ALIGN (0x4)
                0x00004de4                _etext = .
                0x00004de4                PROVIDE (etext, .)

.data           0x40000080      0x448 load address 0x00004de4
                0x40000080                _data = .
 *(.data)
 .data          0x40000080       0x28 main.o
                0x40000080                memblock
                0x400000a0                memblockSize
 .data          0x400000a8        0x0 lcd.o
 .data          0x400000a8        0x5 key.o
 .data          0x400000ad        0x0 select.o
 .data          0x400000ad        0x0 uart.o
 .data          0x400000ad        0x0 bt.o
 *fill*         0x400000ad        0x1 00
 .data          0x400000ae       0x10 snake.o
                0x400000ae                notes
 .data          0x400000be        0x0 eeprom.o
 .data          0x400000be        0x0 i2c.o
 .data          0x400000be        0x0 hw.o
 .data          0x400000be        0x0 startup/libea_startup_thumb.a(consol.o)
 .data          0x400000be        0x0 startup/libea_startup_thumb.a(framework.o)
 .data          0x400000be        0x0 startup/libea_startup_thumb.a(startup.o)
 .data          0x400000be        0x0 irq_code/irqUart.a(irqUart.o)
 .data          0x400000be        0x0 pre_emptive_os/pre_emptive_os.a(kernel.o)
 .data          0x400000be        0x0 pre_emptive_os/pre_emptive_os.a(prioqueue.o)
 .data          0x400000be        0x0 pre_emptive_os/pre_emptive_os.a(count_sem.o)
 .data          0x400000be        0x0 pre_emptive_os/pre_emptive_os.a(timer.o)
 .data          0x400000be        0x0 pre_emptive_os/pre_emptive_os.a(stack_usage.o)
 .data          0x400000be        0x0 pre_emptive_os/pre_emptive_os.a(a7hal.o)
 .data          0x400000be        0x0 pre_emptive_os/pre_emptive_os.a(a7hal_a.o)
 .data          0x400000be        0x0 pre_emptive_os/pre_emptive_os.a(event.o)
 .data          0x400000be        0x0 /cygdrive/c/program files/gnuarm/bin/../lib/gcc/arm-elf/4.1.1/interwork/libgcc.a(_udivsi3.o)
 .data          0x400000be        0x0 /cygdrive/c/program files/gnuarm/bin/../lib/gcc/arm-elf/4.1.1/interwork/libgcc.a(_divsi3.o)
 .data          0x400000be        0x0 /cygdrive/c/program files/gnuarm/bin/../lib/gcc/arm-elf/4.1.1/interwork/libgcc.a(_umodsi3.o)
 .data          0x400000be        0x0 /cygdrive/c/program files/gnuarm/bin/../lib/gcc/arm-elf/4.1.1/interwork/libgcc.a(_modsi3.o)
 .data          0x400000be        0x0 /cygdrive/c/program files/gnuarm/bin/../lib/gcc/arm-elf/4.1.1/interwork/libgcc.a(_dvmd_tls.o)
 .data          0x400000be        0x0 /cygdrive/c/program files/gnuarm/bin/../lib/gcc/arm-elf/4.1.1/interwork/libgcc.a(_call_via_rX.o)
 .data          0x400000be        0x0 /cygdrive/c/program files/gnuarm/bin/../lib/gcc/arm-elf/4.1.1/../../../../arm-elf/lib/interwork/libc.a(atoi.o)
 .data          0x400000be        0x0 /cygdrive/c/program files/gnuarm/bin/../lib/gcc/arm-elf/4.1.1/../../../../arm-elf/lib/interwork/libc.a(memcpy.o)
 .data          0x400000be        0x0 /cygdrive/c/program files/gnuarm/bin/../lib/gcc/arm-elf/4.1.1/../../../../arm-elf/lib/interwork/libc.a(rand.o)
 .data          0x400000be        0x0 /cygdrive/c/program files/gnuarm/bin/../lib/gcc/arm-elf/4.1.1/../../../../arm-elf/lib/interwork/libc.a(strlen.o)
 .data          0x400000be        0x0 /cygdrive/c/program files/gnuarm/bin/../lib/gcc/arm-elf/4.1.1/../../../../arm-elf/lib/interwork/libc.a(strtol.o)
 *fill*         0x400000be        0x2 00
 .data          0x400000c0        0x4 /cygdrive/c/program files/gnuarm/bin/../lib/gcc/arm-elf/4.1.1/../../../../arm-elf/lib/interwork/libc.a(ctype_.o)
                0x400000c0                __ctype_ptr
 .data          0x400000c4      0x404 /cygdrive/c/program files/gnuarm/bin/../lib/gcc/arm-elf/4.1.1/../../../../arm-elf/lib/interwork/libc.a(impure.o)
                0x400000c4                _impure_ptr
                0x400004c8                . = ALIGN (0x4)
                0x400004c8                _edata = .
                0x400004c8                PROVIDE (edata, .)

.bss            0x400004c8     0x1824
                0x400004c8                _bss = .
                0x400004c8                __bss_start = .
                0x400004c8                __bss_start__ = .
 *(.bss)
 .bss           0x400004c8      0x57a main.o
 .bss           0x40000a42        0x5 lcd.o
 .bss           0x40000a47      0x134 key.o
 *fill*         0x40000b7b        0x1 00
 .bss           0x40000b7c       0x34 select.o
 .bss           0x40000bb0       0x18 uart.o
                0x40000bb8                uart1TxRunning
                0x40000bb0                uart1TxHead
                0x40000bb4                uart1TxTail
                0x40000bbc                uart1RxHead
                0x40000bc4                uart1RxInBuff
                0x40000bc0                uart1RxTail
 .bss           0x40000bc8      0x340 bt.o
 .bss           0x40000f08      0x45c snake.o
                0x40000f10                note
                0x40000f0c                count
                0x40000f08                toggle
 .bss           0x40001364        0x0 eeprom.o
 .bss           0x40001364       0x1c i2c.o
 .bss           0x40001380        0x2 hw.o
 .bss           0x40001382        0x0 startup/libea_startup_thumb.a(consol.o)
 .bss           0x40001382        0x0 startup/libea_startup_thumb.a(framework.o)
 .bss           0x40001382        0x0 startup/libea_startup_thumb.a(startup.o)
 .bss           0x40001382        0x0 irq_code/irqUart.a(irqUart.o)
 *fill*         0x40001382        0x2 00
 .bss           0x40001384       0x2c pre_emptive_os/pre_emptive_os.a(kernel.o)
                0x40001384                osLockNesting
                0x40001388                pNxtToRun
                0x4000138c                pRunProc
                0x40001385                isrNesting
 .bss           0x400013b0        0x0 pre_emptive_os/pre_emptive_os.a(prioqueue.o)
 .bss           0x400013b0        0x0 pre_emptive_os/pre_emptive_os.a(count_sem.o)
 .bss           0x400013b0      0x348 pre_emptive_os/pre_emptive_os.a(timer.o)
 .bss           0x400016f8        0x0 pre_emptive_os/pre_emptive_os.a(stack_usage.o)
 .bss           0x400016f8        0x0 pre_emptive_os/pre_emptive_os.a(a7hal.o)
 .bss           0x400016f8        0x0 pre_emptive_os/pre_emptive_os.a(a7hal_a.o)
 .bss           0x400016f8        0x0 pre_emptive_os/pre_emptive_os.a(event.o)
 .bss           0x400016f8        0x0 /cygdrive/c/program files/gnuarm/bin/../lib/gcc/arm-elf/4.1.1/interwork/libgcc.a(_udivsi3.o)
 .bss           0x400016f8        0x0 /cygdrive/c/program files/gnuarm/bin/../lib/gcc/arm-elf/4.1.1/interwork/libgcc.a(_divsi3.o)
 .bss           0x400016f8        0x0 /cygdrive/c/program files/gnuarm/bin/../lib/gcc/arm-elf/4.1.1/interwork/libgcc.a(_umodsi3.o)
 .bss           0x400016f8        0x0 /cygdrive/c/program files/gnuarm/bin/../lib/gcc/arm-elf/4.1.1/interwork/libgcc.a(_modsi3.o)
 .bss           0x400016f8        0x0 /cygdrive/c/program files/gnuarm/bin/../lib/gcc/arm-elf/4.1.1/interwork/libgcc.a(_dvmd_tls.o)
 .bss           0x400016f8        0x0 /cygdrive/c/program files/gnuarm/bin/../lib/gcc/arm-elf/4.1.1/interwork/libgcc.a(_call_via_rX.o)
 .bss           0x400016f8        0x0 /cygdrive/c/program files/gnuarm/bin/../lib/gcc/arm-elf/4.1.1/../../../../arm-elf/lib/interwork/libc.a(atoi.o)
 .bss           0x400016f8        0x0 /cygdrive/c/program files/gnuarm/bin/../lib/gcc/arm-elf/4.1.1/../../../../arm-elf/lib/interwork/libc.a(memcpy.o)
 .bss           0x400016f8        0x0 /cygdrive/c/program files/gnuarm/bin/../lib/gcc/arm-elf/4.1.1/../../../../arm-elf/lib/interwork/libc.a(rand.o)
 .bss           0x400016f8        0x0 /cygdrive/c/program files/gnuarm/bin/../lib/gcc/arm-elf/4.1.1/../../../../arm-elf/lib/interwork/libc.a(strlen.o)
 .bss           0x400016f8        0x0 /cygdrive/c/program files/gnuarm/bin/../lib/gcc/arm-elf/4.1.1/../../../../arm-elf/lib/interwork/libc.a(strtol.o)
 .bss           0x400016f8        0x0 /cygdrive/c/program files/gnuarm/bin/../lib/gcc/arm-elf/4.1.1/../../../../arm-elf/lib/interwork/libc.a(ctype_.o)
 .bss           0x400016f8        0x0 /cygdrive/c/program files/gnuarm/bin/../lib/gcc/arm-elf/4.1.1/../../../../arm-elf/lib/interwork/libc.a(impure.o)
 *(COMMON)
 COMMON         0x400016f8        0x4 main.o
                0x400016f8                ms
 COMMON         0x400016fc      0x51c uart.o
                0x400016fc                uart1RxBuf
                0x40001afc                receiveSem
                0x40001b18                uart1TxBuf
 COMMON         0x40001c18        0x2 hw.o
                0x40001c18                ver1_1
                0x40001c19                ver1_0
 *fill*         0x40001c1a        0x2 00
 COMMON         0x40001c1c        0x8 startup/libea_startup_thumb.a(framework.o)
                0x40001c1c                pHeapEnd
                0x40001c20                pHeapStart
 COMMON         0x40001c24       0xc8 pre_emptive_os/pre_emptive_os.a(kernel.o)
                0x40001c24                processControlBlocks
                0x40001cec                . = ALIGN (0x4)
                0x40001cec                . = ALIGN (0x4)
                0x40001cec                __bss_end = .
                0x40001cec                __bss_end__ = .
                0x40001cec                _end = .
                0x40001cec                PROVIDE (end, .)

.stab           0x00000000      0x600
 *(.stab)
 .stab          0x00000000      0x3c0 startup/libea_startup_thumb.a(startup.o)
 .stab          0x000003c0      0x240 pre_emptive_os/pre_emptive_os.a(a7hal_a.o)
                                0x24c (size before relaxing)

.stabstr        0x00000000       0x96
 *(.stabstr)
 .stabstr       0x00000000       0x96 startup/libea_startup_thumb.a(startup.o)

.stab.excl
 *(.stab.excl)

.stab.exclstr
 *(.stab.exclstr)

.stab.index
 *(.stab.index)

.stab.indexstr
 *(.stab.indexstr)

.comment        0x00000000      0x1e6
 *(.comment)
 .comment       0x00000000       0x12 main.o
 .comment       0x00000012       0x12 lcd.o
 .comment       0x00000024       0x12 key.o
 .comment       0x00000036       0x12 select.o
 .comment       0x00000048       0x12 uart.o
 .comment       0x0000005a       0x12 bt.o
 .comment       0x0000006c       0x12 snake.o
 .comment       0x0000007e       0x12 eeprom.o
 .comment       0x00000090       0x12 i2c.o
 .comment       0x000000a2       0x12 hw.o
 .comment       0x000000b4       0x12 startup/libea_startup_thumb.a(consol.o)
 .comment       0x000000c6       0x12 startup/libea_startup_thumb.a(framework.o)
 .comment       0x000000d8       0x12 irq_code/irqUart.a(irqUart.o)
 .comment       0x000000ea       0x12 pre_emptive_os/pre_emptive_os.a(kernel.o)
 .comment       0x000000fc       0x12 pre_emptive_os/pre_emptive_os.a(prioqueue.o)
 .comment       0x0000010e       0x12 pre_emptive_os/pre_emptive_os.a(count_sem.o)
 .comment       0x00000120       0x12 pre_emptive_os/pre_emptive_os.a(timer.o)
 .comment       0x00000132       0x12 pre_emptive_os/pre_emptive_os.a(stack_usage.o)
 .comment       0x00000144       0x12 pre_emptive_os/pre_emptive_os.a(a7hal.o)
 .comment       0x00000156       0x12 pre_emptive_os/pre_emptive_os.a(event.o)
 .comment       0x00000168       0x12 /cygdrive/c/program files/gnuarm/bin/../lib/gcc/arm-elf/4.1.1/../../../../arm-elf/lib/interwork/libc.a(atoi.o)
 .comment       0x0000017a       0x12 /cygdrive/c/program files/gnuarm/bin/../lib/gcc/arm-elf/4.1.1/../../../../arm-elf/lib/interwork/libc.a(memcpy.o)
 .comment       0x0000018c       0x12 /cygdrive/c/program files/gnuarm/bin/../lib/gcc/arm-elf/4.1.1/../../../../arm-elf/lib/interwork/libc.a(rand.o)
 .comment       0x0000019e       0x12 /cygdrive/c/program files/gnuarm/bin/../lib/gcc/arm-elf/4.1.1/../../../../arm-elf/lib/interwork/libc.a(strlen.o)
 .comment       0x000001b0       0x12 /cygdrive/c/program files/gnuarm/bin/../lib/gcc/arm-elf/4.1.1/../../../../arm-elf/lib/interwork/libc.a(strtol.o)
 .comment       0x000001c2       0x12 /cygdrive/c/program files/gnuarm/bin/../lib/gcc/arm-elf/4.1.1/../../../../arm-elf/lib/interwork/libc.a(ctype_.o)
 .comment       0x000001d4       0x12 /cygdrive/c/program files/gnuarm/bin/../lib/gcc/arm-elf/4.1.1/../../../../arm-elf/lib/interwork/libc.a(impure.o)

.debug
 *(.debug)

.line
 *(.line)

.debug_srcinfo
 *(.debug_srcinfo)

.debug_sfnames
 *(.debug_sfnames)

.debug_aranges  0x00000000      0x3e0
 *(.debug_aranges)
 .debug_aranges
                0x00000000       0x20 main.o
 .debug_aranges
                0x00000020       0x20 lcd.o
 .debug_aranges
                0x00000040       0x20 key.o
 .debug_aranges
                0x00000060       0x20 select.o
 .debug_aranges
                0x00000080       0x20 uart.o
 .debug_aranges
                0x000000a0       0x20 bt.o
 .debug_aranges
                0x000000c0       0x20 snake.o
 .debug_aranges
                0x000000e0       0x20 eeprom.o
 .debug_aranges
                0x00000100       0x20 i2c.o
 .debug_aranges
                0x00000120       0x20 hw.o
 .debug_aranges
                0x00000140       0x20 startup/libea_startup_thumb.a(consol.o)
 .debug_aranges
                0x00000160       0x20 startup/libea_startup_thumb.a(framework.o)
 .debug_aranges
                0x00000180       0x20 irq_code/irqUart.a(irqUart.o)
 .debug_aranges
                0x000001a0       0x20 pre_emptive_os/pre_emptive_os.a(kernel.o)
 .debug_aranges
                0x000001c0       0x20 pre_emptive_os/pre_emptive_os.a(prioqueue.o)
 .debug_aranges
                0x000001e0       0x20 pre_emptive_os/pre_emptive_os.a(count_sem.o)
 .debug_aranges
                0x00000200       0x20 pre_emptive_os/pre_emptive_os.a(timer.o)
 .debug_aranges
                0x00000220       0x20 pre_emptive_os/pre_emptive_os.a(stack_usage.o)
 .debug_aranges
                0x00000240       0x20 pre_emptive_os/pre_emptive_os.a(a7hal.o)
 .debug_aranges
                0x00000260       0x20 pre_emptive_os/pre_emptive_os.a(event.o)
 .debug_aranges
                0x00000280       0x20 /cygdrive/c/program files/gnuarm/bin/../lib/gcc/arm-elf/4.1.1/interwork/libgcc.a(_udivsi3.o)
 .debug_aranges
                0x000002a0       0x20 /cygdrive/c/program files/gnuarm/bin/../lib/gcc/arm-elf/4.1.1/interwork/libgcc.a(_divsi3.o)
 .debug_aranges
                0x000002c0       0x20 /cygdrive/c/program files/gnuarm/bin/../lib/gcc/arm-elf/4.1.1/interwork/libgcc.a(_umodsi3.o)
 .debug_aranges
                0x000002e0       0x20 /cygdrive/c/program files/gnuarm/bin/../lib/gcc/arm-elf/4.1.1/interwork/libgcc.a(_modsi3.o)
 .debug_aranges
                0x00000300       0x20 /cygdrive/c/program files/gnuarm/bin/../lib/gcc/arm-elf/4.1.1/interwork/libgcc.a(_dvmd_tls.o)
 .debug_aranges
                0x00000320       0x20 /cygdrive/c/program files/gnuarm/bin/../lib/gcc/arm-elf/4.1.1/interwork/libgcc.a(_call_via_rX.o)
 .debug_aranges
                0x00000340       0x20 /cygdrive/c/program files/gnuarm/bin/../lib/gcc/arm-elf/4.1.1/../../../../arm-elf/lib/interwork/libc.a(atoi.o)
 .debug_aranges
                0x00000360       0x20 /cygdrive/c/program files/gnuarm/bin/../lib/gcc/arm-elf/4.1.1/../../../../arm-elf/lib/interwork/libc.a(memcpy.o)
 .debug_aranges
                0x00000380       0x20 /cygdrive/c/program files/gnuarm/bin/../lib/gcc/arm-elf/4.1.1/../../../../arm-elf/lib/interwork/libc.a(rand.o)
 .debug_aranges
                0x000003a0       0x20 /cygdrive/c/program files/gnuarm/bin/../lib/gcc/arm-elf/4.1.1/../../../../arm-elf/lib/interwork/libc.a(strlen.o)
 .debug_aranges
                0x000003c0       0x20 /cygdrive/c/program files/gnuarm/bin/../lib/gcc/arm-elf/4.1.1/../../../../arm-elf/lib/interwork/libc.a(strtol.o)

.debug_pubnames
                0x00000000      0xc0d
 *(.debug_pubnames)
 .debug_pubnames
                0x00000000       0x4c main.o
 .debug_pubnames
                0x0000004c       0xe5 lcd.o
 .debug_pubnames
                0x00000131       0x4b key.o
 .debug_pubnames
                0x0000017c       0x1f select.o
 .debug_pubnames
                0x0000019b      0x12d uart.o
 .debug_pubnames
                0x000002c8       0x21 bt.o
 .debug_pubnames
                0x000002e9       0x86 snake.o
 .debug_pubnames
                0x0000036f       0x71 eeprom.o
 .debug_pubnames
                0x000003e0       0xee i2c.o
 .debug_pubnames
                0x000004ce       0xa8 hw.o
 .debug_pubnames
                0x00000576       0xda startup/libea_startup_thumb.a(consol.o)
 .debug_pubnames
                0x00000650       0x63 startup/libea_startup_thumb.a(framework.o)
 .debug_pubnames
                0x000006b3       0x39 irq_code/irqUart.a(irqUart.o)
 .debug_pubnames
                0x000006ec      0x17f pre_emptive_os/pre_emptive_os.a(kernel.o)
 .debug_pubnames
                0x0000086b       0x76 pre_emptive_os/pre_emptive_os.a(prioqueue.o)
 .debug_pubnames
                0x000008e1       0x4d pre_emptive_os/pre_emptive_os.a(count_sem.o)
 .debug_pubnames
                0x0000092e       0x55 pre_emptive_os/pre_emptive_os.a(timer.o)
 .debug_pubnames
                0x00000983       0x4e pre_emptive_os/pre_emptive_os.a(stack_usage.o)
 .debug_pubnames
                0x000009d1       0xc1 pre_emptive_os/pre_emptive_os.a(a7hal.o)
 .debug_pubnames
                0x00000a92       0x63 pre_emptive_os/pre_emptive_os.a(event.o)
 .debug_pubnames
                0x00000af5       0x27 /cygdrive/c/program files/gnuarm/bin/../lib/gcc/arm-elf/4.1.1/../../../../arm-elf/lib/interwork/libc.a(atoi.o)
 .debug_pubnames
                0x00000b1c       0x1d /cygdrive/c/program files/gnuarm/bin/../lib/gcc/arm-elf/4.1.1/../../../../arm-elf/lib/interwork/libc.a(memcpy.o)
 .debug_pubnames
                0x00000b39       0x25 /cygdrive/c/program files/gnuarm/bin/../lib/gcc/arm-elf/4.1.1/../../../../arm-elf/lib/interwork/libc.a(rand.o)
 .debug_pubnames
                0x00000b5e       0x1d /cygdrive/c/program files/gnuarm/bin/../lib/gcc/arm-elf/4.1.1/../../../../arm-elf/lib/interwork/libc.a(strlen.o)
 .debug_pubnames
                0x00000b7b       0x2b /cygdrive/c/program files/gnuarm/bin/../lib/gcc/arm-elf/4.1.1/../../../../arm-elf/lib/interwork/libc.a(strtol.o)
 .debug_pubnames
                0x00000ba6       0x2e /cygdrive/c/program files/gnuarm/bin/../lib/gcc/arm-elf/4.1.1/../../../../arm-elf/lib/interwork/libc.a(ctype_.o)
 .debug_pubnames
                0x00000bd4       0x39 /cygdrive/c/program files/gnuarm/bin/../lib/gcc/arm-elf/4.1.1/../../../../arm-elf/lib/interwork/libc.a(impure.o)

.debug_info     0x00000000     0x7444
 *(.debug_info .gnu.linkonce.wi.*)
 .debug_info    0x00000000      0x28f main.o
 .debug_info    0x0000028f      0x58f lcd.o
 .debug_info    0x0000081e      0x23b key.o
 .debug_info    0x00000a59      0x203 select.o
 .debug_info    0x00000c5c      0x499 uart.o
 .debug_info    0x000010f5      0x3a7 bt.o
 .debug_info    0x0000149c      0x633 snake.o
 .debug_info    0x00001acf      0x30f eeprom.o
 .debug_info    0x00001dde      0x648 i2c.o
 .debug_info    0x00002426      0x2d7 hw.o
 .debug_info    0x000026fd      0x584 startup/libea_startup_thumb.a(consol.o)
 .debug_info    0x00002c81      0x1e4 startup/libea_startup_thumb.a(framework.o)
 .debug_info    0x00002e65      0x35b irq_code/irqUart.a(irqUart.o)
 .debug_info    0x000031c0      0x5fe pre_emptive_os/pre_emptive_os.a(kernel.o)
 .debug_info    0x000037be      0x2e8 pre_emptive_os/pre_emptive_os.a(prioqueue.o)
 .debug_info    0x00003aa6      0x32b pre_emptive_os/pre_emptive_os.a(count_sem.o)
 .debug_info    0x00003dd1      0x4b8 pre_emptive_os/pre_emptive_os.a(timer.o)
 .debug_info    0x00004289      0x2cf pre_emptive_os/pre_emptive_os.a(stack_usage.o)
 .debug_info    0x00004558      0x189 pre_emptive_os/pre_emptive_os.a(a7hal.o)
 .debug_info    0x000046e1      0x2ee pre_emptive_os/pre_emptive_os.a(event.o)
 .debug_info    0x000049cf       0x68 /cygdrive/c/program files/gnuarm/bin/../lib/gcc/arm-elf/4.1.1/interwork/libgcc.a(_udivsi3.o)
 .debug_info    0x00004a37       0x68 /cygdrive/c/program files/gnuarm/bin/../lib/gcc/arm-elf/4.1.1/interwork/libgcc.a(_divsi3.o)
 .debug_info    0x00004a9f       0x68 /cygdrive/c/program files/gnuarm/bin/../lib/gcc/arm-elf/4.1.1/interwork/libgcc.a(_umodsi3.o)
 .debug_info    0x00004b07       0x68 /cygdrive/c/program files/gnuarm/bin/../lib/gcc/arm-elf/4.1.1/interwork/libgcc.a(_modsi3.o)
 .debug_info    0x00004b6f       0x68 /cygdrive/c/program files/gnuarm/bin/../lib/gcc/arm-elf/4.1.1/interwork/libgcc.a(_dvmd_tls.o)
 .debug_info    0x00004bd7       0x68 /cygdrive/c/program files/gnuarm/bin/../lib/gcc/arm-elf/4.1.1/interwork/libgcc.a(_call_via_rX.o)
 .debug_info    0x00004c3f      0x949 /cygdrive/c/program files/gnuarm/bin/../lib/gcc/arm-elf/4.1.1/../../../../arm-elf/lib/interwork/libc.a(atoi.o)
 .debug_info    0x00005588      0x10a /cygdrive/c/program files/gnuarm/bin/../lib/gcc/arm-elf/4.1.1/../../../../arm-elf/lib/interwork/libc.a(memcpy.o)
 .debug_info    0x00005692      0x934 /cygdrive/c/program files/gnuarm/bin/../lib/gcc/arm-elf/4.1.1/../../../../arm-elf/lib/interwork/libc.a(rand.o)
 .debug_info    0x00005fc6       0xd4 /cygdrive/c/program files/gnuarm/bin/../lib/gcc/arm-elf/4.1.1/../../../../arm-elf/lib/interwork/libc.a(strlen.o)
 .debug_info    0x0000609a      0xa0f /cygdrive/c/program files/gnuarm/bin/../lib/gcc/arm-elf/4.1.1/../../../../arm-elf/lib/interwork/libc.a(strtol.o)
 .debug_info    0x00006aa9       0x79 /cygdrive/c/program files/gnuarm/bin/../lib/gcc/arm-elf/4.1.1/../../../../arm-elf/lib/interwork/libc.a(ctype_.o)
 .debug_info    0x00006b22      0x922 /cygdrive/c/program files/gnuarm/bin/../lib/gcc/arm-elf/4.1.1/../../../../arm-elf/lib/interwork/libc.a(impure.o)

.debug_abbrev   0x00000000     0x239f
 *(.debug_abbrev)
 .debug_abbrev  0x00000000      0x18c main.o
 .debug_abbrev  0x0000018c      0x1bf lcd.o
 .debug_abbrev  0x0000034b      0x120 key.o
 .debug_abbrev  0x0000046b       0xe5 select.o
 .debug_abbrev  0x00000550      0x132 uart.o
 .debug_abbrev  0x00000682      0x11f bt.o
 .debug_abbrev  0x000007a1      0x27f snake.o
 .debug_abbrev  0x00000a20       0xfd eeprom.o
 .debug_abbrev  0x00000b1d      0x1fa i2c.o
 .debug_abbrev  0x00000d17      0x13c hw.o
 .debug_abbrev  0x00000e53      0x2a4 startup/libea_startup_thumb.a(consol.o)
 .debug_abbrev  0x000010f7       0xd0 startup/libea_startup_thumb.a(framework.o)
 .debug_abbrev  0x000011c7      0x13e irq_code/irqUart.a(irqUart.o)
 .debug_abbrev  0x00001305      0x1b8 pre_emptive_os/pre_emptive_os.a(kernel.o)
 .debug_abbrev  0x000014bd      0x11e pre_emptive_os/pre_emptive_os.a(prioqueue.o)
 .debug_abbrev  0x000015db      0x101 pre_emptive_os/pre_emptive_os.a(count_sem.o)
 .debug_abbrev  0x000016dc      0x154 pre_emptive_os/pre_emptive_os.a(timer.o)
 .debug_abbrev  0x00001830      0x170 pre_emptive_os/pre_emptive_os.a(stack_usage.o)
 .debug_abbrev  0x000019a0       0xf2 pre_emptive_os/pre_emptive_os.a(a7hal.o)
 .debug_abbrev  0x00001a92      0x103 pre_emptive_os/pre_emptive_os.a(event.o)
 .debug_abbrev  0x00001b95       0x14 /cygdrive/c/program files/gnuarm/bin/../lib/gcc/arm-elf/4.1.1/interwork/libgcc.a(_udivsi3.o)
 .debug_abbrev  0x00001ba9       0x14 /cygdrive/c/program files/gnuarm/bin/../lib/gcc/arm-elf/4.1.1/interwork/libgcc.a(_divsi3.o)
 .debug_abbrev  0x00001bbd       0x14 /cygdrive/c/program files/gnuarm/bin/../lib/gcc/arm-elf/4.1.1/interwork/libgcc.a(_umodsi3.o)
 .debug_abbrev  0x00001bd1       0x14 /cygdrive/c/program files/gnuarm/bin/../lib/gcc/arm-elf/4.1.1/interwork/libgcc.a(_modsi3.o)
 .debug_abbrev  0x00001be5       0x14 /cygdrive/c/program files/gnuarm/bin/../lib/gcc/arm-elf/4.1.1/interwork/libgcc.a(_dvmd_tls.o)
 .debug_abbrev  0x00001bf9       0x14 /cygdrive/c/program files/gnuarm/bin/../lib/gcc/arm-elf/4.1.1/interwork/libgcc.a(_call_via_rX.o)
 .debug_abbrev  0x00001c0d      0x176 /cygdrive/c/program files/gnuarm/bin/../lib/gcc/arm-elf/4.1.1/../../../../arm-elf/lib/interwork/libc.a(atoi.o)
 .debug_abbrev  0x00001d83       0xa6 /cygdrive/c/program files/gnuarm/bin/../lib/gcc/arm-elf/4.1.1/../../../../arm-elf/lib/interwork/libc.a(memcpy.o)
 .debug_abbrev  0x00001e29      0x185 /cygdrive/c/program files/gnuarm/bin/../lib/gcc/arm-elf/4.1.1/../../../../arm-elf/lib/interwork/libc.a(rand.o)
 .debug_abbrev  0x00001fae       0x8b /cygdrive/c/program files/gnuarm/bin/../lib/gcc/arm-elf/4.1.1/../../../../arm-elf/lib/interwork/libc.a(strlen.o)
 .debug_abbrev  0x00002039      0x1bd /cygdrive/c/program files/gnuarm/bin/../lib/gcc/arm-elf/4.1.1/../../../../arm-elf/lib/interwork/libc.a(strtol.o)
 .debug_abbrev  0x000021f6       0x52 /cygdrive/c/program files/gnuarm/bin/../lib/gcc/arm-elf/4.1.1/../../../../arm-elf/lib/interwork/libc.a(ctype_.o)
 .debug_abbrev  0x00002248      0x157 /cygdrive/c/program files/gnuarm/bin/../lib/gcc/arm-elf/4.1.1/../../../../arm-elf/lib/interwork/libc.a(impure.o)

.debug_line     0x00000000     0x1cf5
 *(.debug_line)
 .debug_line    0x00000000       0xd7 main.o
 .debug_line    0x000000d7      0x183 lcd.o
 .debug_line    0x0000025a       0xb8 key.o
 .debug_line    0x00000312       0xa6 select.o
 .debug_line    0x000003b8      0x112 uart.o
 .debug_line    0x000004ca       0xbc bt.o
 .debug_line    0x00000586      0x1aa snake.o
 .debug_line    0x00000730      0x135 eeprom.o
 .debug_line    0x00000865      0x162 i2c.o
 .debug_line    0x000009c7      0x12f hw.o
 .debug_line    0x00000af6      0x198 startup/libea_startup_thumb.a(consol.o)
 .debug_line    0x00000c8e       0xd7 startup/libea_startup_thumb.a(framework.o)
 .debug_line    0x00000d65       0xd2 irq_code/irqUart.a(irqUart.o)
 .debug_line    0x00000e37      0x177 pre_emptive_os/pre_emptive_os.a(kernel.o)
 .debug_line    0x00000fae       0xbb pre_emptive_os/pre_emptive_os.a(prioqueue.o)
 .debug_line    0x00001069       0xd9 pre_emptive_os/pre_emptive_os.a(count_sem.o)
 .debug_line    0x00001142      0x109 pre_emptive_os/pre_emptive_os.a(timer.o)
 .debug_line    0x0000124b       0x97 pre_emptive_os/pre_emptive_os.a(stack_usage.o)
 .debug_line    0x000012e2       0x8c pre_emptive_os/pre_emptive_os.a(a7hal.o)
 .debug_line    0x0000136e       0xaf pre_emptive_os/pre_emptive_os.a(event.o)
 .debug_line    0x0000141d       0x84 /cygdrive/c/program files/gnuarm/bin/../lib/gcc/arm-elf/4.1.1/interwork/libgcc.a(_udivsi3.o)
 .debug_line    0x000014a1       0x90 /cygdrive/c/program files/gnuarm/bin/../lib/gcc/arm-elf/4.1.1/interwork/libgcc.a(_divsi3.o)
 .debug_line    0x00001531       0x6e /cygdrive/c/program files/gnuarm/bin/../lib/gcc/arm-elf/4.1.1/interwork/libgcc.a(_umodsi3.o)
 .debug_line    0x0000159f       0x74 /cygdrive/c/program files/gnuarm/bin/../lib/gcc/arm-elf/4.1.1/interwork/libgcc.a(_modsi3.o)
 .debug_line    0x00001613       0x5d /cygdrive/c/program files/gnuarm/bin/../lib/gcc/arm-elf/4.1.1/interwork/libgcc.a(_dvmd_tls.o)
 .debug_line    0x00001670       0x6b /cygdrive/c/program files/gnuarm/bin/../lib/gcc/arm-elf/4.1.1/interwork/libgcc.a(_call_via_rX.o)
 .debug_line    0x000016db       0xf9 /cygdrive/c/program files/gnuarm/bin/../lib/gcc/arm-elf/4.1.1/../../../../arm-elf/lib/interwork/libc.a(atoi.o)
 .debug_line    0x000017d4       0xc8 /cygdrive/c/program files/gnuarm/bin/../lib/gcc/arm-elf/4.1.1/../../../../arm-elf/lib/interwork/libc.a(memcpy.o)
 .debug_line    0x0000189c       0xf9 /cygdrive/c/program files/gnuarm/bin/../lib/gcc/arm-elf/4.1.1/../../../../arm-elf/lib/interwork/libc.a(rand.o)
 .debug_line    0x00001995       0xaf /cygdrive/c/program files/gnuarm/bin/../lib/gcc/arm-elf/4.1.1/../../../../arm-elf/lib/interwork/libc.a(strlen.o)
 .debug_line    0x00001a44      0x173 /cygdrive/c/program files/gnuarm/bin/../lib/gcc/arm-elf/4.1.1/../../../../arm-elf/lib/interwork/libc.a(strtol.o)
 .debug_line    0x00001bb7       0x5b /cygdrive/c/program files/gnuarm/bin/../lib/gcc/arm-elf/4.1.1/../../../../arm-elf/lib/interwork/libc.a(ctype_.o)
 .debug_line    0x00001c12       0xe3 /cygdrive/c/program files/gnuarm/bin/../lib/gcc/arm-elf/4.1.1/../../../../arm-elf/lib/interwork/libc.a(impure.o)

.debug_frame    0x00000000     0x1214
 *(.debug_frame)
 .debug_frame   0x00000000       0xa8 main.o
 .debug_frame   0x000000a8      0x1b8 lcd.o
 .debug_frame   0x00000260       0x80 key.o
 .debug_frame   0x000002e0       0x54 select.o
 .debug_frame   0x00000334       0xe8 uart.o
 .debug_frame   0x0000041c       0x48 bt.o
 .debug_frame   0x00000464      0x140 snake.o
 .debug_frame   0x000005a4       0xc4 eeprom.o
 .debug_frame   0x00000668      0x140 i2c.o
 .debug_frame   0x000007a8       0xf8 hw.o
 .debug_frame   0x000008a0      0x150 startup/libea_startup_thumb.a(consol.o)
 .debug_frame   0x000009f0       0xd8 startup/libea_startup_thumb.a(framework.o)
 .debug_frame   0x00000ac8       0x4c irq_code/irqUart.a(irqUart.o)
 .debug_frame   0x00000b14      0x1e8 pre_emptive_os/pre_emptive_os.a(kernel.o)
 .debug_frame   0x00000cfc       0x8c pre_emptive_os/pre_emptive_os.a(prioqueue.o)
 .debug_frame   0x00000d88       0x84 pre_emptive_os/pre_emptive_os.a(count_sem.o)
 .debug_frame   0x00000e0c       0xb8 pre_emptive_os/pre_emptive_os.a(timer.o)
 .debug_frame   0x00000ec4       0x58 pre_emptive_os/pre_emptive_os.a(stack_usage.o)
 .debug_frame   0x00000f1c       0xa0 pre_emptive_os/pre_emptive_os.a(a7hal.o)
 .debug_frame   0x00000fbc       0x94 pre_emptive_os/pre_emptive_os.a(event.o)
 .debug_frame   0x00001050       0x2c /cygdrive/c/program files/gnuarm/bin/../lib/gcc/arm-elf/4.1.1/interwork/libgcc.a(_udivsi3.o)
 .debug_frame   0x0000107c       0x2c /cygdrive/c/program files/gnuarm/bin/../lib/gcc/arm-elf/4.1.1/interwork/libgcc.a(_divsi3.o)
 .debug_frame   0x000010a8       0x2c /cygdrive/c/program files/gnuarm/bin/../lib/gcc/arm-elf/4.1.1/interwork/libgcc.a(_umodsi3.o)
 .debug_frame   0x000010d4       0x2c /cygdrive/c/program files/gnuarm/bin/../lib/gcc/arm-elf/4.1.1/interwork/libgcc.a(_modsi3.o)
 .debug_frame   0x00001100       0x40 /cygdrive/c/program files/gnuarm/bin/../lib/gcc/arm-elf/4.1.1/../../../../arm-elf/lib/interwork/libc.a(atoi.o)
 .debug_frame   0x00001140       0x28 /cygdrive/c/program files/gnuarm/bin/../lib/gcc/arm-elf/4.1.1/../../../../arm-elf/lib/interwork/libc.a(memcpy.o)
 .debug_frame   0x00001168       0x3c /cygdrive/c/program files/gnuarm/bin/../lib/gcc/arm-elf/4.1.1/../../../../arm-elf/lib/interwork/libc.a(rand.o)
 .debug_frame   0x000011a4       0x20 /cygdrive/c/program files/gnuarm/bin/../lib/gcc/arm-elf/4.1.1/../../../../arm-elf/lib/interwork/libc.a(strlen.o)
 .debug_frame   0x000011c4       0x50 /cygdrive/c/program files/gnuarm/bin/../lib/gcc/arm-elf/4.1.1/../../../../arm-elf/lib/interwork/libc.a(strtol.o)

.debug_str      0x00000000     0x1acd
 *(.debug_str)
 .debug_str     0x00000000      0x13e main.o
                                0x177 (size before relaxing)
 .debug_str     0x0000013e      0x142 lcd.o
                                0x1f7 (size before relaxing)
 .debug_str     0x00000280      0x108 key.o
                                0x1b9 (size before relaxing)
 .debug_str     0x00000388       0x9e select.o
                                0x1b1 (size before relaxing)
 .debug_str     0x00000426      0x219 uart.o
                                0x2ef (size before relaxing)
 .debug_str     0x0000063f       0x9b bt.o
                                0x289 (size before relaxing)
 .debug_str     0x000006da      0x1cd snake.o
                                0x2d1 (size before relaxing)
 .debug_str     0x000008a7       0x87 eeprom.o
                                0x136 (size before relaxing)
 .debug_str     0x0000092e       0xb1 i2c.o
                                0x280 (size before relaxing)
 .debug_str     0x000009df      0x105 hw.o
                                0x1c4 (size before relaxing)
 .debug_str     0x00000ae4      0x1a4 startup/libea_startup_thumb.a(consol.o)
                                0x264 (size before relaxing)
 .debug_str     0x00000c88       0xdd startup/libea_startup_thumb.a(framework.o)
                                0x160 (size before relaxing)
 .debug_str     0x00000d65       0xaa irq_code/irqUart.a(irqUart.o)
                                0x28b (size before relaxing)
 .debug_str     0x00000e0f      0x22c pre_emptive_os/pre_emptive_os.a(kernel.o)
                                0x359 (size before relaxing)
 .debug_str     0x0000103b       0x7d pre_emptive_os/pre_emptive_os.a(prioqueue.o)
                                0x241 (size before relaxing)
 .debug_str     0x000010b8       0x51 pre_emptive_os/pre_emptive_os.a(count_sem.o)
                                0x256 (size before relaxing)
 .debug_str     0x00001109       0xe2 pre_emptive_os/pre_emptive_os.a(timer.o)
                                0x2f2 (size before relaxing)
 .debug_str     0x000011eb       0x70 pre_emptive_os/pre_emptive_os.a(stack_usage.o)
                                0x226 (size before relaxing)
 .debug_str     0x0000125b      0x153 pre_emptive_os/pre_emptive_os.a(a7hal.o)
                                0x1d8 (size before relaxing)
 .debug_str     0x000013ae       0x51 pre_emptive_os/pre_emptive_os.a(event.o)
                                0x260 (size before relaxing)
 .debug_str     0x000013ff      0x409 /cygdrive/c/program files/gnuarm/bin/../lib/gcc/arm-elf/4.1.1/../../../../arm-elf/lib/interwork/libc.a(atoi.o)
                                0x49e (size before relaxing)
 .debug_str     0x00001808       0xaa /cygdrive/c/program files/gnuarm/bin/../lib/gcc/arm-elf/4.1.1/../../../../arm-elf/lib/interwork/libc.a(memcpy.o)
                                 0xd6 (size before relaxing)
 .debug_str     0x000018b2       0x40 /cygdrive/c/program files/gnuarm/bin/../lib/gcc/arm-elf/4.1.1/../../../../arm-elf/lib/interwork/libc.a(rand.o)
                                0x4ad (size before relaxing)
 .debug_str     0x000018f2       0x56 /cygdrive/c/program files/gnuarm/bin/../lib/gcc/arm-elf/4.1.1/../../../../arm-elf/lib/interwork/libc.a(strlen.o)
                                0x11f (size before relaxing)
 .debug_str     0x00001948       0x78 /cygdrive/c/program files/gnuarm/bin/../lib/gcc/arm-elf/4.1.1/../../../../arm-elf/lib/interwork/libc.a(strtol.o)
                                0x4e0 (size before relaxing)
 .debug_str     0x000019c0       0x7b /cygdrive/c/program files/gnuarm/bin/../lib/gcc/arm-elf/4.1.1/../../../../arm-elf/lib/interwork/libc.a(ctype_.o)
                                 0xaa (size before relaxing)
 .debug_str     0x00001a3b       0x92 /cygdrive/c/program files/gnuarm/bin/../lib/gcc/arm-elf/4.1.1/../../../../arm-elf/lib/interwork/libc.a(impure.o)
                                0x4bc (size before relaxing)

.debug_loc      0x00000000     0x27f0
 *(.debug_loc)
 .debug_loc     0x00000000      0x16b main.o
 .debug_loc     0x0000016b      0x783 lcd.o
 .debug_loc     0x000008ee       0x9a key.o
 .debug_loc     0x00000988       0x9d select.o
 .debug_loc     0x00000a25      0x274 uart.o
 .debug_loc     0x00000c99       0x69 bt.o
 .debug_loc     0x00000d02      0x418 snake.o
 .debug_loc     0x0000111a      0x451 eeprom.o
 .debug_loc     0x0000156b      0x47b i2c.o
 .debug_loc     0x000019e6      0x21b hw.o
 .debug_loc     0x00001c01      0x5ee startup/libea_startup_thumb.a(consol.o)
 .debug_loc     0x000021ef      0x193 startup/libea_startup_thumb.a(framework.o)
 .debug_loc     0x00002382       0x8a irq_code/irqUart.a(irqUart.o)
 .debug_loc     0x0000240c       0x77 /cygdrive/c/program files/gnuarm/bin/../lib/gcc/arm-elf/4.1.1/../../../../arm-elf/lib/interwork/libc.a(atoi.o)
 .debug_loc     0x00002483       0xfc /cygdrive/c/program files/gnuarm/bin/../lib/gcc/arm-elf/4.1.1/../../../../arm-elf/lib/interwork/libc.a(memcpy.o)
 .debug_loc     0x0000257f       0x1f /cygdrive/c/program files/gnuarm/bin/../lib/gcc/arm-elf/4.1.1/../../../../arm-elf/lib/interwork/libc.a(rand.o)
 .debug_loc     0x0000259e       0x47 /cygdrive/c/program files/gnuarm/bin/../lib/gcc/arm-elf/4.1.1/../../../../arm-elf/lib/interwork/libc.a(strlen.o)
 .debug_loc     0x000025e5      0x20b /cygdrive/c/program files/gnuarm/bin/../lib/gcc/arm-elf/4.1.1/../../../../arm-elf/lib/interwork/libc.a(strtol.o)

.debug_macinfo
 *(.debug_macinfo)

.debug_weaknames
 *(.debug_weaknames)

.debug_funcnames
 *(.debug_funcnames)

.debug_typenames
 *(.debug_typenames)

.debug_varnames
 *(.debug_varnames)
OUTPUT(lpc2104_color_lcd_v1.9.elf elf32-littlearm)

.debug_ranges   0x00000000       0x48
 .debug_ranges  0x00000000       0x48 snake.o

Cross Reference Table

Symbol                                            File
____divsi3_change_to_arm                          /cygdrive/c/program files/gnuarm/bin/../lib/gcc/arm-elf/4.1.1/../../../../arm-elf/lib/interwork/libc.a(impure.o)
____divsi3_from_thumb                             /cygdrive/c/program files/gnuarm/bin/../lib/gcc/arm-elf/4.1.1/../../../../arm-elf/lib/interwork/libc.a(impure.o)
____modsi3_change_to_arm                          /cygdrive/c/program files/gnuarm/bin/../lib/gcc/arm-elf/4.1.1/../../../../arm-elf/lib/interwork/libc.a(impure.o)
____modsi3_from_thumb                             /cygdrive/c/program files/gnuarm/bin/../lib/gcc/arm-elf/4.1.1/../../../../arm-elf/lib/interwork/libc.a(impure.o)
____udivsi3_change_to_arm                         /cygdrive/c/program files/gnuarm/bin/../lib/gcc/arm-elf/4.1.1/../../../../arm-elf/lib/interwork/libc.a(impure.o)
____udivsi3_from_thumb                            /cygdrive/c/program files/gnuarm/bin/../lib/gcc/arm-elf/4.1.1/../../../../arm-elf/lib/interwork/libc.a(impure.o)
____umodsi3_change_to_arm                         /cygdrive/c/program files/gnuarm/bin/../lib/gcc/arm-elf/4.1.1/../../../../arm-elf/lib/interwork/libc.a(impure.o)
____umodsi3_from_thumb                            /cygdrive/c/program files/gnuarm/bin/../lib/gcc/arm-elf/4.1.1/../../../../arm-elf/lib/interwork/libc.a(impure.o)
__aeabi_idiv                                      /cygdrive/c/program files/gnuarm/bin/../lib/gcc/arm-elf/4.1.1/interwork/libgcc.a(_divsi3.o)
__aeabi_idiv0                                     /cygdrive/c/program files/gnuarm/bin/../lib/gcc/arm-elf/4.1.1/interwork/libgcc.a(_dvmd_tls.o)
__aeabi_idivmod                                   /cygdrive/c/program files/gnuarm/bin/../lib/gcc/arm-elf/4.1.1/interwork/libgcc.a(_divsi3.o)
__aeabi_ldiv0                                     /cygdrive/c/program files/gnuarm/bin/../lib/gcc/arm-elf/4.1.1/interwork/libgcc.a(_dvmd_tls.o)
__aeabi_uidiv                                     /cygdrive/c/program files/gnuarm/bin/../lib/gcc/arm-elf/4.1.1/interwork/libgcc.a(_udivsi3.o)
__aeabi_uidivmod                                  /cygdrive/c/program files/gnuarm/bin/../lib/gcc/arm-elf/4.1.1/interwork/libgcc.a(_udivsi3.o)
__bss_end__                                       startup/libea_startup_thumb.a(startup.o)
__bss_start__                                     startup/libea_startup_thumb.a(startup.o)
__consolGetChar_change_to_arm                     /cygdrive/c/program files/gnuarm/bin/../lib/gcc/arm-elf/4.1.1/../../../../arm-elf/lib/interwork/libc.a(impure.o)
__consolGetChar_from_thumb                        /cygdrive/c/program files/gnuarm/bin/../lib/gcc/arm-elf/4.1.1/../../../../arm-elf/lib/interwork/libc.a(impure.o)
__ctxSwitchIsr_oshal_change_to_arm                /cygdrive/c/program files/gnuarm/bin/../lib/gcc/arm-elf/4.1.1/../../../../arm-elf/lib/interwork/libc.a(impure.o)
__ctxSwitchIsr_oshal_from_thumb                   /cygdrive/c/program files/gnuarm/bin/../lib/gcc/arm-elf/4.1.1/../../../../arm-elf/lib/interwork/libc.a(impure.o)
__ctxSwitch_oshal_change_to_arm                   /cygdrive/c/program files/gnuarm/bin/../lib/gcc/arm-elf/4.1.1/../../../../arm-elf/lib/interwork/libc.a(impure.o)
__ctxSwitch_oshal_from_thumb                      /cygdrive/c/program files/gnuarm/bin/../lib/gcc/arm-elf/4.1.1/../../../../arm-elf/lib/interwork/libc.a(impure.o)
__ctype_ptr                                       /cygdrive/c/program files/gnuarm/bin/../lib/gcc/arm-elf/4.1.1/../../../../arm-elf/lib/interwork/libc.a(ctype_.o)
                                                  /cygdrive/c/program files/gnuarm/bin/../lib/gcc/arm-elf/4.1.1/../../../../arm-elf/lib/interwork/libc.a(strtol.o)
__disIrq_change_to_arm                            /cygdrive/c/program files/gnuarm/bin/../lib/gcc/arm-elf/4.1.1/../../../../arm-elf/lib/interwork/libc.a(impure.o)
__disIrq_from_thumb                               /cygdrive/c/program files/gnuarm/bin/../lib/gcc/arm-elf/4.1.1/../../../../arm-elf/lib/interwork/libc.a(impure.o)
__div0                                            /cygdrive/c/program files/gnuarm/bin/../lib/gcc/arm-elf/4.1.1/interwork/libgcc.a(_dvmd_tls.o)
                                                  /cygdrive/c/program files/gnuarm/bin/../lib/gcc/arm-elf/4.1.1/interwork/libgcc.a(_modsi3.o)
                                                  /cygdrive/c/program files/gnuarm/bin/../lib/gcc/arm-elf/4.1.1/interwork/libgcc.a(_umodsi3.o)
                                                  /cygdrive/c/program files/gnuarm/bin/../lib/gcc/arm-elf/4.1.1/interwork/libgcc.a(_divsi3.o)
                                                  /cygdrive/c/program files/gnuarm/bin/../lib/gcc/arm-elf/4.1.1/interwork/libgcc.a(_udivsi3.o)
__divsi3                                          /cygdrive/c/program files/gnuarm/bin/../lib/gcc/arm-elf/4.1.1/interwork/libgcc.a(_divsi3.o)
                                                  pre_emptive_os/pre_emptive_os.a(stack_usage.o)
                                                  snake.o
__eaInit_change_to_arm                            /cygdrive/c/program files/gnuarm/bin/../lib/gcc/arm-elf/4.1.1/../../../../arm-elf/lib/interwork/libc.a(impure.o)
__eaInit_from_thumb                               /cygdrive/c/program files/gnuarm/bin/../lib/gcc/arm-elf/4.1.1/../../../../arm-elf/lib/interwork/libc.a(impure.o)
__halDisableInterrupts_oshal_change_to_arm        /cygdrive/c/program files/gnuarm/bin/../lib/gcc/arm-elf/4.1.1/../../../../arm-elf/lib/interwork/libc.a(impure.o)
__halDisableInterrupts_oshal_from_thumb           /cygdrive/c/program files/gnuarm/bin/../lib/gcc/arm-elf/4.1.1/../../../../arm-elf/lib/interwork/libc.a(impure.o)
__halRestoreInterrupts_oshal_change_to_arm        /cygdrive/c/program files/gnuarm/bin/../lib/gcc/arm-elf/4.1.1/../../../../arm-elf/lib/interwork/libc.a(impure.o)
__halRestoreInterrupts_oshal_from_thumb           /cygdrive/c/program files/gnuarm/bin/../lib/gcc/arm-elf/4.1.1/../../../../arm-elf/lib/interwork/libc.a(impure.o)
__initTimer_oshal_change_to_arm                   /cygdrive/c/program files/gnuarm/bin/../lib/gcc/arm-elf/4.1.1/../../../../arm-elf/lib/interwork/libc.a(impure.o)
__initTimer_oshal_from_thumb                      /cygdrive/c/program files/gnuarm/bin/../lib/gcc/arm-elf/4.1.1/../../../../arm-elf/lib/interwork/libc.a(impure.o)
__memcpy_change_to_arm                            /cygdrive/c/program files/gnuarm/bin/../lib/gcc/arm-elf/4.1.1/../../../../arm-elf/lib/interwork/libc.a(impure.o)
__memcpy_from_thumb                               /cygdrive/c/program files/gnuarm/bin/../lib/gcc/arm-elf/4.1.1/../../../../arm-elf/lib/interwork/libc.a(impure.o)
__modsi3                                          /cygdrive/c/program files/gnuarm/bin/../lib/gcc/arm-elf/4.1.1/interwork/libgcc.a(_modsi3.o)
                                                  snake.o
__osISRExit_from_arm                              /cygdrive/c/program files/gnuarm/bin/../lib/gcc/arm-elf/4.1.1/../../../../arm-elf/lib/interwork/libc.a(impure.o)
__osSemGive_from_arm                              /cygdrive/c/program files/gnuarm/bin/../lib/gcc/arm-elf/4.1.1/../../../../arm-elf/lib/interwork/libc.a(impure.o)
__osTick_from_arm                                 /cygdrive/c/program files/gnuarm/bin/../lib/gcc/arm-elf/4.1.1/../../../../arm-elf/lib/interwork/libc.a(impure.o)
__rand_change_to_arm                              /cygdrive/c/program files/gnuarm/bin/../lib/gcc/arm-elf/4.1.1/../../../../arm-elf/lib/interwork/libc.a(impure.o)
__rand_from_thumb                                 /cygdrive/c/program files/gnuarm/bin/../lib/gcc/arm-elf/4.1.1/../../../../arm-elf/lib/interwork/libc.a(impure.o)
__restoreIrq_change_to_arm                        /cygdrive/c/program files/gnuarm/bin/../lib/gcc/arm-elf/4.1.1/../../../../arm-elf/lib/interwork/libc.a(impure.o)
__restoreIrq_from_thumb                           /cygdrive/c/program files/gnuarm/bin/../lib/gcc/arm-elf/4.1.1/../../../../arm-elf/lib/interwork/libc.a(impure.o)
__simplePrintf_change_to_arm                      /cygdrive/c/program files/gnuarm/bin/../lib/gcc/arm-elf/4.1.1/../../../../arm-elf/lib/interwork/libc.a(impure.o)
__simplePrintf_from_thumb                         /cygdrive/c/program files/gnuarm/bin/../lib/gcc/arm-elf/4.1.1/../../../../arm-elf/lib/interwork/libc.a(impure.o)
__startHighProc_oshal_change_to_arm               /cygdrive/c/program files/gnuarm/bin/../lib/gcc/arm-elf/4.1.1/../../../../arm-elf/lib/interwork/libc.a(impure.o)
__startHighProc_oshal_from_thumb                  /cygdrive/c/program files/gnuarm/bin/../lib/gcc/arm-elf/4.1.1/../../../../arm-elf/lib/interwork/libc.a(impure.o)
__stkFrameInit_oshal_change_to_arm                /cygdrive/c/program files/gnuarm/bin/../lib/gcc/arm-elf/4.1.1/../../../../arm-elf/lib/interwork/libc.a(impure.o)
__stkFrameInit_oshal_from_thumb                   /cygdrive/c/program files/gnuarm/bin/../lib/gcc/arm-elf/4.1.1/../../../../arm-elf/lib/interwork/libc.a(impure.o)
__udivsi3                                         /cygdrive/c/program files/gnuarm/bin/../lib/gcc/arm-elf/4.1.1/interwork/libgcc.a(_udivsi3.o)
                                                  /cygdrive/c/program files/gnuarm/bin/../lib/gcc/arm-elf/4.1.1/../../../../arm-elf/lib/interwork/libc.a(strtol.o)
                                                  pre_emptive_os/pre_emptive_os.a(stack_usage.o)
                                                  startup/libea_startup_thumb.a(consol.o)
__umodsi3                                         /cygdrive/c/program files/gnuarm/bin/../lib/gcc/arm-elf/4.1.1/interwork/libgcc.a(_umodsi3.o)
                                                  /cygdrive/c/program files/gnuarm/bin/../lib/gcc/arm-elf/4.1.1/../../../../arm-elf/lib/interwork/libc.a(strtol.o)
                                                  startup/libea_startup_thumb.a(consol.o)
                                                  snake.o
_atoi_r                                           /cygdrive/c/program files/gnuarm/bin/../lib/gcc/arm-elf/4.1.1/../../../../arm-elf/lib/interwork/libc.a(atoi.o)
_call_via_fp                                      /cygdrive/c/program files/gnuarm/bin/../lib/gcc/arm-elf/4.1.1/interwork/libgcc.a(_call_via_rX.o)
_call_via_ip                                      /cygdrive/c/program files/gnuarm/bin/../lib/gcc/arm-elf/4.1.1/interwork/libgcc.a(_call_via_rX.o)
_call_via_lr                                      /cygdrive/c/program files/gnuarm/bin/../lib/gcc/arm-elf/4.1.1/interwork/libgcc.a(_call_via_rX.o)
_call_via_r0                                      /cygdrive/c/program files/gnuarm/bin/../lib/gcc/arm-elf/4.1.1/interwork/libgcc.a(_call_via_rX.o)
_call_via_r1                                      /cygdrive/c/program files/gnuarm/bin/../lib/gcc/arm-elf/4.1.1/interwork/libgcc.a(_call_via_rX.o)
_call_via_r2                                      /cygdrive/c/program files/gnuarm/bin/../lib/gcc/arm-elf/4.1.1/interwork/libgcc.a(_call_via_rX.o)
_call_via_r3                                      /cygdrive/c/program files/gnuarm/bin/../lib/gcc/arm-elf/4.1.1/interwork/libgcc.a(_call_via_rX.o)
_call_via_r4                                      /cygdrive/c/program files/gnuarm/bin/../lib/gcc/arm-elf/4.1.1/interwork/libgcc.a(_call_via_rX.o)
                                                  pre_emptive_os/pre_emptive_os.a(timer.o)
_call_via_r5                                      /cygdrive/c/program files/gnuarm/bin/../lib/gcc/arm-elf/4.1.1/interwork/libgcc.a(_call_via_rX.o)
_call_via_r6                                      /cygdrive/c/program files/gnuarm/bin/../lib/gcc/arm-elf/4.1.1/interwork/libgcc.a(_call_via_rX.o)
_call_via_r7                                      /cygdrive/c/program files/gnuarm/bin/../lib/gcc/arm-elf/4.1.1/interwork/libgcc.a(_call_via_rX.o)
_call_via_r8                                      /cygdrive/c/program files/gnuarm/bin/../lib/gcc/arm-elf/4.1.1/interwork/libgcc.a(_call_via_rX.o)
_call_via_r9                                      /cygdrive/c/program files/gnuarm/bin/../lib/gcc/arm-elf/4.1.1/interwork/libgcc.a(_call_via_rX.o)
_call_via_sl                                      /cygdrive/c/program files/gnuarm/bin/../lib/gcc/arm-elf/4.1.1/interwork/libgcc.a(_call_via_rX.o)
_call_via_sp                                      /cygdrive/c/program files/gnuarm/bin/../lib/gcc/arm-elf/4.1.1/interwork/libgcc.a(_call_via_rX.o)
_ctype_                                           /cygdrive/c/program files/gnuarm/bin/../lib/gcc/arm-elf/4.1.1/../../../../arm-elf/lib/interwork/libc.a(ctype_.o)
_data                                             startup/libea_startup_thumb.a(startup.o)
_edata                                            startup/libea_startup_thumb.a(startup.o)
_etext                                            startup/libea_startup_thumb.a(startup.o)
_global_impure_ptr                                /cygdrive/c/program files/gnuarm/bin/../lib/gcc/arm-elf/4.1.1/../../../../arm-elf/lib/interwork/libc.a(impure.o)
_impure_ptr                                       /cygdrive/c/program files/gnuarm/bin/../lib/gcc/arm-elf/4.1.1/../../../../arm-elf/lib/interwork/libc.a(impure.o)
                                                  /cygdrive/c/program files/gnuarm/bin/../lib/gcc/arm-elf/4.1.1/../../../../arm-elf/lib/interwork/libc.a(strtol.o)
                                                  /cygdrive/c/program files/gnuarm/bin/../lib/gcc/arm-elf/4.1.1/../../../../arm-elf/lib/interwork/libc.a(rand.o)
_startup                                          startup/libea_startup_thumb.a(startup.o)
_strtol_r                                         /cygdrive/c/program files/gnuarm/bin/../lib/gcc/arm-elf/4.1.1/../../../../arm-elf/lib/interwork/libc.a(strtol.o)
                                                  /cygdrive/c/program files/gnuarm/bin/../lib/gcc/arm-elf/4.1.1/../../../../arm-elf/lib/interwork/libc.a(atoi.o)
addToPrioQueue                                    pre_emptive_os/pre_emptive_os.a(prioqueue.o)
                                                  pre_emptive_os/pre_emptive_os.a(event.o)
                                                  pre_emptive_os/pre_emptive_os.a(kernel.o)
addToRdyList                                      pre_emptive_os/pre_emptive_os.a(kernel.o)
                                                  pre_emptive_os/pre_emptive_os.a(event.o)
addToTimeList                                     pre_emptive_os/pre_emptive_os.a(kernel.o)
                                                  pre_emptive_os/pre_emptive_os.a(event.o)
appTick                                           main.o
                                                  pre_emptive_os/pre_emptive_os.a(kernel.o)
atoi                                              /cygdrive/c/program files/gnuarm/bin/../lib/gcc/arm-elf/4.1.1/../../../../arm-elf/lib/interwork/libc.a(atoi.o)
                                                  startup/libea_startup_thumb.a(consol.o)
charMap                                           lcd.o
checkKey                                          key.o
[...]
                                                  main.o
eepromPageRead                                    eeprom.o
eepromPoll                                        eeprom.o
eepromStartRead                                   eeprom.o
eepromWrite                                       eeprom.o
end                                               startup/libea_startup_thumb.a(framework.o)
enterSleepMode                                    snake.o
eventInit                                         pre_emptive_os/pre_emptive_os.a(event.o)
                                                  pre_emptive_os/pre_emptive_os.a(count_sem.o)
eventIsEmpty                                      pre_emptive_os/pre_emptive_os.a(event.o)
                                                  pre_emptive_os/pre_emptive_os.a(count_sem.o)
eventSignal                                       pre_emptive_os/pre_emptive_os.a(event.o)
                                                  pre_emptive_os/pre_emptive_os.a(count_sem.o)
eventWait                                         pre_emptive_os/pre_emptive_os.a(event.o)
                                                  pre_emptive_os/pre_emptive_os.a(count_sem.o)
eventWaitReturn                                   pre_emptive_os/pre_emptive_os.a(event.o)
                                                  pre_emptive_os/pre_emptive_os.a(count_sem.o)
exceptionHandlerInit                              startup/libea_startup_thumb.a(framework.o)
                                                  startup/libea_startup_thumb.a(startup.o)
generalIRQ_oshal                                  pre_emptive_os/pre_emptive_os.a(a7hal_a.o)
                                                  pre_emptive_os/pre_emptive_os.a(a7hal.o)
getHighPrioQueue                                  pre_emptive_os/pre_emptive_os.a(prioqueue.o)
                                                  pre_emptive_os/pre_emptive_os.a(event.o)
                                                  pre_emptive_os/pre_emptive_os.a(kernel.o)
getI2cLock                                        i2c.o
                                                  eeprom.o
getKeys                                           hw.o
                                                  key.o
halDisableInterrupts_oshal                        pre_emptive_os/pre_emptive_os.a(a7hal.o)
                                                  pre_emptive_os/pre_emptive_os.a(timer.o)
                                                  pre_emptive_os/pre_emptive_os.a(count_sem.o)
                                                  pre_emptive_os/pre_emptive_os.a(kernel.o)
halEnableInterrupts_oshal                         pre_emptive_os/pre_emptive_os.a(a7hal.o)
halRestoreInterrupts_oshal                        pre_emptive_os/pre_emptive_os.a(a7hal.o)
                                                  pre_emptive_os/pre_emptive_os.a(timer.o)
                                                  pre_emptive_os/pre_emptive_os.a(count_sem.o)
                                                  pre_emptive_os/pre_emptive_os.a(kernel.o)
handleIRQs_oshal                                  pre_emptive_os/pre_emptive_os.a(a7hal.o)
                                                  pre_emptive_os/pre_emptive_os.a(a7hal_a.o)
i2cCheckStatus                                    i2c.o
                                                  eeprom.o
i2cGetChar                                        i2c.o
                                                  eeprom.o
i2cInit                                           i2c.o
                                                  hw.o
i2cMyWrite                                        i2c.o
i2cPutChar                                        i2c.o
                                                  eeprom.o
i2cRead                                           i2c.o
i2cRepeatStart                                    i2c.o
                                                  eeprom.o
i2cStart                                          i2c.o
                                                  eeprom.o
i2cStop                                           i2c.o
                                                  eeprom.o
i2cWaitTransmit                                   i2c.o
i2cWrite                                          i2c.o
i2cWriteWithWait                                  i2c.o
                                                  eeprom.o
immediateIoInit                                   hw.o
                                                  main.o
initBtProc                                        bt.o
                                                  main.o
initKeyProc                                       key.o
                                                  main.o
initPrioQueue                                     pre_emptive_os/pre_emptive_os.a(prioqueue.o)
                                                  pre_emptive_os/pre_emptive_os.a(event.o)
                                                  pre_emptive_os/pre_emptive_os.a(kernel.o)
initSpiForLcd                                     hw.o
                                                  lcd.o
initTimer_oshal                                   pre_emptive_os/pre_emptive_os.a(a7hal.o)
                                                  pre_emptive_os/pre_emptive_os.a(kernel.o)
initUart1                                         uart.o
                                                  bt.o
isEmptyPrioQueue                                  pre_emptive_os/pre_emptive_os.a(prioqueue.o)
                                                  pre_emptive_os/pre_emptive_os.a(event.o)
isrNesting                                        pre_emptive_os/pre_emptive_os.a(kernel.o)
                                                  pre_emptive_os/pre_emptive_os.a(event.o)
                                                  pre_emptive_os/pre_emptive_os.a(a7hal_a.o)
                                                  pre_emptive_os/pre_emptive_os.a(count_sem.o)
lcdClrscr                                         lcd.o
                                                  snake.o
                                                  main.o
lcdColor                                          lcd.o
                                                  select.o
                                                  main.o
lcdContrast                                       lcd.o
                                                  main.o
lcdData                                           lcd.o
lcdGotoxy                                         lcd.o
                                                  select.o
                                                  main.o
lcdIcon                                           lcd.o
lcdInit                                           lcd.o
                                                  main.o
lcdOff                                            lcd.o
lcdPutchar                                        lcd.o
lcdPuts                                           lcd.o
                                                  select.o
                                                  main.o
lcdRect                                           lcd.o
                                                  snake.o
                                                  select.o
                                                  main.o
lcdRectBrd                                        lcd.o
lcdWindow                                         lcd.o
lcdWrcmd                                          lcd.o
lcdWrdata                                         lcd.o
lm75Read                                          eeprom.o
lowLevelInit                                      startup/libea_startup_thumb.a(framework.o)
                                                  startup/libea_startup_thumb.a(startup.o)
main                                              main.o
                                                  startup/libea_startup_thumb.a(startup.o)
memblock                                          main.o
memblockSize                                      main.o
memcpy                                            /cygdrive/c/program files/gnuarm/bin/../lib/gcc/arm-elf/4.1.1/../../../../arm-elf/lib/interwork/libc.a(memcpy.o)
                                                  startup/libea_startup_thumb.a(consol.o)
                                                  hw.o
moveSnake                                         snake.o
ms                                                main.o
note                                              snake.o
notes                                             snake.o
osCreateProcess                                   pre_emptive_os/pre_emptive_os.a(kernel.o)
                                                  pre_emptive_os/pre_emptive_os.a(timer.o)
                                                  bt.o
                                                  key.o
                                                  main.o
osCreateTimer                                     pre_emptive_os/pre_emptive_os.a(timer.o)
osDeleteProcess                                   pre_emptive_os/pre_emptive_os.a(kernel.o)
                                                  main.o
osDeleteTimer                                     pre_emptive_os/pre_emptive_os.a(timer.o)
osGetHighPrioProc                                 pre_emptive_os/pre_emptive_os.a(kernel.o)
osISREnter                                        pre_emptive_os/pre_emptive_os.a(kernel.o)
osISRExit                                         pre_emptive_os/pre_emptive_os.a(kernel.o)
                                                  pre_emptive_os/pre_emptive_os.a(a7hal_a.o)
osInit                                            pre_emptive_os/pre_emptive_os.a(kernel.o)
                                                  main.o
osInitTimers                                      pre_emptive_os/pre_emptive_os.a(timer.o)
osLockNesting                                     pre_emptive_os/pre_emptive_os.a(kernel.o)
osPid                                             pre_emptive_os/pre_emptive_os.a(kernel.o)
osResume                                          pre_emptive_os/pre_emptive_os.a(kernel.o)
osSemGive                                         pre_emptive_os/pre_emptive_os.a(count_sem.o)
                                                  pre_emptive_os/pre_emptive_os.a(timer.o)
                                                  irq_code/irqUart.a(irqUart.o)
                                                  i2c.o
osSemInit                                         pre_emptive_os/pre_emptive_os.a(count_sem.o)
                                                  pre_emptive_os/pre_emptive_os.a(timer.o)
                                                  i2c.o
                                                  bt.o
                                                  uart.o
osSemTake                                         pre_emptive_os/pre_emptive_os.a(count_sem.o)
                                                  pre_emptive_os/pre_emptive_os.a(timer.o)
                                                  i2c.o
                                                  bt.o
                                                  uart.o
osSemTryTake                                      pre_emptive_os/pre_emptive_os.a(count_sem.o)
osSleep                                           pre_emptive_os/pre_emptive_os.a(kernel.o)
                                                  hw.o
                                                  snake.o
                                                  bt.o
                                                  select.o
                                                  key.o
                                                  lcd.o
                                                  main.o
osStackUsage                                      pre_emptive_os/pre_emptive_os.a(stack_usage.o)
osStart                                           pre_emptive_os/pre_emptive_os.a(kernel.o)
                                                  main.o
osStartProcess                                    pre_emptive_os/pre_emptive_os.a(kernel.o)
                                                  pre_emptive_os/pre_emptive_os.a(timer.o)
                                                  bt.o
                                                  key.o
                                                  main.o
osSuspend                                         pre_emptive_os/pre_emptive_os.a(kernel.o)
osTick                                            pre_emptive_os/pre_emptive_os.a(kernel.o)
                                                  pre_emptive_os/pre_emptive_os.a(a7hal.o)
pHeapEnd                                          startup/libea_startup_thumb.a(framework.o)
pHeapStart                                        startup/libea_startup_thumb.a(framework.o)
pNxtToRun                                         pre_emptive_os/pre_emptive_os.a(kernel.o)
                                                  pre_emptive_os/pre_emptive_os.a(a7hal_a.o)
pRunProc                                          pre_emptive_os/pre_emptive_os.a(kernel.o)
                                                  pre_emptive_os/pre_emptive_os.a(event.o)
                                                  pre_emptive_os/pre_emptive_os.a(a7hal_a.o)
pca9532                                           eeprom.o
                                                  hw.o
playSnake                                         snake.o
                                                  main.o
processControlBlocks                              pre_emptive_os/pre_emptive_os.a(event.o)
                                                  pre_emptive_os/pre_emptive_os.a(stack_usage.o)
                                                  pre_emptive_os/pre_emptive_os.a(kernel.o)
rand                                              /cygdrive/c/program files/gnuarm/bin/../lib/gcc/arm-elf/4.1.1/../../../../arm-elf/lib/interwork/libc.a(rand.o)
                                                  snake.o
receiveSem                                        irq_code/irqUart.a(irqUart.o)
                                                  uart.o
releaseI2cLock                                    i2c.o
                                                  eeprom.o
resetBT                                           hw.o
                                                  bt.o
resetLCD                                          hw.o
                                                  main.o
restoreIrq                                        irq_code/irqUart.a(irqUart.o)
                                                  uart.o
rmvFromPrioQueue                                  pre_emptive_os/pre_emptive_os.a(prioqueue.o)
                                                  pre_emptive_os/pre_emptive_os.a(event.o)
                                                  pre_emptive_os/pre_emptive_os.a(kernel.o)
rmvFromRdyList                                    pre_emptive_os/pre_emptive_os.a(kernel.o)
                                                  pre_emptive_os/pre_emptive_os.a(event.o)
rmvFromTimeList                                   pre_emptive_os/pre_emptive_os.a(kernel.o)
                                                  pre_emptive_os/pre_emptive_os.a(event.o)
sampleKey                                         key.o
schedule                                          pre_emptive_os/pre_emptive_os.a(kernel.o)
                                                  pre_emptive_os/pre_emptive_os.a(event.o)
                                                  pre_emptive_os/pre_emptive_os.a(count_sem.o)
selectLCD                                         hw.o
                                                  lcd.o
sendScore                                         snake.o
                                                  main.o
sendToLCD                                         hw.o
                                                  lcd.o
setBuzzer                                         hw.o
                                                  snake.o
                                                  main.o
setLED                                            hw.o
                                                  snake.o
                                                  main.o
simplePrintf                                      startup/libea_startup_thumb.a(consol.o)
                                                  bt.o
srand                                             /cygdrive/c/program files/gnuarm/bin/../lib/gcc/arm-elf/4.1.1/../../../../arm-elf/lib/interwork/libc.a(rand.o)
startHighProc_oshal                               pre_emptive_os/pre_emptive_os.a(a7hal_a.o)
                                                  pre_emptive_os/pre_emptive_os.a(kernel.o)
stkFrameInit_oshal                                pre_emptive_os/pre_emptive_os.a(a7hal.o)
                                                  pre_emptive_os/pre_emptive_os.a(kernel.o)
stopTimer1                                        snake.o
strlen                                            /cygdrive/c/program files/gnuarm/bin/../lib/gcc/arm-elf/4.1.1/../../../../arm-elf/lib/interwork/libc.a(strlen.o)
                                                  startup/libea_startup_thumb.a(consol.o)
strtol                                            /cygdrive/c/program files/gnuarm/bin/../lib/gcc/arm-elf/4.1.1/../../../../arm-elf/lib/interwork/libc.a(strtol.o)
                                                  /cygdrive/c/program files/gnuarm/bin/../lib/gcc/arm-elf/4.1.1/../../../../arm-elf/lib/interwork/libc.a(atoi.o)
timerIsr_oshal                                    pre_emptive_os/pre_emptive_os.a(a7hal.o)
timerTick                                         pre_emptive_os/pre_emptive_os.a(timer.o)
                                                  pre_emptive_os/pre_emptive_os.a(kernel.o)
toggle                                            snake.o
uart1GetCh                                        uart.o
                                                  snake.o
uart1GetChSem                                     uart.o
uart1GetChar                                      uart.o
                                                  bt.o
uart1ISR                                          irq_code/irqUart.a(irqUart.o)
                                                  uart.o
uart1RxBuf                                        irq_code/irqUart.a(irqUart.o)
                                                  uart.o
uart1RxHead                                       uart.o
                                                  irq_code/irqUart.a(irqUart.o)
uart1RxInBuff                                     uart.o
                                                  irq_code/irqUart.a(irqUart.o)
uart1RxTail                                       uart.o
                                                  irq_code/irqUart.a(irqUart.o)
uart1SendCh                                       uart.o
uart1SendChar                                     uart.o
                                                  snake.o
                                                  bt.o
uart1SendChars                                    uart.o
uart1SendString                                   uart.o
                                                  bt.o
uart1TxBuf                                        irq_code/irqUart.a(irqUart.o)
                                                  uart.o
uart1TxHead                                       uart.o
                                                  irq_code/irqUart.a(irqUart.o)
uart1TxRunning                                    uart.o
                                                  irq_code/irqUart.a(irqUart.o)
uart1TxTail                                       uart.o
                                                  irq_code/irqUart.a(irqUart.o)
ver1_0                                            hw.o
ver1_1                                            hw.o
