Archive member included because of file (symbol)

startup/libea_startup_thumb.a(consol.o)
                              bt.o (consolGetChar)
startup/libea_startup_thumb.a(framework.o)
                              main.o (eaInit)
startup/libea_startup_thumb.a(startup.o)
                              (_startup)
irq_code/irqUart.a(irqUart.o)
                              uart.o (disIrq)
pre_emptive_os/pre_emptive_os.a(kernel.o)
                              main.o (osInit)
pre_emptive_os/pre_emptive_os.a(prioqueue.o)
                              pre_emptive_os/pre_emptive_os.a(kernel.o) (initPrioQueue)
pre_emptive_os/pre_emptive_os.a(count_sem.o)
                              uart.o (osSemInit)
pre_emptive_os/pre_emptive_os.a(timer.o)
                              pre_emptive_os/pre_emptive_os.a(kernel.o) (timerTick)
pre_emptive_os/pre_emptive_os.a(stack_usage.o)
                              pre_emptive_os/pre_emptive_os.a(kernel.o) (createStackPattern)
pre_emptive_os/pre_emptive_os.a(a7hal.o)
                              pre_emptive_os/pre_emptive_os.a(kernel.o) (stkFrameInit_oshal)
pre_emptive_os/pre_emptive_os.a(a7hal_a.o)
                              pre_emptive_os/pre_emptive_os.a(kernel.o) (startHighProc_oshal)
pre_emptive_os/pre_emptive_os.a(event.o)
                              pre_emptive_os/pre_emptive_os.a(count_sem.o) (eventInit)
/cygdrive/c/program files/gnuarm/bin/../lib/gcc/arm-elf/4.1.1/interwork/libgcc.a(_udivsi3.o)
                              bt.o (__udivsi3)
/cygdrive/c/program files/gnuarm/bin/../lib/gcc/arm-elf/4.1.1/interwork/libgcc.a(_divsi3.o)
                              pre_emptive_os/pre_emptive_os.a(stack_usage.o) (__divsi3)
/cygdrive/c/program files/gnuarm/bin/../lib/gcc/arm-elf/4.1.1/interwork/libgcc.a(_umodsi3.o)
                              bt.o (__umodsi3)
/cygdrive/c/program files/gnuarm/bin/../lib/gcc/arm-elf/4.1.1/interwork/libgcc.a(_modsi3.o)
                              snake.o (__modsi3)
/cygdrive/c/program files/gnuarm/bin/../lib/gcc/arm-elf/4.1.1/interwork/libgcc.a(_dvmd_tls.o)
                              /cygdrive/c/program files/gnuarm/bin/../lib/gcc/arm-elf/4.1.1/interwork/libgcc.a(_udivsi3.o) (__div0)
/cygdrive/c/program files/gnuarm/bin/../lib/gcc/arm-elf/4.1.1/interwork/libgcc.a(_call_via_rX.o)
                              pre_emptive_os/pre_emptive_os.a(timer.o) (_call_via_r4)
/cygdrive/c/program files/gnuarm/bin/../lib/gcc/arm-elf/4.1.1/../../../../arm-elf/lib/interwork/libc.a(atoi.o)
                              startup/libea_startup_thumb.a(consol.o) (atoi)
/cygdrive/c/program files/gnuarm/bin/../lib/gcc/arm-elf/4.1.1/../../../../arm-elf/lib/interwork/libc.a(memcmp.o)
                              bt.o (memcmp)
/cygdrive/c/program files/gnuarm/bin/../lib/gcc/arm-elf/4.1.1/../../../../arm-elf/lib/interwork/libc.a(memcpy.o)
                              bt.o (memcpy)
/cygdrive/c/program files/gnuarm/bin/../lib/gcc/arm-elf/4.1.1/../../../../arm-elf/lib/interwork/libc.a(rand.o)
                              snake.o (rand)
/cygdrive/c/program files/gnuarm/bin/../lib/gcc/arm-elf/4.1.1/../../../../arm-elf/lib/interwork/libc.a(strchr.o)
                              bt.o (strchr)
/cygdrive/c/program files/gnuarm/bin/../lib/gcc/arm-elf/4.1.1/../../../../arm-elf/lib/interwork/libc.a(strlen.o)
                              startup/libea_startup_thumb.a(consol.o) (strlen)
/cygdrive/c/program files/gnuarm/bin/../lib/gcc/arm-elf/4.1.1/../../../../arm-elf/lib/interwork/libc.a(strtol.o)
                              /cygdrive/c/program files/gnuarm/bin/../lib/gcc/arm-elf/4.1.1/../../../../arm-elf/lib/interwork/libc.a(atoi.o) (_strtol_r)
/cygdrive/c/program files/gnuarm/bin/../lib/gcc/arm-elf/4.1.1/../../../../arm-elf/lib/interwork/libc.a(ctype_.o)
                              /cygdrive/c/program files/gnuarm/bin/../lib/gcc/arm-elf/4.1.1/../../../../arm-elf/lib/interwork/libc.a(strtol.o) (__ctype_ptr)
/cygdrive/c/program files/gnuarm/bin/../lib/gcc/arm-elf/4.1.1/../../../../arm-elf/lib/interwork/libc.a(impure.o)
                              /cygdrive/c/program files/gnuarm/bin/../lib/gcc/arm-elf/4.1.1/../../../../arm-elf/lib/interwork/libc.a(rand.o) (_impure_ptr)

Allocating common symbols
Common symbol       size              file

uart1RxBuf          0x400             uart.o
receiveSem          0x1c              uart.o
ms                  0x4               main.o
ver1_1              0x1               hw.o
pHeapEnd            0x4               startup/libea_startup_thumb.a(framework.o)
pHeapStart          0x4               startup/libea_startup_thumb.a(framework.o)
uart1TxBuf          0x100             uart.o
ver1_0              0x1               hw.o
processControlBlocks
                    0xc8              pre_emptive_os/pre_emptive_os.a(kernel.o)

Discarded input sections

 .stabstr       0x00000000        0x0 startup/libea_startup_thumb.a(startup.o)
 .stabstr       0x00000000        0x0 pre_emptive_os/pre_emptive_os.a(a7hal_a.o)

Memory Configuration

Name             Origin             Length             Attributes
FLASH            0x00000000         0x00020000         xr
RAM              0x40000000         0x00004000         rw
*default*        0x00000000         0xffffffff

Linker script and memory map

LOAD main.o
LOAD lcd.o
LOAD key.o
LOAD select.o
LOAD uart.o
LOAD bt.o
LOAD snake.o
LOAD eeprom.o
LOAD i2c.o
LOAD hw.o
LOAD startup/libea_startup_thumb.a
LOAD irq_code/irqUart.a
LOAD gcc_files/libm.a
LOAD pre_emptive_os/pre_emptive_os.a
START GROUP
LOAD /cygdrive/c/program files/gnuarm/bin/../lib/gcc/arm-elf/4.1.1/interwork/libgcc.a
LOAD /cygdrive/c/program files/gnuarm/bin/../lib/gcc/arm-elf/4.1.1/../../../../arm-elf/lib/interwork/libc.a
END GROUP

.text           0x00000000     0x54bc
 *startup.o(.text)
 .text          0x00000000      0x1d8 startup/libea_startup_thumb.a(startup.o)
                0x00000000                _startup
 *(.text)
 .text          0x000001d8      0x314 main.o
                0x000001d8                appTick
                0x000001e8                main
 .text          0x000004ec      0x570 lcd.o
                0x000004ec                lcdColor
                0x000006b8                lcdWindow
                0x000008f8                lcdClrscr
                0x000007c0                lcdRectBrd
                0x0000063c                lcdPutchar
                0x000008d4                lcdContrast
                0x0000094c                lcdOff
                0x00000968                lcdInit
                0x00000710                lcdIcon
                0x00000574                lcdData
                0x00000500                lcdWrdata
                0x00000870                lcdRect
                0x00000510                lcdWrcmd
                0x000006a0                lcdPuts
                0x000006e8                lcdGotoxy
 .text          0x00000a5c      0x1e0 key.o
                0x00000a6c                checkKey2
                0x00000ab8                sampleKey
                0x00000a78                initKeyProc
                0x00000a5c                checkKey
 .text          0x00000c3c      0x160 select.o
                0x00000cac                drawMenu
 .text          0x00000d9c      0x280 uart.o
                0x00000e4c                uart1SendChar
                0x00000ed0                uart1SendChars
                0x00000f14                uart1SendString
                0x00000ef8                uart1SendCh
                0x00000f2c                initUart1
                0x00000e04                uart1GetChSem
                0x00000d9c                uart1GetChar
                0x00000e30                uart1GetCh
 .text          0x0000101c     0x1138 bt.o
                0x00001594                handleBt
                0x00002014                initBtProc
                0x0000107c                activateBtProc
                0x0000101c                blockBtProc
 .text          0x00002154      0x39c snake.o
                0x000023ec                playSnake
                0x00002338                moveSnake
 .text          0x000024f0      0x378 eeprom.o
                0x00002684                lm75Read
                0x00002590                pca9532
                0x00002704                eepromWrite
                0x00002810                eepromPoll
                0x00002790                eepromPageRead
                0x000024f0                eepromStartRead
 .text          0x00002868      0x3e0 i2c.o
                0x00002a2c                i2cInit
                0x00002aa0                getI2cLock
                0x00002b08                i2cRead
                0x000029a4                i2cWriteWithWait
                0x00002880                i2cStart
                0x000028cc                i2cStop
                0x00002868                i2cCheckStatus
                0x00002920                i2cGetChar
                0x00002abc                i2cRepeatStart
                0x00002ba8                i2cWrite
                0x00002978                i2cWaitTransmit
                0x000029d4                i2cMyWrite
                0x000028f4                i2cPutChar
                0x00002a88                releaseI2cLock
 .text          0x00002c48      0x44c hw.o
                0x00002cac                sendToLCD
                0x00002eec                resetBT
                0x00002c48                setBuzzer
                0x00002d28                initSpiForLcd
                0x00002fd8                immediateIoInit
                0x00002f68                resetLCD
                0x00002e30                setLED
                0x00002d80                getKeys
                0x00002c6c                selectLCD
 .text          0x00003094      0x680 startup/libea_startup_thumb.a(consol.o)
                0x00003550                consolGetIntNum
                0x0000318c                consolSendCh
                0x00003358                consolGetString
                0x000031fc                consolSendNumber
                0x00003314                consolGetCh
                0x0000316c                consolSendChar
                0x000033d0                simplePrintf
                0x000031d0                consolSendString
                0x00003630                consolScanf
                0x00003334                consolGetChar
                0x00003118                consolInit
 .text          0x00003714      0x2bc startup/libea_startup_thumb.a(framework.o)
                0x0000383c                eaInit
                0x0000378c                lowLevelInit
                0x00003714                exceptionHandlerInit
 .text          0x000039d0      0x2bc irq_code/irqUart.a(irqUart.o)
                0x000039f8                uart1ISR
                0x000039f0                restoreIrq
                0x000039d0                disIrq
 .text          0x00003c8c      0x4f8 pre_emptive_os/pre_emptive_os.a(kernel.o)
                0x00004008                osTick
                0x000040cc                rmvFromRdyList
                0x00003e28                osGetHighPrioProc
                0x000040e8                osSuspend
                0x00003d3c                osInit
                0x0000411c                osDeleteProcess
                0x00003d68                osISREnter
                0x00003e44                schedule
                0x00003d8c                osCreateProcess
                0x00003f88                addToRdyList
                0x00003cd8                addToTimeList
                0x00003f9c                osResume
                0x00003c8c                osPid
                0x0000414c                osSleep
                0x00003eb0                osISRExit
                0x00003f18                osStart
                0x00003f44                rmvFromTimeList
                0x00004064                osStartProcess
 .text          0x00004184      0x124 pre_emptive_os/pre_emptive_os.a(prioqueue.o)
                0x00004184                initPrioQueue
                0x000041ec                rmvFromPrioQueue
                0x000041a4                addToPrioQueue
                0x00004288                isEmptyPrioQueue
                0x00004250                getHighPrioQueue
 .text          0x000042a8      0x144 pre_emptive_os/pre_emptive_os.a(count_sem.o)
                0x00004348                osSemGive
                0x000043ac                osSemTryTake
                0x000042a8                osSemInit
                0x000042bc                osSemTake
 .text          0x000043ec      0x218 pre_emptive_os/pre_emptive_os.a(timer.o)
                0x000043ec                timerTick
                0x00004560                osInitTimers
                0x000044fc                osDeleteTimer
                0x000044d0                osCreateTimer
 .text          0x00004604       0xa4 pre_emptive_os/pre_emptive_os.a(stack_usage.o)
                0x00004604                osStackUsage
                0x00004648                createStackPattern
                0x00004668                checkStackLimit
 .text          0x000046a8      0x1ec pre_emptive_os/pre_emptive_os.a(a7hal.o)
                0x000046e0                stkFrameInit_oshal
                0x000046a8                timerIsr_oshal
                0x000047c0                halRestoreInterrupts_oshal
                0x000047c8                initTimer_oshal
                0x000047b0                halEnableInterrupts_oshal
                0x00004860                handleIRQs_oshal
                0x00004790                halDisableInterrupts_oshal
 .text          0x00004894       0xc4 pre_emptive_os/pre_emptive_os.a(a7hal_a.o)
                0x000048a0                startHighProc_oshal
                0x000048c8                ctxSwitchIsr_oshal
                0x000048a8                ctxSwitch_oshal
                0x000048e8                generalIRQ_oshal
 .text          0x00004958       0xd8 pre_emptive_os/pre_emptive_os.a(event.o)
                0x00004968                eventWait
                0x00004958                eventInit
                0x000049d0                eventIsEmpty
                0x000049a0                eventWaitReturn
                0x000049e0                eventSignal
 .text          0x00004a30      0x114 /cygdrive/c/program files/gnuarm/bin/../lib/gcc/arm-elf/4.1.1/interwork/libgcc.a(_udivsi3.o)
                0x00004a30                __udivsi3
                0x00004a30                __aeabi_uidiv
                0x00004b2c                __aeabi_uidivmod
 .text          0x00004b44      0x144 /cygdrive/c/program files/gnuarm/bin/../lib/gcc/arm-elf/4.1.1/interwork/libgcc.a(_divsi3.o)
                0x00004b44                __aeabi_idiv
                0x00004b44                __divsi3
                0x00004c70                __aeabi_idivmod
 .text          0x00004c88       0xd0 /cygdrive/c/program files/gnuarm/bin/../lib/gcc/arm-elf/4.1.1/interwork/libgcc.a(_umodsi3.o)
                0x00004c88                __umodsi3
 .text          0x00004d58       0xe8 /cygdrive/c/program files/gnuarm/bin/../lib/gcc/arm-elf/4.1.1/interwork/libgcc.a(_modsi3.o)
                0x00004d58                __modsi3
 .text          0x00004e40        0x4 /cygdrive/c/program files/gnuarm/bin/../lib/gcc/arm-elf/4.1.1/interwork/libgcc.a(_dvmd_tls.o)
                0x00004e40                __aeabi_ldiv0
                0x00004e40                __div0
                0x00004e40                __aeabi_idiv0
 .text          0x00004e44       0x3c /cygdrive/c/program files/gnuarm/bin/../lib/gcc/arm-elf/4.1.1/interwork/libgcc.a(_call_via_rX.o)
                0x00004e4c                _call_via_r2
                0x00004e5c                _call_via_r6
                0x00004e58                _call_via_r5
                0x00004e50                _call_via_r3
                0x00004e70                _call_via_fp
                0x00004e64                _call_via_r8
                0x00004e60                _call_via_r7
                0x00004e44                _call_via_r0
                0x00004e6c                _call_via_sl
                0x00004e78                _call_via_sp
                0x00004e68                _call_via_r9
                0x00004e54                _call_via_r4
                0x00004e48                _call_via_r1
                0x00004e74                _call_via_ip
                0x00004e7c                _call_via_lr
 .text          0x00004e80       0x30 /cygdrive/c/program files/gnuarm/bin/../lib/gcc/arm-elf/4.1.1/../../../../arm-elf/lib/interwork/libc.a(atoi.o)
                0x00004e80                _atoi_r
                0x00004e98                atoi
 .text          0x00004eb0       0x98 /cygdrive/c/program files/gnuarm/bin/../lib/gcc/arm-elf/4.1.1/../../../../arm-elf/lib/interwork/libc.a(memcmp.o)
                0x00004eb0                memcmp
 .text          0x00004f48       0x9c /cygdrive/c/program files/gnuarm/bin/../lib/gcc/arm-elf/4.1.1/../../../../arm-elf/lib/interwork/libc.a(memcpy.o)
                0x00004f48                memcpy
 .text          0x00004fe4       0x7c /cygdrive/c/program files/gnuarm/bin/../lib/gcc/arm-elf/4.1.1/../../../../arm-elf/lib/interwork/libc.a(rand.o)
                0x00005000                rand
                0x00004fe4                srand
 .text          0x00005060      0x118 /cygdrive/c/program files/gnuarm/bin/../lib/gcc/arm-elf/4.1.1/../../../../arm-elf/lib/interwork/libc.a(strchr.o)
                0x00005060                strchr
 .text          0x00005178       0x90 /cygdrive/c/program files/gnuarm/bin/../lib/gcc/arm-elf/4.1.1/../../../../arm-elf/lib/interwork/libc.a(strlen.o)
                0x00005178                strlen
 .text          0x00005208      0x1f0 /cygdrive/c/program files/gnuarm/bin/../lib/gcc/arm-elf/4.1.1/../../../../arm-elf/lib/interwork/libc.a(strtol.o)
                0x000053cc                strtol
                0x00005208                _strtol_r
 .text          0x000053f8        0x0 /cygdrive/c/program files/gnuarm/bin/../lib/gcc/arm-elf/4.1.1/../../../../arm-elf/lib/interwork/libc.a(ctype_.o)
 .text          0x000053f8        0x0 /cygdrive/c/program files/gnuarm/bin/../lib/gcc/arm-elf/4.1.1/../../../../arm-elf/lib/interwork/libc.a(impure.o)
 *(.glue_7)
 .glue_7        0x000053f8        0x0 main.o
 .glue_7        0x000053f8        0x0 lcd.o
 .glue_7        0x000053f8        0x0 key.o
 .glue_7        0x000053f8        0x0 select.o
 .glue_7        0x000053f8        0x0 uart.o
 .glue_7        0x000053f8        0x0 bt.o
 .glue_7        0x000053f8        0x0 snake.o
 .glue_7        0x000053f8        0x0 eeprom.o
 .glue_7        0x000053f8        0x0 i2c.o
 .glue_7        0x000053f8        0x0 hw.o
 .glue_7        0x000053f8        0x0 startup/libea_startup_thumb.a(consol.o)
 .glue_7        0x000053f8        0x0 startup/libea_startup_thumb.a(framework.o)
 .glue_7        0x000053f8        0x0 startup/libea_startup_thumb.a(startup.o)
 .glue_7        0x000053f8        0x0 irq_code/irqUart.a(irqUart.o)
 .glue_7        0x000053f8        0x0 pre_emptive_os/pre_emptive_os.a(kernel.o)
 .glue_7        0x000053f8        0x0 pre_emptive_os/pre_emptive_os.a(prioqueue.o)
 .glue_7        0x000053f8        0x0 pre_emptive_os/pre_emptive_os.a(count_sem.o)
 .glue_7        0x000053f8        0x0 pre_emptive_os/pre_emptive_os.a(timer.o)
 .glue_7        0x000053f8        0x0 pre_emptive_os/pre_emptive_os.a(stack_usage.o)
 .glue_7        0x000053f8        0x0 pre_emptive_os/pre_emptive_os.a(a7hal.o)
 .glue_7        0x000053f8        0x0 pre_emptive_os/pre_emptive_os.a(a7hal_a.o)
 .glue_7        0x000053f8        0x0 pre_emptive_os/pre_emptive_os.a(event.o)
 .glue_7        0x000053f8        0x0 /cygdrive/c/program files/gnuarm/bin/../lib/gcc/arm-elf/4.1.1/interwork/libgcc.a(_udivsi3.o)
 .glue_7        0x000053f8        0x0 /cygdrive/c/program files/gnuarm/bin/../lib/gcc/arm-elf/4.1.1/interwork/libgcc.a(_divsi3.o)
 .glue_7        0x000053f8        0x0 /cygdrive/c/program files/gnuarm/bin/../lib/gcc/arm-elf/4.1.1/interwork/libgcc.a(_umodsi3.o)
 .glue_7        0x000053f8        0x0 /cygdrive/c/program files/gnuarm/bin/../lib/gcc/arm-elf/4.1.1/interwork/libgcc.a(_modsi3.o)
 .glue_7        0x000053f8        0x0 /cygdrive/c/program files/gnuarm/bin/../lib/gcc/arm-elf/4.1.1/interwork/libgcc.a(_dvmd_tls.o)
 .glue_7        0x000053f8        0x0 /cygdrive/c/program files/gnuarm/bin/../lib/gcc/arm-elf/4.1.1/interwork/libgcc.a(_call_via_rX.o)
 .glue_7        0x000053f8        0x0 /cygdrive/c/program files/gnuarm/bin/../lib/gcc/arm-elf/4.1.1/../../../../arm-elf/lib/interwork/libc.a(atoi.o)
 .glue_7        0x000053f8        0x0 /cygdrive/c/program files/gnuarm/bin/../lib/gcc/arm-elf/4.1.1/../../../../arm-elf/lib/interwork/libc.a(memcmp.o)
 .glue_7        0x000053f8        0x0 /cygdrive/c/program files/gnuarm/bin/../lib/gcc/arm-elf/4.1.1/../../../../arm-elf/lib/interwork/libc.a(memcpy.o)
 .glue_7        0x000053f8        0x0 /cygdrive/c/program files/gnuarm/bin/../lib/gcc/arm-elf/4.1.1/../../../../arm-elf/lib/interwork/libc.a(rand.o)
 .glue_7        0x000053f8        0x0 /cygdrive/c/program files/gnuarm/bin/../lib/gcc/arm-elf/4.1.1/../../../../arm-elf/lib/interwork/libc.a(strchr.o)
 .glue_7        0x000053f8        0x0 /cygdrive/c/program files/gnuarm/bin/../lib/gcc/arm-elf/4.1.1/../../../../arm-elf/lib/interwork/libc.a(strlen.o)
 .glue_7        0x000053f8        0x0 /cygdrive/c/program files/gnuarm/bin/../lib/gcc/arm-elf/4.1.1/../../../../arm-elf/lib/interwork/libc.a(strtol.o)
 .glue_7        0x000053f8        0x0 /cygdrive/c/program files/gnuarm/bin/../lib/gcc/arm-elf/4.1.1/../../../../arm-elf/lib/interwork/libc.a(ctype_.o)
 .glue_7        0x000053f8       0x24 /cygdrive/c/program files/gnuarm/bin/../lib/gcc/arm-elf/4.1.1/../../../../arm-elf/lib/interwork/libc.a(impure.o)
                0x00005410                __osISRExit_from_arm
                0x00005404                __osTick_from_arm
                0x000053f8                __osSemGive_from_arm
 *(.glue_7t)
 .glue_7t       0x0000541c        0x0 main.o
 .glue_7t       0x0000541c        0x0 lcd.o
 .glue_7t       0x0000541c        0x0 key.o
 .glue_7t       0x0000541c        0x0 select.o
 .glue_7t       0x0000541c        0x0 uart.o
 .glue_7t       0x0000541c        0x0 bt.o
 .glue_7t       0x0000541c        0x0 snake.o
 .glue_7t       0x0000541c        0x0 eeprom.o
 .glue_7t       0x0000541c        0x0 i2c.o
 .glue_7t       0x0000541c        0x0 hw.o
 .glue_7t       0x0000541c        0x0 startup/libea_startup_thumb.a(consol.o)
 .glue_7t       0x0000541c        0x0 startup/libea_startup_thumb.a(framework.o)
 .glue_7t       0x0000541c        0x0 startup/libea_startup_thumb.a(startup.o)
 .glue_7t       0x0000541c        0x0 irq_code/irqUart.a(irqUart.o)
 .glue_7t       0x0000541c        0x0 pre_emptive_os/pre_emptive_os.a(kernel.o)
 .glue_7t       0x0000541c        0x0 pre_emptive_os/pre_emptive_os.a(prioqueue.o)
 .glue_7t       0x0000541c        0x0 pre_emptive_os/pre_emptive_os.a(count_sem.o)
 .glue_7t       0x0000541c        0x0 pre_emptive_os/pre_emptive_os.a(timer.o)
 .glue_7t       0x0000541c        0x0 pre_emptive_os/pre_emptive_os.a(stack_usage.o)
 .glue_7t       0x0000541c        0x0 pre_emptive_os/pre_emptive_os.a(a7hal.o)
 .glue_7t       0x0000541c        0x0 pre_emptive_os/pre_emptive_os.a(a7hal_a.o)
 .glue_7t       0x0000541c        0x0 pre_emptive_os/pre_emptive_os.a(event.o)
 .glue_7t       0x0000541c        0x0 /cygdrive/c/program files/gnuarm/bin/../lib/gcc/arm-elf/4.1.1/interwork/libgcc.a(_udivsi3.o)
 .glue_7t       0x0000541c        0x0 /cygdrive/c/program files/gnuarm/bin/../lib/gcc/arm-elf/4.1.1/interwork/libgcc.a(_divsi3.o)
 .glue_7t       0x0000541c        0x0 /cygdrive/c/program files/gnuarm/bin/../lib/gcc/arm-elf/4.1.1/interwork/libgcc.a(_umodsi3.o)
 .glue_7t       0x0000541c        0x0 /cygdrive/c/program files/gnuarm/bin/../lib/gcc/arm-elf/4.1.1/interwork/libgcc.a(_modsi3.o)
 .glue_7t       0x0000541c        0x0 /cygdrive/c/program files/gnuarm/bin/../lib/gcc/arm-elf/4.1.1/interwork/libgcc.a(_dvmd_tls.o)
 .glue_7t       0x0000541c        0x0 /cygdrive/c/program files/gnuarm/bin/../lib/gcc/arm-elf/4.1.1/interwork/libgcc.a(_call_via_rX.o)
 .glue_7t       0x0000541c        0x0 /cygdrive/c/program files/gnuarm/bin/../lib/gcc/arm-elf/4.1.1/../../../../arm-elf/lib/interwork/libc.a(atoi.o)
 .glue_7t       0x0000541c        0x0 /cygdrive/c/program files/gnuarm/bin/../lib/gcc/arm-elf/4.1.1/../../../../arm-elf/lib/interwork/libc.a(memcmp.o)
 .glue_7t       0x0000541c        0x0 /cygdrive/c/program files/gnuarm/bin/../lib/gcc/arm-elf/4.1.1/../../../../arm-elf/lib/interwork/libc.a(memcpy.o)
 .glue_7t       0x0000541c        0x0 /cygdrive/c/program files/gnuarm/bin/../lib/gcc/arm-elf/4.1.1/../../../../arm-elf/lib/interwork/libc.a(rand.o)
 .glue_7t       0x0000541c        0x0 /cygdrive/c/program files/gnuarm/bin/../lib/gcc/arm-elf/4.1.1/../../../../arm-elf/lib/interwork/libc.a(strchr.o)
 .glue_7t       0x0000541c        0x0 /cygdrive/c/program files/gnuarm/bin/../lib/gcc/arm-elf/4.1.1/../../../../arm-elf/lib/interwork/libc.a(strlen.o)
 .glue_7t       0x0000541c        0x0 /cygdrive/c/program files/gnuarm/bin/../lib/gcc/arm-elf/4.1.1/../../../../arm-elf/lib/interwork/libc.a(strtol.o)
 .glue_7t       0x0000541c        0x0 /cygdrive/c/program files/gnuarm/bin/../lib/gcc/arm-elf/4.1.1/../../../../arm-elf/lib/interwork/libc.a(ctype_.o)
 .glue_7t       0x0000541c       0xa0 /cygdrive/c/program files/gnuarm/bin/../lib/gcc/arm-elf/4.1.1/../../../../arm-elf/lib/interwork/libc.a(impure.o)
                0x00005478                ____modsi3_change_to_arm
                0x00005484                __halRestoreInterrupts_oshal_from_thumb
                0x00005438                __restoreIrq_change_to_arm
                0x00005458                __strchr_change_to_arm
                0x0000543c                __memcpy_from_thumb
                0x00005494                __ctxSwitch_oshal_from_thumb
                0x00005490                __stkFrameInit_oshal_change_to_arm
                0x000054a8                __initTimer_oshal_change_to_arm
                0x000054ac                __startHighProc_oshal_from_thumb
                0x00005450                ____umodsi3_change_to_arm
                0x00005474                ____modsi3_from_thumb
                0x00005460                ____udivsi3_change_to_arm
                0x000054b0                __startHighProc_oshal_change_to_arm
                0x0000549c                __ctxSwitchIsr_oshal_from_thumb
                0x00005454                __strchr_from_thumb
                0x00005430                __disIrq_change_to_arm
                0x0000542c                __disIrq_from_thumb
                0x00005488                __halRestoreInterrupts_oshal_change_to_arm
                0x00005428                __simplePrintf_change_to_arm
                0x0000544c                ____umodsi3_from_thumb
                0x000054b4                ____divsi3_from_thumb
                0x00005498                __ctxSwitch_oshal_change_to_arm
                0x0000548c                __stkFrameInit_oshal_from_thumb
                0x0000545c                ____udivsi3_from_thumb
                0x0000541c                __eaInit_from_thumb
                0x00005464                __consolGetChar_from_thumb
                0x00005424                __simplePrintf_from_thumb
                0x000054a4                __initTimer_oshal_from_thumb
                0x00005420                __eaInit_change_to_arm
                0x00005468                __consolGetChar_change_to_arm
                0x000054a0                __ctxSwitchIsr_oshal_change_to_arm
                0x0000546c                __rand_from_thumb
                0x00005444                __memcmp_from_thumb
                0x00005448                __memcmp_change_to_arm
                0x00005480                __halDisableInterrupts_oshal_change_to_arm
                0x0000547c                __halDisableInterrupts_oshal_from_thumb
                0x00005434                __restoreIrq_from_thumb
                0x00005440                __memcpy_change_to_arm
                0x000054b8                ____divsi3_change_to_arm
                0x00005470                __rand_change_to_arm
                0x000054bc                . = ALIGN (0x4)

.rodata         0x000054bc     0x4abc
 *(.rodata)
 .rodata        0x000054bc     0x3c7e main.o
                0x000065c4                _fire_2_100x40c
                0x00007ff2                _fire_5_100x40c
                0x00005ce2                _fire_1_100x40c
                0x00006ed8                _fire_3_100x40c
                0x000054bc                _fire_0_100x40c
                0x00007780                _fire_4_100x40c
                0x00008892                _fire_6_100x40c
 .rodata        0x0000913a      0x55c lcd.o
                0x0000913a                charMap
 *fill*         0x00009696        0x2 00
 .rodata        0x00009698       0x30 bt.o
 .rodata        0x000096c8       0x11 hw.o
 *fill*         0x000096d9        0x3 00
 .rodata        0x000096dc       0x10 startup/libea_startup_thumb.a(consol.o)
 .rodata        0x000096ec      0x101 /cygdrive/c/program files/gnuarm/bin/../lib/gcc/arm-elf/4.1.1/../../../../arm-elf/lib/interwork/libc.a(ctype_.o)
                0x000096ec                _ctype_
 *fill*         0x000097ed        0x3 00
 .rodata        0x000097f0        0x4 /cygdrive/c/program files/gnuarm/bin/../lib/gcc/arm-elf/4.1.1/../../../../arm-elf/lib/interwork/libc.a(impure.o)
                0x000097f0                _global_impure_ptr
 *(.rodata*)
 .rodata.str1.4
                0x000097f4      0x361 main.o
                                0x364 (size before relaxing)
 *fill*         0x00009b55        0x3 00
 .rodata.str1.4
                0x00009b58      0x32c bt.o
                                0x330 (size before relaxing)
 .rodata.str1.4
                0x00009e84       0x18 startup/libea_startup_thumb.a(consol.o)
 .rodata.str1.4
                0x00009e9c       0xd8 startup/libea_startup_thumb.a(framework.o)
 .rodata.str1.4
                0x00009f74        0x4 /cygdrive/c/program files/gnuarm/bin/../lib/gcc/arm-elf/4.1.1/../../../../arm-elf/lib/interwork/libc.a(impure.o)
                0x00009f78                . = ALIGN (0x4)
                0x00009f78                _etext = .
                0x00009f78                PROVIDE (etext, .)

.data           0x40000080      0x410 load address 0x00009f78
                0x40000080                _data = .
 *(.data)
 .data          0x40000080        0x1 main.o
 .data          0x40000081        0x0 lcd.o
 .data          0x40000081        0x5 key.o
 .data          0x40000086        0x0 select.o
 .data          0x40000086        0x0 uart.o
 .data          0x40000086        0x0 bt.o
 .data          0x40000086        0x0 snake.o
 .data          0x40000086        0x0 eeprom.o
 .data          0x40000086        0x0 i2c.o
 .data          0x40000086        0x0 hw.o
 .data          0x40000086        0x0 startup/libea_startup_thumb.a(consol.o)
 .data          0x40000086        0x0 startup/libea_startup_thumb.a(framework.o)
 .data          0x40000086        0x0 startup/libea_startup_thumb.a(startup.o)
 .data          0x40000086        0x0 irq_code/irqUart.a(irqUart.o)
 .data          0x40000086        0x0 pre_emptive_os/pre_emptive_os.a(kernel.o)
 .data          0x40000086        0x0 pre_emptive_os/pre_emptive_os.a(prioqueue.o)
 .data          0x40000086        0x0 pre_emptive_os/pre_emptive_os.a(count_sem.o)
 .data          0x40000086        0x0 pre_emptive_os/pre_emptive_os.a(timer.o)
 .data          0x40000086        0x0 pre_emptive_os/pre_emptive_os.a(stack_usage.o)
 .data          0x40000086        0x0 pre_emptive_os/pre_emptive_os.a(a7hal.o)
 .data          0x40000086        0x0 pre_emptive_os/pre_emptive_os.a(a7hal_a.o)
 .data          0x40000086        0x0 pre_emptive_os/pre_emptive_os.a(event.o)
 .data          0x40000086        0x0 /cygdrive/c/program files/gnuarm/bin/../lib/gcc/arm-elf/4.1.1/interwork/libgcc.a(_udivsi3.o)
 .data          0x40000086        0x0 /cygdrive/c/program files/gnuarm/bin/../lib/gcc/arm-elf/4.1.1/interwork/libgcc.a(_divsi3.o)
 .data          0x40000086        0x0 /cygdrive/c/program files/gnuarm/bin/../lib/gcc/arm-elf/4.1.1/interwork/libgcc.a(_umodsi3.o)
 .data          0x40000086        0x0 /cygdrive/c/program files/gnuarm/bin/../lib/gcc/arm-elf/4.1.1/interwork/libgcc.a(_modsi3.o)
 .data          0x40000086        0x0 /cygdrive/c/program files/gnuarm/bin/../lib/gcc/arm-elf/4.1.1/interwork/libgcc.a(_dvmd_tls.o)
 .data          0x40000086        0x0 /cygdrive/c/program files/gnuarm/bin/../lib/gcc/arm-elf/4.1.1/interwork/libgcc.a(_call_via_rX.o)
 .data          0x40000086        0x0 /cygdrive/c/program files/gnuarm/bin/../lib/gcc/arm-elf/4.1.1/../../../../arm-elf/lib/interwork/libc.a(atoi.o)
 .data          0x40000086        0x0 /cygdrive/c/program files/gnuarm/bin/../lib/gcc/arm-elf/4.1.1/../../../../arm-elf/lib/interwork/libc.a(memcmp.o)
 .data          0x40000086        0x0 /cygdrive/c/program files/gnuarm/bin/../lib/gcc/arm-elf/4.1.1/../../../../arm-elf/lib/interwork/libc.a(memcpy.o)
 .data          0x40000086        0x0 /cygdrive/c/program files/gnuarm/bin/../lib/gcc/arm-elf/4.1.1/../../../../arm-elf/lib/interwork/libc.a(rand.o)
 .data          0x40000086        0x0 /cygdrive/c/program files/gnuarm/bin/../lib/gcc/arm-elf/4.1.1/../../../../arm-elf/lib/interwork/libc.a(strchr.o)
 .data          0x40000086        0x0 /cygdrive/c/program files/gnuarm/bin/../lib/gcc/arm-elf/4.1.1/../../../../arm-elf/lib/interwork/libc.a(strlen.o)
 .data          0x40000086        0x0 /cygdrive/c/program files/gnuarm/bin/../lib/gcc/arm-elf/4.1.1/../../../../arm-elf/lib/interwork/libc.a(strtol.o)
 *fill*         0x40000086        0x2 00
 .data          0x40000088        0x4 /cygdrive/c/program files/gnuarm/bin/../lib/gcc/arm-elf/4.1.1/../../../../arm-elf/lib/interwork/libc.a(ctype_.o)
                0x40000088                __ctype_ptr
 .data          0x4000008c      0x404 /cygdrive/c/program files/gnuarm/bin/../lib/gcc/arm-elf/4.1.1/../../../../arm-elf/lib/interwork/libc.a(impure.o)
                0x4000008c                _impure_ptr
                0x40000490                . = ALIGN (0x4)
                0x40000490                _edata = .
                0x40000490                PROVIDE (edata, .)

.bss            0x40000490     0x18dc
                0x40000490                _bss = .
                0x40000490                __bss_start = .
                0x40000490                __bss_start__ = .
 *(.bss)
 .bss           0x40000490      0x57a main.o
 .bss           0x40000a0a        0x5 lcd.o
 .bss           0x40000a0f      0x134 key.o
 *fill*         0x40000b43        0x1 00
 .bss           0x40000b44       0x34 select.o
 .bss           0x40000b78       0x18 uart.o
                0x40000b80                uart1TxRunning
                0x40000b78                uart1TxHead
                0x40000b7c                uart1TxTail
                0x40000b84                uart1RxHead
                0x40000b8c                uart1RxInBuff
                0x40000b88                uart1RxTail
 .bss           0x40000b90      0x404 bt.o
 .bss           0x40000f94      0x450 snake.o
 .bss           0x400013e4        0x0 eeprom.o
 .bss           0x400013e4       0x1c i2c.o
 .bss           0x40001400        0x2 hw.o
 .bss           0x40001402        0x0 startup/libea_startup_thumb.a(consol.o)
 .bss           0x40001402        0x0 startup/libea_startup_thumb.a(framework.o)
 .bss           0x40001402        0x0 startup/libea_startup_thumb.a(startup.o)
 .bss           0x40001402        0x0 irq_code/irqUart.a(irqUart.o)
 *fill*         0x40001402        0x2 00
 .bss           0x40001404       0x2c pre_emptive_os/pre_emptive_os.a(kernel.o)
                0x40001404                osLockNesting
                0x40001408                pNxtToRun
                0x4000140c                pRunProc
                0x40001405                isrNesting
 .bss           0x40001430        0x0 pre_emptive_os/pre_emptive_os.a(prioqueue.o)
 .bss           0x40001430        0x0 pre_emptive_os/pre_emptive_os.a(count_sem.o)
 .bss           0x40001430      0x348 pre_emptive_os/pre_emptive_os.a(timer.o)
 .bss           0x40001778        0x0 pre_emptive_os/pre_emptive_os.a(stack_usage.o)
 .bss           0x40001778        0x0 pre_emptive_os/pre_emptive_os.a(a7hal.o)
 .bss           0x40001778        0x0 pre_emptive_os/pre_emptive_os.a(a7hal_a.o)
 .bss           0x40001778        0x0 pre_emptive_os/pre_emptive_os.a(event.o)
 .bss           0x40001778        0x0 /cygdrive/c/program files/gnuarm/bin/../lib/gcc/arm-elf/4.1.1/interwork/libgcc.a(_udivsi3.o)
 .bss           0x40001778        0x0 /cygdrive/c/program files/gnuarm/bin/../lib/gcc/arm-elf/4.1.1/interwork/libgcc.a(_divsi3.o)
 .bss           0x40001778        0x0 /cygdrive/c/program files/gnuarm/bin/../lib/gcc/arm-elf/4.1.1/interwork/libgcc.a(_umodsi3.o)
 .bss           0x40001778        0x0 /cygdrive/c/program files/gnuarm/bin/../lib/gcc/arm-elf/4.1.1/interwork/libgcc.a(_modsi3.o)
 .bss           0x40001778        0x0 /cygdrive/c/program files/gnuarm/bin/../lib/gcc/arm-elf/4.1.1/interwork/libgcc.a(_dvmd_tls.o)
 .bss           0x40001778        0x0 /cygdrive/c/program files/gnuarm/bin/../lib/gcc/arm-elf/4.1.1/interwork/libgcc.a(_call_via_rX.o)
 .bss           0x40001778        0x0 /cygdrive/c/program files/gnuarm/bin/../lib/gcc/arm-elf/4.1.1/../../../../arm-elf/lib/interwork/libc.a(atoi.o)
 .bss           0x40001778        0x0 /cygdrive/c/program files/gnuarm/bin/../lib/gcc/arm-elf/4.1.1/../../../../arm-elf/lib/interwork/libc.a(memcmp.o)
 .bss           0x40001778        0x0 /cygdrive/c/program files/gnuarm/bin/../lib/gcc/arm-elf/4.1.1/../../../../arm-elf/lib/interwork/libc.a(memcpy.o)
 .bss           0x40001778        0x0 /cygdrive/c/program files/gnuarm/bin/../lib/gcc/arm-elf/4.1.1/../../../../arm-elf/lib/interwork/libc.a(rand.o)
 .bss           0x40001778        0x0 /cygdrive/c/program files/gnuarm/bin/../lib/gcc/arm-elf/4.1.1/../../../../arm-elf/lib/interwork/libc.a(strchr.o)
 .bss           0x40001778        0x0 /cygdrive/c/program files/gnuarm/bin/../lib/gcc/arm-elf/4.1.1/../../../../arm-elf/lib/interwork/libc.a(strlen.o)
 .bss           0x40001778        0x0 /cygdrive/c/program files/gnuarm/bin/../lib/gcc/arm-elf/4.1.1/../../../../arm-elf/lib/interwork/libc.a(strtol.o)
 .bss           0x40001778        0x0 /cygdrive/c/program files/gnuarm/bin/../lib/gcc/arm-elf/4.1.1/../../../../arm-elf/lib/interwork/libc.a(ctype_.o)
 .bss           0x40001778        0x0 /cygdrive/c/program files/gnuarm/bin/../lib/gcc/arm-elf/4.1.1/../../../../arm-elf/lib/interwork/libc.a(impure.o)
 *(COMMON)
 COMMON         0x40001778        0x4 main.o
                0x40001778                ms
 COMMON         0x4000177c      0x51c uart.o
                0x4000177c                uart1RxBuf
                0x40001b7c                receiveSem
                0x40001b98                uart1TxBuf
 COMMON         0x40001c98        0x2 hw.o
                0x40001c98                ver1_1
                0x40001c99                ver1_0
 *fill*         0x40001c9a        0x2 00
 COMMON         0x40001c9c        0x8 startup/libea_startup_thumb.a(framework.o)
                0x40001c9c                pHeapEnd
                0x40001ca0                pHeapStart
 COMMON         0x40001ca4       0xc8 pre_emptive_os/pre_emptive_os.a(kernel.o)
                0x40001ca4                processControlBlocks
                0x40001d6c                . = ALIGN (0x4)
                0x40001d6c                . = ALIGN (0x4)
                0x40001d6c                __bss_end = .
                0x40001d6c                __bss_end__ = .
                0x40001d6c                _end = .
                0x40001d6c                PROVIDE (end, .)

.stab           0x00000000      0x600
 *(.stab)
 .stab          0x00000000      0x3c0 startup/libea_startup_thumb.a(startup.o)
 .stab          0x000003c0      0x240 pre_emptive_os/pre_emptive_os.a(a7hal_a.o)
                                0x24c (size before relaxing)

.stabstr        0x00000000       0xae
 *(.stabstr)
 .stabstr       0x00000000       0xae startup/libea_startup_thumb.a(startup.o)

.stab.excl
 *(.stab.excl)

.stab.exclstr
 *(.stab.exclstr)

.stab.index
 *(.stab.index)

.stab.indexstr
 *(.stab.indexstr)

.comment        0x00000000      0x20a
 *(.comment)
 .comment       0x00000000       0x12 main.o
 .comment       0x00000012       0x12 lcd.o
 .comment       0x00000024       0x12 key.o
 .comment       0x00000036       0x12 select.o
 .comment       0x00000048       0x12 uart.o
 .comment       0x0000005a       0x12 bt.o
 .comment       0x0000006c       0x12 snake.o
 .comment       0x0000007e       0x12 eeprom.o
 .comment       0x00000090       0x12 i2c.o
 .comment       0x000000a2       0x12 hw.o
 .comment       0x000000b4       0x12 startup/libea_startup_thumb.a(consol.o)
 .comment       0x000000c6       0x12 startup/libea_startup_thumb.a(framework.o)
 .comment       0x000000d8       0x12 irq_code/irqUart.a(irqUart.o)
 .comment       0x000000ea       0x12 pre_emptive_os/pre_emptive_os.a(kernel.o)
 .comment       0x000000fc       0x12 pre_emptive_os/pre_emptive_os.a(prioqueue.o)
 .comment       0x0000010e       0x12 pre_emptive_os/pre_emptive_os.a(count_sem.o)
 .comment       0x00000120       0x12 pre_emptive_os/pre_emptive_os.a(timer.o)
 .comment       0x00000132       0x12 pre_emptive_os/pre_emptive_os.a(stack_usage.o)
 .comment       0x00000144       0x12 pre_emptive_os/pre_emptive_os.a(a7hal.o)
 .comment       0x00000156       0x12 pre_emptive_os/pre_emptive_os.a(event.o)
 .comment       0x00000168       0x12 /cygdrive/c/program files/gnuarm/bin/../lib/gcc/arm-elf/4.1.1/../../../../arm-elf/lib/interwork/libc.a(atoi.o)
 .comment       0x0000017a       0x12 /cygdrive/c/program files/gnuarm/bin/../lib/gcc/arm-elf/4.1.1/../../../../arm-elf/lib/interwork/libc.a(memcmp.o)
 .comment       0x0000018c       0x12 /cygdrive/c/program files/gnuarm/bin/../lib/gcc/arm-elf/4.1.1/../../../../arm-elf/lib/interwork/libc.a(memcpy.o)
 .comment       0x0000019e       0x12 /cygdrive/c/program files/gnuarm/bin/../lib/gcc/arm-elf/4.1.1/../../../../arm-elf/lib/interwork/libc.a(rand.o)
 .comment       0x000001b0       0x12 /cygdrive/c/program files/gnuarm/bin/../lib/gcc/arm-elf/4.1.1/../../../../arm-elf/lib/interwork/libc.a(strchr.o)
 .comment       0x000001c2       0x12 /cygdrive/c/program files/gnuarm/bin/../lib/gcc/arm-elf/4.1.1/../../../../arm-elf/lib/interwork/libc.a(strlen.o)
 .comment       0x000001d4       0x12 /cygdrive/c/program files/gnuarm/bin/../lib/gcc/arm-elf/4.1.1/../../../../arm-elf/lib/interwork/libc.a(strtol.o)
 .comment       0x000001e6       0x12 /cygdrive/c/program files/gnuarm/bin/../lib/gcc/arm-elf/4.1.1/../../../../arm-elf/lib/interwork/libc.a(ctype_.o)
 .comment       0x000001f8       0x12 /cygdrive/c/program files/gnuarm/bin/../lib/gcc/arm-elf/4.1.1/../../../../arm-elf/lib/interwork/libc.a(impure.o)

.debug
 *(.debug)

.line
 *(.line)

.debug_srcinfo
 *(.debug_srcinfo)

.debug_sfnames
 *(.debug_sfnames)

.debug_aranges  0x00000000      0x420
 *(.debug_aranges)
 .debug_aranges
                0x00000000       0x20 main.o
 .debug_aranges
                0x00000020       0x20 lcd.o
 .debug_aranges
                0x00000040       0x20 key.o
 .debug_aranges
                0x00000060       0x20 select.o
 .debug_aranges
                0x00000080       0x20 uart.o
 .debug_aranges
                0x000000a0       0x20 bt.o
 .debug_aranges
                0x000000c0       0x20 snake.o
 .debug_aranges
                0x000000e0       0x20 eeprom.o
 .debug_aranges
                0x00000100       0x20 i2c.o
 .debug_aranges
                0x00000120       0x20 hw.o
 .debug_aranges
                0x00000140       0x20 startup/libea_startup_thumb.a(consol.o)
 .debug_aranges
                0x00000160       0x20 startup/libea_startup_thumb.a(framework.o)
 .debug_aranges
                0x00000180       0x20 irq_code/irqUart.a(irqUart.o)
 .debug_aranges
                0x000001a0       0x20 pre_emptive_os/pre_emptive_os.a(kernel.o)
 .debug_aranges
                0x000001c0       0x20 pre_emptive_os/pre_emptive_os.a(prioqueue.o)
 .debug_aranges
                0x000001e0       0x20 pre_emptive_os/pre_emptive_os.a(count_sem.o)
 .debug_aranges
                0x00000200       0x20 pre_emptive_os/pre_emptive_os.a(timer.o)
 .debug_aranges
                0x00000220       0x20 pre_emptive_os/pre_emptive_os.a(stack_usage.o)
 .debug_aranges
                0x00000240       0x20 pre_emptive_os/pre_emptive_os.a(a7hal.o)
 .debug_aranges
                0x00000260       0x20 pre_emptive_os/pre_emptive_os.a(event.o)
 .debug_aranges
                0x00000280       0x20 /cygdrive/c/program files/gnuarm/bin/../lib/gcc/arm-elf/4.1.1/interwork/libgcc.a(_udivsi3.o)
 .debug_aranges
                0x000002a0       0x20 /cygdrive/c/program files/gnuarm/bin/../lib/gcc/arm-elf/4.1.1/interwork/libgcc.a(_divsi3.o)
 .debug_aranges
                0x000002c0       0x20 /cygdrive/c/program files/gnuarm/bin/../lib/gcc/arm-elf/4.1.1/interwork/libgcc.a(_umodsi3.o)
 .debug_aranges
                0x000002e0       0x20 /cygdrive/c/program files/gnuarm/bin/../lib/gcc/arm-elf/4.1.1/interwork/libgcc.a(_modsi3.o)
 .debug_aranges
                0x00000300       0x20 /cygdrive/c/program files/gnuarm/bin/../lib/gcc/arm-elf/4.1.1/interwork/libgcc.a(_dvmd_tls.o)
 .debug_aranges
                0x00000320       0x20 /cygdrive/c/program files/gnuarm/bin/../lib/gcc/arm-elf/4.1.1/interwork/libgcc.a(_call_via_rX.o)
 .debug_aranges
                0x00000340       0x20 /cygdrive/c/program files/gnuarm/bin/../lib/gcc/arm-elf/4.1.1/../../../../arm-elf/lib/interwork/libc.a(atoi.o)
 .debug_aranges
                0x00000360       0x20 /cygdrive/c/program files/gnuarm/bin/../lib/gcc/arm-elf/4.1.1/../../../../arm-elf/lib/interwork/libc.a(memcmp.o)
 .debug_aranges
                0x00000380       0x20 /cygdrive/c/program files/gnuarm/bin/../lib/gcc/arm-elf/4.1.1/../../../../arm-elf/lib/interwork/libc.a(memcpy.o)
 .debug_aranges
                0x000003a0       0x20 /cygdrive/c/program files/gnuarm/bin/../lib/gcc/arm-elf/4.1.1/../../../../arm-elf/lib/interwork/libc.a(rand.o)
 .debug_aranges
                0x000003c0       0x20 /cygdrive/c/program files/gnuarm/bin/../lib/gcc/arm-elf/4.1.1/../../../../arm-elf/lib/interwork/libc.a(strchr.o)
 .debug_aranges
                0x000003e0       0x20 /cygdrive/c/program files/gnuarm/bin/../lib/gcc/arm-elf/4.1.1/../../../../arm-elf/lib/interwork/libc.a(strlen.o)
 .debug_aranges
                0x00000400       0x20 /cygdrive/c/program files/gnuarm/bin/../lib/gcc/arm-elf/4.1.1/../../../../arm-elf/lib/interwork/libc.a(strtol.o)

.debug_pubnames
                0x00000000      0xc8d
 *(.debug_pubnames)
 .debug_pubnames
                0x00000000       0xba main.o
 .debug_pubnames
                0x000000ba       0xe5 lcd.o
 .debug_pubnames
                0x0000019f       0x4b key.o
 .debug_pubnames
                0x000001ea       0x1f select.o
 .debug_pubnames
                0x00000209      0x12d uart.o
 .debug_pubnames
                0x00000336       0x51 bt.o
 .debug_pubnames
                0x00000387       0x2e snake.o
 .debug_pubnames
                0x000003b5       0x71 eeprom.o
 .debug_pubnames
                0x00000426       0xee i2c.o
 .debug_pubnames
                0x00000514       0xa8 hw.o
 .debug_pubnames
                0x000005bc       0xda startup/libea_startup_thumb.a(consol.o)
 .debug_pubnames
                0x00000696       0x63 startup/libea_startup_thumb.a(framework.o)
 .debug_pubnames
                0x000006f9       0x39 irq_code/irqUart.a(irqUart.o)
 .debug_pubnames
                0x00000732      0x17f pre_emptive_os/pre_emptive_os.a(kernel.o)
 .debug_pubnames
                0x000008b1       0x76 pre_emptive_os/pre_emptive_os.a(prioqueue.o)
 .debug_pubnames
                0x00000927       0x4d pre_emptive_os/pre_emptive_os.a(count_sem.o)
 .debug_pubnames
                0x00000974       0x55 pre_emptive_os/pre_emptive_os.a(timer.o)
 .debug_pubnames
                0x000009c9       0x4e pre_emptive_os/pre_emptive_os.a(stack_usage.o)
 .debug_pubnames
                0x00000a17       0xc1 pre_emptive_os/pre_emptive_os.a(a7hal.o)
 .debug_pubnames
                0x00000ad8       0x63 pre_emptive_os/pre_emptive_os.a(event.o)
 .debug_pubnames
                0x00000b3b       0x27 /cygdrive/c/program files/gnuarm/bin/../lib/gcc/arm-elf/4.1.1/../../../../arm-elf/lib/interwork/libc.a(atoi.o)
 .debug_pubnames
                0x00000b62       0x1d /cygdrive/c/program files/gnuarm/bin/../lib/gcc/arm-elf/4.1.1/../../../../arm-elf/lib/interwork/libc.a(memcmp.o)
 .debug_pubnames
                0x00000b7f       0x1d /cygdrive/c/program files/gnuarm/bin/../lib/gcc/arm-elf/4.1.1/../../../../arm-elf/lib/interwork/libc.a(memcpy.o)
 .debug_pubnames
                0x00000b9c       0x25 /cygdrive/c/program files/gnuarm/bin/../lib/gcc/arm-elf/4.1.1/../../../../arm-elf/lib/interwork/libc.a(rand.o)
 .debug_pubnames
                0x00000bc1       0x1d /cygdrive/c/program files/gnuarm/bin/../lib/gcc/arm-elf/4.1.1/../../../../arm-elf/lib/interwork/libc.a(strchr.o)
 .debug_pubnames
                0x00000bde       0x1d /cygdrive/c/program files/gnuarm/bin/../lib/gcc/arm-elf/4.1.1/../../../../arm-elf/lib/interwork/libc.a(strlen.o)
 .debug_pubnames
                0x00000bfb       0x2b /cygdrive/c/program files/gnuarm/bin/../lib/gcc/arm-elf/4.1.1/../../../../arm-elf/lib/interwork/libc.a(strtol.o)
 .debug_pubnames
                0x00000c26       0x2e /cygdrive/c/program files/gnuarm/bin/../lib/gcc/arm-elf/4.1.1/../../../../arm-elf/lib/interwork/libc.a(ctype_.o)
 .debug_pubnames
                0x00000c54       0x39 /cygdrive/c/program files/gnuarm/bin/../lib/gcc/arm-elf/4.1.1/../../../../arm-elf/lib/interwork/libc.a(impure.o)

.debug_info     0x00000000     0x7e20
 *(.debug_info .gnu.linkonce.wi.*)
 .debug_info    0x00000000      0x398 main.o
 .debug_info    0x00000398      0x58f lcd.o
 .debug_info    0x00000927      0x23b key.o
 .debug_info    0x00000b62      0x203 select.o
 .debug_info    0x00000d65      0x499 uart.o
 .debug_info    0x000011fe      0xc44 bt.o
 .debug_info    0x00001e42      0x44a snake.o
 .debug_info    0x0000228c      0x30f eeprom.o
 .debug_info    0x0000259b      0x648 i2c.o
 .debug_info    0x00002be3      0x2d7 hw.o
 .debug_info    0x00002eba      0x584 startup/libea_startup_thumb.a(consol.o)
 .debug_info    0x0000343e      0x1e4 startup/libea_startup_thumb.a(framework.o)
 .debug_info    0x00003622      0x35b irq_code/irqUart.a(irqUart.o)
 .debug_info    0x0000397d      0x5fe pre_emptive_os/pre_emptive_os.a(kernel.o)
 .debug_info    0x00003f7b      0x2e8 pre_emptive_os/pre_emptive_os.a(prioqueue.o)
 .debug_info    0x00004263      0x32b pre_emptive_os/pre_emptive_os.a(count_sem.o)
 .debug_info    0x0000458e      0x4b8 pre_emptive_os/pre_emptive_os.a(timer.o)
 .debug_info    0x00004a46      0x2cf pre_emptive_os/pre_emptive_os.a(stack_usage.o)
 .debug_info    0x00004d15      0x189 pre_emptive_os/pre_emptive_os.a(a7hal.o)
 .debug_info    0x00004e9e      0x2ee pre_emptive_os/pre_emptive_os.a(event.o)
 .debug_info    0x0000518c       0x68 /cygdrive/c/program files/gnuarm/bin/../lib/gcc/arm-elf/4.1.1/interwork/libgcc.a(_udivsi3.o)
 .debug_info    0x000051f4       0x68 /cygdrive/c/program files/gnuarm/bin/../lib/gcc/arm-elf/4.1.1/interwork/libgcc.a(_divsi3.o)
 .debug_info    0x0000525c       0x68 /cygdrive/c/program files/gnuarm/bin/../lib/gcc/arm-elf/4.1.1/interwork/libgcc.a(_umodsi3.o)
 .debug_info    0x000052c4       0x68 /cygdrive/c/program files/gnuarm/bin/../lib/gcc/arm-elf/4.1.1/interwork/libgcc.a(_modsi3.o)
 .debug_info    0x0000532c       0x68 /cygdrive/c/program files/gnuarm/bin/../lib/gcc/arm-elf/4.1.1/interwork/libgcc.a(_dvmd_tls.o)
 .debug_info    0x00005394       0x68 /cygdrive/c/program files/gnuarm/bin/../lib/gcc/arm-elf/4.1.1/interwork/libgcc.a(_call_via_rX.o)
 .debug_info    0x000053fc      0x949 /cygdrive/c/program files/gnuarm/bin/../lib/gcc/arm-elf/4.1.1/../../../../arm-elf/lib/interwork/libc.a(atoi.o)
 .debug_info    0x00005d45      0x110 /cygdrive/c/program files/gnuarm/bin/../lib/gcc/arm-elf/4.1.1/../../../../arm-elf/lib/interwork/libc.a(memcmp.o)
 .debug_info    0x00005e55      0x10a /cygdrive/c/program files/gnuarm/bin/../lib/gcc/arm-elf/4.1.1/../../../../arm-elf/lib/interwork/libc.a(memcpy.o)
 .debug_info    0x00005f5f      0x934 /cygdrive/c/program files/gnuarm/bin/../lib/gcc/arm-elf/4.1.1/../../../../arm-elf/lib/interwork/libc.a(rand.o)
 .debug_info    0x00006893      0x10f /cygdrive/c/program files/gnuarm/bin/../lib/gcc/arm-elf/4.1.1/../../../../arm-elf/lib/interwork/libc.a(strchr.o)
 .debug_info    0x000069a2       0xd4 /cygdrive/c/program files/gnuarm/bin/../lib/gcc/arm-elf/4.1.1/../../../../arm-elf/lib/interwork/libc.a(strlen.o)
 .debug_info    0x00006a76      0xa0f /cygdrive/c/program files/gnuarm/bin/../lib/gcc/arm-elf/4.1.1/../../../../arm-elf/lib/interwork/libc.a(strtol.o)
 .debug_info    0x00007485       0x79 /cygdrive/c/program files/gnuarm/bin/../lib/gcc/arm-elf/4.1.1/../../../../arm-elf/lib/interwork/libc.a(ctype_.o)
 .debug_info    0x000074fe      0x922 /cygdrive/c/program files/gnuarm/bin/../lib/gcc/arm-elf/4.1.1/../../../../arm-elf/lib/interwork/libc.a(impure.o)

.debug_abbrev   0x00000000     0x251b
 *(.debug_abbrev)
 .debug_abbrev  0x00000000      0x19b main.o
 .debug_abbrev  0x0000019b      0x1bf lcd.o
 .debug_abbrev  0x0000035a      0x120 key.o
 .debug_abbrev  0x0000047a       0xe5 select.o
 .debug_abbrev  0x0000055f      0x132 uart.o
 .debug_abbrev  0x00000691      0x267 bt.o
 .debug_abbrev  0x000008f8      0x18a snake.o
 .debug_abbrev  0x00000a82       0xfd eeprom.o
 .debug_abbrev  0x00000b7f      0x1fa i2c.o
 .debug_abbrev  0x00000d79      0x13c hw.o
 .debug_abbrev  0x00000eb5      0x2a4 startup/libea_startup_thumb.a(consol.o)
 .debug_abbrev  0x00001159       0xd0 startup/libea_startup_thumb.a(framework.o)
 .debug_abbrev  0x00001229      0x13e irq_code/irqUart.a(irqUart.o)
 .debug_abbrev  0x00001367      0x1b8 pre_emptive_os/pre_emptive_os.a(kernel.o)
 .debug_abbrev  0x0000151f      0x11e pre_emptive_os/pre_emptive_os.a(prioqueue.o)
 .debug_abbrev  0x0000163d      0x101 pre_emptive_os/pre_emptive_os.a(count_sem.o)
 .debug_abbrev  0x0000173e      0x154 pre_emptive_os/pre_emptive_os.a(timer.o)
 .debug_abbrev  0x00001892      0x170 pre_emptive_os/pre_emptive_os.a(stack_usage.o)
 .debug_abbrev  0x00001a02       0xf2 pre_emptive_os/pre_emptive_os.a(a7hal.o)
 .debug_abbrev  0x00001af4      0x103 pre_emptive_os/pre_emptive_os.a(event.o)
 .debug_abbrev  0x00001bf7       0x14 /cygdrive/c/program files/gnuarm/bin/../lib/gcc/arm-elf/4.1.1/interwork/libgcc.a(_udivsi3.o)
 .debug_abbrev  0x00001c0b       0x14 /cygdrive/c/program files/gnuarm/bin/../lib/gcc/arm-elf/4.1.1/interwork/libgcc.a(_divsi3.o)
 .debug_abbrev  0x00001c1f       0x14 /cygdrive/c/program files/gnuarm/bin/../lib/gcc/arm-elf/4.1.1/interwork/libgcc.a(_umodsi3.o)
 .debug_abbrev  0x00001c33       0x14 /cygdrive/c/program files/gnuarm/bin/../lib/gcc/arm-elf/4.1.1/interwork/libgcc.a(_modsi3.o)
 .debug_abbrev  0x00001c47       0x14 /cygdrive/c/program files/gnuarm/bin/../lib/gcc/arm-elf/4.1.1/interwork/libgcc.a(_dvmd_tls.o)
 .debug_abbrev  0x00001c5b       0x14 /cygdrive/c/program files/gnuarm/bin/../lib/gcc/arm-elf/4.1.1/interwork/libgcc.a(_call_via_rX.o)
 .debug_abbrev  0x00001c6f      0x176 /cygdrive/c/program files/gnuarm/bin/../lib/gcc/arm-elf/4.1.1/../../../../arm-elf/lib/interwork/libc.a(atoi.o)
 .debug_abbrev  0x00001de5       0x7c /cygdrive/c/program files/gnuarm/bin/../lib/gcc/arm-elf/4.1.1/../../../../arm-elf/lib/interwork/libc.a(memcmp.o)
 .debug_abbrev  0x00001e61       0xa6 /cygdrive/c/program files/gnuarm/bin/../lib/gcc/arm-elf/4.1.1/../../../../arm-elf/lib/interwork/libc.a(memcpy.o)
 .debug_abbrev  0x00001f07      0x185 /cygdrive/c/program files/gnuarm/bin/../lib/gcc/arm-elf/4.1.1/../../../../arm-elf/lib/interwork/libc.a(rand.o)
 .debug_abbrev  0x0000208c       0x9e /cygdrive/c/program files/gnuarm/bin/../lib/gcc/arm-elf/4.1.1/../../../../arm-elf/lib/interwork/libc.a(strchr.o)
 .debug_abbrev  0x0000212a       0x8b /cygdrive/c/program files/gnuarm/bin/../lib/gcc/arm-elf/4.1.1/../../../../arm-elf/lib/interwork/libc.a(strlen.o)
 .debug_abbrev  0x000021b5      0x1bd /cygdrive/c/program files/gnuarm/bin/../lib/gcc/arm-elf/4.1.1/../../../../arm-elf/lib/interwork/libc.a(strtol.o)
 .debug_abbrev  0x00002372       0x52 /cygdrive/c/program files/gnuarm/bin/../lib/gcc/arm-elf/4.1.1/../../../../arm-elf/lib/interwork/libc.a(ctype_.o)
 .debug_abbrev  0x000023c4      0x157 /cygdrive/c/program files/gnuarm/bin/../lib/gcc/arm-elf/4.1.1/../../../../arm-elf/lib/interwork/libc.a(impure.o)

.debug_line     0x00000000     0x20f0
 *(.debug_line)
 .debug_line    0x00000000      0x17d main.o
 .debug_line    0x0000017d      0x183 lcd.o
 .debug_line    0x00000300       0xb8 key.o
 .debug_line    0x000003b8       0xa6 select.o
 .debug_line    0x0000045e      0x112 uart.o
 .debug_line    0x00000570      0x36c bt.o
 .debug_line    0x000008dc      0x107 snake.o
 .debug_line    0x000009e3      0x135 eeprom.o
 .debug_line    0x00000b18      0x162 i2c.o
 .debug_line    0x00000c7a      0x12f hw.o
 .debug_line    0x00000da9      0x198 startup/libea_startup_thumb.a(consol.o)
 .debug_line    0x00000f41       0xd7 startup/libea_startup_thumb.a(framework.o)
 .debug_line    0x00001018       0xd2 irq_code/irqUart.a(irqUart.o)
 .debug_line    0x000010ea      0x177 pre_emptive_os/pre_emptive_os.a(kernel.o)
 .debug_line    0x00001261       0xbb pre_emptive_os/pre_emptive_os.a(prioqueue.o)
 .debug_line    0x0000131c       0xd9 pre_emptive_os/pre_emptive_os.a(count_sem.o)
 .debug_line    0x000013f5      0x109 pre_emptive_os/pre_emptive_os.a(timer.o)
 .debug_line    0x000014fe       0x97 pre_emptive_os/pre_emptive_os.a(stack_usage.o)
 .debug_line    0x00001595       0x8c pre_emptive_os/pre_emptive_os.a(a7hal.o)
 .debug_line    0x00001621       0xaf pre_emptive_os/pre_emptive_os.a(event.o)
 .debug_line    0x000016d0       0x84 /cygdrive/c/program files/gnuarm/bin/../lib/gcc/arm-elf/4.1.1/interwork/libgcc.a(_udivsi3.o)
 .debug_line    0x00001754       0x90 /cygdrive/c/program files/gnuarm/bin/../lib/gcc/arm-elf/4.1.1/interwork/libgcc.a(_divsi3.o)
 .debug_line    0x000017e4       0x6e /cygdrive/c/program files/gnuarm/bin/../lib/gcc/arm-elf/4.1.1/interwork/libgcc.a(_umodsi3.o)
 .debug_line    0x00001852       0x74 /cygdrive/c/program files/gnuarm/bin/../lib/gcc/arm-elf/4.1.1/interwork/libgcc.a(_modsi3.o)
 .debug_line    0x000018c6       0x5d /cygdrive/c/program files/gnuarm/bin/../lib/gcc/arm-elf/4.1.1/interwork/libgcc.a(_dvmd_tls.o)
 .debug_line    0x00001923       0x6b /cygdrive/c/program files/gnuarm/bin/../lib/gcc/arm-elf/4.1.1/interwork/libgcc.a(_call_via_rX.o)
 .debug_line    0x0000198e       0xf9 /cygdrive/c/program files/gnuarm/bin/../lib/gcc/arm-elf/4.1.1/../../../../arm-elf/lib/interwork/libc.a(atoi.o)
 .debug_line    0x00001a87       0xc7 /cygdrive/c/program files/gnuarm/bin/../lib/gcc/arm-elf/4.1.1/../../../../arm-elf/lib/interwork/libc.a(memcmp.o)
 .debug_line    0x00001b4e       0xc8 /cygdrive/c/program files/gnuarm/bin/../lib/gcc/arm-elf/4.1.1/../../../../arm-elf/lib/interwork/libc.a(memcpy.o)
 .debug_line    0x00001c16       0xf9 /cygdrive/c/program files/gnuarm/bin/../lib/gcc/arm-elf/4.1.1/../../../../arm-elf/lib/interwork/libc.a(rand.o)
 .debug_line    0x00001d0f       0x81 /cygdrive/c/program files/gnuarm/bin/../lib/gcc/arm-elf/4.1.1/../../../../arm-elf/lib/interwork/libc.a(strchr.o)
 .debug_line    0x00001d90       0xaf /cygdrive/c/program files/gnuarm/bin/../lib/gcc/arm-elf/4.1.1/../../../../arm-elf/lib/interwork/libc.a(strlen.o)
 .debug_line    0x00001e3f      0x173 /cygdrive/c/program files/gnuarm/bin/../lib/gcc/arm-elf/4.1.1/../../../../arm-elf/lib/interwork/libc.a(strtol.o)
 .debug_line    0x00001fb2       0x5b /cygdrive/c/program files/gnuarm/bin/../lib/gcc/arm-elf/4.1.1/../../../../arm-elf/lib/interwork/libc.a(ctype_.o)
 .debug_line    0x0000200d       0xe3 /cygdrive/c/program files/gnuarm/bin/../lib/gcc/arm-elf/4.1.1/../../../../arm-elf/lib/interwork/libc.a(impure.o)

.debug_frame    0x00000000     0x131c
 *(.debug_frame)
 .debug_frame   0x00000000       0xa8 main.o
 .debug_frame   0x000000a8      0x1b8 lcd.o
 .debug_frame   0x00000260       0x80 key.o
 .debug_frame   0x000002e0       0x54 select.o
 .debug_frame   0x00000334       0xe8 uart.o
 .debug_frame   0x0000041c      0x19c bt.o
 .debug_frame   0x000005b8       0xa4 snake.o
 .debug_frame   0x0000065c       0xc4 eeprom.o
 .debug_frame   0x00000720      0x140 i2c.o
 .debug_frame   0x00000860       0xf8 hw.o
 .debug_frame   0x00000958      0x150 startup/libea_startup_thumb.a(consol.o)
 .debug_frame   0x00000aa8       0xd8 startup/libea_startup_thumb.a(framework.o)
 .debug_frame   0x00000b80       0x4c irq_code/irqUart.a(irqUart.o)
 .debug_frame   0x00000bcc      0x1e8 pre_emptive_os/pre_emptive_os.a(kernel.o)
 .debug_frame   0x00000db4       0x8c pre_emptive_os/pre_emptive_os.a(prioqueue.o)
 .debug_frame   0x00000e40       0x84 pre_emptive_os/pre_emptive_os.a(count_sem.o)
 .debug_frame   0x00000ec4       0xb8 pre_emptive_os/pre_emptive_os.a(timer.o)
 .debug_frame   0x00000f7c       0x58 pre_emptive_os/pre_emptive_os.a(stack_usage.o)
 .debug_frame   0x00000fd4       0xa0 pre_emptive_os/pre_emptive_os.a(a7hal.o)
 .debug_frame   0x00001074       0x94 pre_emptive_os/pre_emptive_os.a(event.o)
 .debug_frame   0x00001108       0x2c /cygdrive/c/program files/gnuarm/bin/../lib/gcc/arm-elf/4.1.1/interwork/libgcc.a(_udivsi3.o)
 .debug_frame   0x00001134       0x2c /cygdrive/c/program files/gnuarm/bin/../lib/gcc/arm-elf/4.1.1/interwork/libgcc.a(_divsi3.o)
 .debug_frame   0x00001160       0x2c /cygdrive/c/program files/gnuarm/bin/../lib/gcc/arm-elf/4.1.1/interwork/libgcc.a(_umodsi3.o)
 .debug_frame   0x0000118c       0x2c /cygdrive/c/program files/gnuarm/bin/../lib/gcc/arm-elf/4.1.1/interwork/libgcc.a(_modsi3.o)
 .debug_frame   0x000011b8       0x40 /cygdrive/c/program files/gnuarm/bin/../lib/gcc/arm-elf/4.1.1/../../../../arm-elf/lib/interwork/libc.a(atoi.o)
 .debug_frame   0x000011f8       0x28 /cygdrive/c/program files/gnuarm/bin/../lib/gcc/arm-elf/4.1.1/../../../../arm-elf/lib/interwork/libc.a(memcmp.o)
 .debug_frame   0x00001220       0x28 /cygdrive/c/program files/gnuarm/bin/../lib/gcc/arm-elf/4.1.1/../../../../arm-elf/lib/interwork/libc.a(memcpy.o)
 .debug_frame   0x00001248       0x3c /cygdrive/c/program files/gnuarm/bin/../lib/gcc/arm-elf/4.1.1/../../../../arm-elf/lib/interwork/libc.a(rand.o)
 .debug_frame   0x00001284       0x28 /cygdrive/c/program files/gnuarm/bin/../lib/gcc/arm-elf/4.1.1/../../../../arm-elf/lib/interwork/libc.a(strchr.o)
 .debug_frame   0x000012ac       0x20 /cygdrive/c/program files/gnuarm/bin/../lib/gcc/arm-elf/4.1.1/../../../../arm-elf/lib/interwork/libc.a(strlen.o)
 .debug_frame   0x000012cc       0x50 /cygdrive/c/program files/gnuarm/bin/../lib/gcc/arm-elf/4.1.1/../../../../arm-elf/lib/interwork/libc.a(strtol.o)

.debug_str      0x00000000     0x1c55
 *(.debug_str)
 .debug_str     0x00000000      0x1ac main.o
                                0x1e5 (size before relaxing)
 .debug_str     0x000001ac      0x142 lcd.o
                                0x1f7 (size before relaxing)
 .debug_str     0x000002ee      0x102 key.o
                                0x1b9 (size before relaxing)
 .debug_str     0x000003f0       0x98 select.o
                                0x1b1 (size before relaxing)
 .debug_str     0x00000488      0x219 uart.o
                                0x2ef (size before relaxing)
 .debug_str     0x000006a1      0x20e bt.o
                                0x4a6 (size before relaxing)
 .debug_str     0x000008af      0x103 snake.o
                                0x1f3 (size before relaxing)
 .debug_str     0x000009b2       0x87 eeprom.o
                                0x136 (size before relaxing)
 .debug_str     0x00000a39       0xb1 i2c.o
                                0x280 (size before relaxing)
 .debug_str     0x00000aea       0xf7 hw.o
                                0x1c4 (size before relaxing)
 .debug_str     0x00000be1      0x1a4 startup/libea_startup_thumb.a(consol.o)
                                0x264 (size before relaxing)
 .debug_str     0x00000d85       0xdd startup/libea_startup_thumb.a(framework.o)
                                0x160 (size before relaxing)
 .debug_str     0x00000e62       0xaa irq_code/irqUart.a(irqUart.o)
                                0x28b (size before relaxing)
 .debug_str     0x00000f0c      0x22c pre_emptive_os/pre_emptive_os.a(kernel.o)
                                0x359 (size before relaxing)
 .debug_str     0x00001138       0x7d pre_emptive_os/pre_emptive_os.a(prioqueue.o)
                                0x241 (size before relaxing)
 .debug_str     0x000011b5       0x51 pre_emptive_os/pre_emptive_os.a(count_sem.o)
                                0x256 (size before relaxing)
 .debug_str     0x00001206       0xe2 pre_emptive_os/pre_emptive_os.a(timer.o)
                                0x2f2 (size before relaxing)
 .debug_str     0x000012e8       0x70 pre_emptive_os/pre_emptive_os.a(stack_usage.o)
                                0x226 (size before relaxing)
 .debug_str     0x00001358      0x153 pre_emptive_os/pre_emptive_os.a(a7hal.o)
                                0x1d8 (size before relaxing)
 .debug_str     0x000014ab       0x51 pre_emptive_os/pre_emptive_os.a(event.o)
                                0x260 (size before relaxing)
 .debug_str     0x000014fc      0x409 /cygdrive/c/program files/gnuarm/bin/../lib/gcc/arm-elf/4.1.1/../../../../arm-elf/lib/interwork/libc.a(atoi.o)
                                0x49e (size before relaxing)
 .debug_str     0x00001905       0x83 /cygdrive/c/program files/gnuarm/bin/../lib/gcc/arm-elf/4.1.1/../../../../arm-elf/lib/interwork/libc.a(memcmp.o)
                                0x10c (size before relaxing)
 .debug_str     0x00001988       0x6a /cygdrive/c/program files/gnuarm/bin/../lib/gcc/arm-elf/4.1.1/../../../../arm-elf/lib/interwork/libc.a(memcpy.o)
                                 0xd6 (size before relaxing)
 .debug_str     0x000019f2       0x40 /cygdrive/c/program files/gnuarm/bin/../lib/gcc/arm-elf/4.1.1/../../../../arm-elf/lib/interwork/libc.a(rand.o)
                                0x4ad (size before relaxing)
 .debug_str     0x00001a32       0x55 /cygdrive/c/program files/gnuarm/bin/../lib/gcc/arm-elf/4.1.1/../../../../arm-elf/lib/interwork/libc.a(strchr.o)
                                0x117 (size before relaxing)
 .debug_str     0x00001a87       0x49 /cygdrive/c/program files/gnuarm/bin/../lib/gcc/arm-elf/4.1.1/../../../../arm-elf/lib/interwork/libc.a(strlen.o)
                                0x11f (size before relaxing)
 .debug_str     0x00001ad0       0x78 /cygdrive/c/program files/gnuarm/bin/../lib/gcc/arm-elf/4.1.1/../../../../arm-elf/lib/interwork/libc.a(strtol.o)
                                0x4e0 (size before relaxing)
 .debug_str     0x00001b48       0x7b /cygdrive/c/program files/gnuarm/bin/../lib/gcc/arm-elf/4.1.1/../../../../arm-elf/lib/interwork/libc.a(ctype_.o)
                                 0xaa (size before relaxing)
 .debug_str     0x00001bc3       0x92 /cygdrive/c/program files/gnuarm/bin/../lib/gcc/arm-elf/4.1.1/../../../../arm-elf/lib/interwork/libc.a(impure.o)
                                0x4bc (size before relaxing)

.debug_loc      0x00000000     0x2fe0
 *(.debug_loc)
 .debug_loc     0x00000000      0x16b main.o
 .debug_loc     0x0000016b      0x783 lcd.o
 .debug_loc     0x000008ee       0x9a key.o
 .debug_loc     0x00000988       0x9d select.o
 .debug_loc     0x00000a25      0x274 uart.o
 .debug_loc     0x00000c99      0x818 bt.o
 .debug_loc     0x000014b1      0x266 snake.o
 .debug_loc     0x00001717      0x451 eeprom.o
 .debug_loc     0x00001b68      0x47b i2c.o
 .debug_loc     0x00001fe3      0x21b hw.o
 .debug_loc     0x000021fe      0x5ee startup/libea_startup_thumb.a(consol.o)
 .debug_loc     0x000027ec      0x193 startup/libea_startup_thumb.a(framework.o)
 .debug_loc     0x0000297f       0x8a irq_code/irqUart.a(irqUart.o)
 .debug_loc     0x00002a09       0x77 /cygdrive/c/program files/gnuarm/bin/../lib/gcc/arm-elf/4.1.1/../../../../arm-elf/lib/interwork/libc.a(atoi.o)
 .debug_loc     0x00002a80      0x13e /cygdrive/c/program files/gnuarm/bin/../lib/gcc/arm-elf/4.1.1/../../../../arm-elf/lib/interwork/libc.a(memcmp.o)
 .debug_loc     0x00002bbe       0xfc /cygdrive/c/program files/gnuarm/bin/../lib/gcc/arm-elf/4.1.1/../../../../arm-elf/lib/interwork/libc.a(memcpy.o)
 .debug_loc     0x00002cba       0x1f /cygdrive/c/program files/gnuarm/bin/../lib/gcc/arm-elf/4.1.1/../../../../arm-elf/lib/interwork/libc.a(rand.o)
 .debug_loc     0x00002cd9       0xb5 /cygdrive/c/program files/gnuarm/bin/../lib/gcc/arm-elf/4.1.1/../../../../arm-elf/lib/interwork/libc.a(strchr.o)
 .debug_loc     0x00002d8e       0x47 /cygdrive/c/program files/gnuarm/bin/../lib/gcc/arm-elf/4.1.1/../../../../arm-elf/lib/interwork/libc.a(strlen.o)
 .debug_loc     0x00002dd5      0x20b /cygdrive/c/program files/gnuarm/bin/../lib/gcc/arm-elf/4.1.1/../../../../arm-elf/lib/interwork/libc.a(strtol.o)

.debug_macinfo
 *(.debug_macinfo)

.debug_weaknames
 *(.debug_weaknames)

.debug_funcnames
 *(.debug_funcnames)

.debug_typenames
 *(.debug_typenames)

.debug_varnames
 *(.debug_varnames)
OUTPUT(lpc2104_color_lcd_v1.9.elf elf32-littlearm)

.debug_ranges   0x00000000      0x198
 .debug_ranges  0x00000000      0x198 bt.o

Cross Reference Table

Symbol                                            File
____divsi3_change_to_arm                          /cygdrive/c/program files/gnuarm/bin/../lib/gcc/arm-elf/4.1.1/../../../../arm-elf/lib/interwork/libc.a(impure.o)
____divsi3_from_thumb                             /cygdrive/c/program files/gnuarm/bin/../lib/gcc/arm-elf/4.1.1/../../../../arm-elf/lib/interwork/libc.a(impure.o)
____modsi3_change_to_arm                          /cygdrive/c/program files/gnuarm/bin/../lib/gcc/arm-elf/4.1.1/../../../../arm-elf/lib/interwork/libc.a(impure.o)
____modsi3_from_thumb                             /cygdrive/c/program files/gnuarm/bin/../lib/gcc/arm-elf/4.1.1/../../../../arm-elf/lib/interwork/libc.a(impure.o)
____udivsi3_change_to_arm                         /cygdrive/c/program files/gnuarm/bin/../lib/gcc/arm-elf/4.1.1/../../../../arm-elf/lib/interwork/libc.a(impure.o)
____udivsi3_from_thumb                            /cygdrive/c/program files/gnuarm/bin/../lib/gcc/arm-elf/4.1.1/../../../../arm-elf/lib/interwork/libc.a(impure.o)
____umodsi3_change_to_arm                         /cygdrive/c/program files/gnuarm/bin/../lib/gcc/arm-elf/4.1.1/../../../../arm-elf/lib/interwork/libc.a(impure.o)
____umodsi3_from_thumb                            /cygdrive/c/program files/gnuarm/bin/../lib/gcc/arm-elf/4.1.1/../../../../arm-elf/lib/interwork/libc.a(impure.o)
__aeabi_idiv                                      /cygdrive/c/program files/gnuarm/bin/../lib/gcc/arm-elf/4.1.1/interwork/libgcc.a(_divsi3.o)
__aeabi_idiv0                                     /cygdrive/c/program files/gnuarm/bin/../lib/gcc/arm-elf/4.1.1/interwork/libgcc.a(_dvmd_tls.o)
__aeabi_idivmod                                   /cygdrive/c/program files/gnuarm/bin/../lib/gcc/arm-elf/4.1.1/interwork/libgcc.a(_divsi3.o)
__aeabi_ldiv0                                     /cygdrive/c/program files/gnuarm/bin/../lib/gcc/arm-elf/4.1.1/interwork/libgcc.a(_dvmd_tls.o)
__aeabi_uidiv                                     /cygdrive/c/program files/gnuarm/bin/../lib/gcc/arm-elf/4.1.1/interwork/libgcc.a(_udivsi3.o)
__aeabi_uidivmod                                  /cygdrive/c/program files/gnuarm/bin/../lib/gcc/arm-elf/4.1.1/interwork/libgcc.a(_udivsi3.o)
__bss_end__                                       startup/libea_startup_thumb.a(startup.o)
__bss_start__                                     startup/libea_startup_thumb.a(startup.o)
__consolGetChar_change_to_arm                     /cygdrive/c/program files/gnuarm/bin/../lib/gcc/arm-elf/4.1.1/../../../../arm-elf/lib/interwork/libc.a(impure.o)
__consolGetChar_from_thumb                        /cygdrive/c/program files/gnuarm/bin/../lib/gcc/arm-elf/4.1.1/../../../../arm-elf/lib/interwork/libc.a(impure.o)
__ctxSwitchIsr_oshal_change_to_arm                /cygdrive/c/program files/gnuarm/bin/../lib/gcc/arm-elf/4.1.1/../../../../arm-elf/lib/interwork/libc.a(impure.o)
__ctxSwitchIsr_oshal_from_thumb                   /cygdrive/c/program files/gnuarm/bin/../lib/gcc/arm-elf/4.1.1/../../../../arm-elf/lib/interwork/libc.a(impure.o)
__ctxSwitch_oshal_change_to_arm                   /cygdrive/c/program files/gnuarm/bin/../lib/gcc/arm-elf/4.1.1/../../../../arm-elf/lib/interwork/libc.a(impure.o)
__ctxSwitch_oshal_from_thumb                      /cygdrive/c/program files/gnuarm/bin/../lib/gcc/arm-elf/4.1.1/../../../../arm-elf/lib/interwork/libc.a(impure.o)
__ctype_ptr                                       /cygdrive/c/program files/gnuarm/bin/../lib/gcc/arm-elf/4.1.1/../../../../arm-elf/lib/interwork/libc.a(ctype_.o)
                                                  /cygdrive/c/program files/gnuarm/bin/../lib/gcc/arm-elf/4.1.1/../../../../arm-elf/lib/interwork/libc.a(strtol.o)
__disIrq_change_to_arm                            /cygdrive/c/program files/gnuarm/bin/../lib/gcc/arm-elf/4.1.1/../../../../arm-elf/lib/interwork/libc.a(impure.o)
__disIrq_from_thumb                               /cygdrive/c/program files/gnuarm/bin/../lib/gcc/arm-elf/4.1.1/../../../../arm-elf/lib/interwork/libc.a(impure.o)
__div0                                            /cygdrive/c/program files/gnuarm/bin/../lib/gcc/arm-elf/4.1.1/interwork/libgcc.a(_dvmd_tls.o)
                                                  /cygdrive/c/program files/gnuarm/bin/../lib/gcc/arm-elf/4.1.1/interwork/libgcc.a(_modsi3.o)
                                                  /cygdrive/c/program files/gnuarm/bin/../lib/gcc/arm-elf/4.1.1/interwork/libgcc.a(_umodsi3.o)
                                                  /cygdrive/c/program files/gnuarm/bin/../lib/gcc/arm-elf/4.1.1/interwork/libgcc.a(_divsi3.o)
                                                  /cygdrive/c/program files/gnuarm/bin/../lib/gcc/arm-elf/4.1.1/interwork/libgcc.a(_udivsi3.o)
__divsi3                                          /cygdrive/c/program files/gnuarm/bin/../lib/gcc/arm-elf/4.1.1/interwork/libgcc.a(_divsi3.o)
                                                  pre_emptive_os/pre_emptive_os.a(stack_usage.o)
__eaInit_change_to_arm                            /cygdrive/c/program files/gnuarm/bin/../lib/gcc/arm-elf/4.1.1/../../../../arm-elf/lib/interwork/libc.a(impure.o)
__eaInit_from_thumb                               /cygdrive/c/program files/gnuarm/bin/../lib/gcc/arm-elf/4.1.1/../../../../arm-elf/lib/interwork/libc.a(impure.o)
__halDisableInterrupts_oshal_change_to_arm        /cygdrive/c/program files/gnuarm/bin/../lib/gcc/arm-elf/4.1.1/../../../../arm-elf/lib/interwork/libc.a(impure.o)
__halDisableInterrupts_oshal_from_thumb           /cygdrive/c/program files/gnuarm/bin/../lib/gcc/arm-elf/4.1.1/../../../../arm-elf/lib/interwork/libc.a(impure.o)
__halRestoreInterrupts_oshal_change_to_arm        /cygdrive/c/program files/gnuarm/bin/../lib/gcc/arm-elf/4.1.1/../../../../arm-elf/lib/interwork/libc.a(impure.o)
__halRestoreInterrupts_oshal_from_thumb           /cygdrive/c/program files/gnuarm/bin/../lib/gcc/arm-elf/4.1.1/../../../../arm-elf/lib/interwork/libc.a(impure.o)
__initTimer_oshal_change_to_arm                   /cygdrive/c/program files/gnuarm/bin/../lib/gcc/arm-elf/4.1.1/../../../../arm-elf/lib/interwork/libc.a(impure.o)
__initTimer_oshal_from_thumb                      /cygdrive/c/program files/gnuarm/bin/../lib/gcc/arm-elf/4.1.1/../../../../arm-elf/lib/interwork/libc.a(impure.o)
__memcmp_change_to_arm                            /cygdrive/c/program files/gnuarm/bin/../lib/gcc/arm-elf/4.1.1/../../../../arm-elf/lib/interwork/libc.a(impure.o)
__memcmp_from_thumb                               /cygdrive/c/program files/gnuarm/bin/../lib/gcc/arm-elf/4.1.1/../../../../arm-elf/lib/interwork/libc.a(impure.o)
__memcpy_change_to_arm                            /cygdrive/c/program files/gnuarm/bin/../lib/gcc/arm-elf/4.1.1/../../../../arm-elf/lib/interwork/libc.a(impure.o)
__memcpy_from_thumb                               /cygdrive/c/program files/gnuarm/bin/../lib/gcc/arm-elf/4.1.1/../../../../arm-elf/lib/interwork/libc.a(impure.o)
__modsi3                                          /cygdrive/c/program files/gnuarm/bin/../lib/gcc/arm-elf/4.1.1/interwork/libgcc.a(_modsi3.o)
                                                  snake.o
__osISRExit_from_arm                              /cygdrive/c/program files/gnuarm/bin/../lib/gcc/arm-elf/4.1.1/../../../../arm-elf/lib/interwork/libc.a(impure.o)
__osSemGive_from_arm                              /cygdrive/c/program files/gnuarm/bin/../lib/gcc/arm-elf/4.1.1/../../../../arm-elf/lib/interwork/libc.a(impure.o)
__osTick_from_arm                                 /cygdrive/c/program files/gnuarm/bin/../lib/gcc/arm-elf/4.1.1/../../../../arm-elf/lib/interwork/libc.a(impure.o)
__rand_change_to_arm                              /cygdrive/c/program files/gnuarm/bin/../lib/gcc/arm-elf/4.1.1/../../../../arm-elf/lib/interwork/libc.a(impure.o)
__rand_from_thumb                                 /cygdrive/c/program files/gnuarm/bin/../lib/gcc/arm-elf/4.1.1/../../../../arm-elf/lib/interwork/libc.a(impure.o)
__restoreIrq_change_to_arm                        /cygdrive/c/program files/gnuarm/bin/../lib/gcc/arm-elf/4.1.1/../../../../arm-elf/lib/interwork/libc.a(impure.o)
__restoreIrq_from_thumb                           /cygdrive/c/program files/gnuarm/bin/../lib/gcc/arm-elf/4.1.1/../../../../arm-elf/lib/interwork/libc.a(impure.o)
__simplePrintf_change_to_arm                      /cygdrive/c/program files/gnuarm/bin/../lib/gcc/arm-elf/4.1.1/../../../../arm-elf/lib/interwork/libc.a(impure.o)
__simplePrintf_from_thumb                         /cygdrive/c/program files/gnuarm/bin/../lib/gcc/arm-elf/4.1.1/../../../../arm-elf/lib/interwork/libc.a(impure.o)
__startHighProc_oshal_change_to_arm               /cygdrive/c/program files/gnuarm/bin/../lib/gcc/arm-elf/4.1.1/../../../../arm-elf/lib/interwork/libc.a(impure.o)
__startHighProc_oshal_from_thumb                  /cygdrive/c/program files/gnuarm/bin/../lib/gcc/arm-elf/4.1.1/../../../../arm-elf/lib/interwork/libc.a(impure.o)
__stkFrameInit_oshal_change_to_arm                /cygdrive/c/program files/gnuarm/bin/../lib/gcc/arm-elf/4.1.1/../../../../arm-elf/lib/interwork/libc.a(impure.o)
__stkFrameInit_oshal_from_thumb                   /cygdrive/c/program files/gnuarm/bin/../lib/gcc/arm-elf/4.1.1/../../../../arm-elf/lib/interwork/libc.a(impure.o)
__strchr_change_to_arm                            /cygdrive/c/program files/gnuarm/bin/../lib/gcc/arm-elf/4.1.1/../../../../arm-elf/lib/interwork/libc.a(impure.o)
__strchr_from_thumb                               /cygdrive/c/program files/gnuarm/bin/../lib/gcc/arm-elf/4.1.1/../../../../arm-elf/lib/interwork/libc.a(impure.o)
__udivsi3                                         /cygdrive/c/program files/gnuarm/bin/../lib/gcc/arm-elf/4.1.1/interwork/libgcc.a(_udivsi3.o)
[...]
                                                  pre_emptive_os/pre_emptive_os.a(count_sem.o)
eventIsEmpty                                      pre_emptive_os/pre_emptive_os.a(event.o)
                                                  pre_emptive_os/pre_emptive_os.a(count_sem.o)
eventSignal                                       pre_emptive_os/pre_emptive_os.a(event.o)
                                                  pre_emptive_os/pre_emptive_os.a(count_sem.o)
eventWait                                         pre_emptive_os/pre_emptive_os.a(event.o)
                                                  pre_emptive_os/pre_emptive_os.a(count_sem.o)
eventWaitReturn                                   pre_emptive_os/pre_emptive_os.a(event.o)
                                                  pre_emptive_os/pre_emptive_os.a(count_sem.o)
exceptionHandlerInit                              startup/libea_startup_thumb.a(framework.o)
                                                  startup/libea_startup_thumb.a(startup.o)
generalIRQ_oshal                                  pre_emptive_os/pre_emptive_os.a(a7hal_a.o)
                                                  pre_emptive_os/pre_emptive_os.a(a7hal.o)
getHighPrioQueue                                  pre_emptive_os/pre_emptive_os.a(prioqueue.o)
                                                  pre_emptive_os/pre_emptive_os.a(event.o)
                                                  pre_emptive_os/pre_emptive_os.a(kernel.o)
getI2cLock                                        i2c.o
                                                  eeprom.o
getKeys                                           hw.o
                                                  key.o
halDisableInterrupts_oshal                        pre_emptive_os/pre_emptive_os.a(a7hal.o)
                                                  pre_emptive_os/pre_emptive_os.a(timer.o)
                                                  pre_emptive_os/pre_emptive_os.a(count_sem.o)
                                                  pre_emptive_os/pre_emptive_os.a(kernel.o)
halEnableInterrupts_oshal                         pre_emptive_os/pre_emptive_os.a(a7hal.o)
halRestoreInterrupts_oshal                        pre_emptive_os/pre_emptive_os.a(a7hal.o)
                                                  pre_emptive_os/pre_emptive_os.a(timer.o)
                                                  pre_emptive_os/pre_emptive_os.a(count_sem.o)
                                                  pre_emptive_os/pre_emptive_os.a(kernel.o)
handleBt                                          bt.o
handleIRQs_oshal                                  pre_emptive_os/pre_emptive_os.a(a7hal.o)
                                                  pre_emptive_os/pre_emptive_os.a(a7hal_a.o)
i2cCheckStatus                                    i2c.o
                                                  eeprom.o
i2cGetChar                                        i2c.o
                                                  eeprom.o
i2cInit                                           i2c.o
                                                  hw.o
i2cMyWrite                                        i2c.o
i2cPutChar                                        i2c.o
                                                  eeprom.o
i2cRead                                           i2c.o
i2cRepeatStart                                    i2c.o
                                                  eeprom.o
i2cStart                                          i2c.o
                                                  eeprom.o
i2cStop                                           i2c.o
                                                  eeprom.o
i2cWaitTransmit                                   i2c.o
i2cWrite                                          i2c.o
i2cWriteWithWait                                  i2c.o
                                                  eeprom.o
immediateIoInit                                   hw.o
                                                  main.o
initBtProc                                        bt.o
                                                  main.o
initKeyProc                                       key.o
                                                  main.o
initPrioQueue                                     pre_emptive_os/pre_emptive_os.a(prioqueue.o)
                                                  pre_emptive_os/pre_emptive_os.a(event.o)
                                                  pre_emptive_os/pre_emptive_os.a(kernel.o)
initSpiForLcd                                     hw.o
                                                  lcd.o
initTimer_oshal                                   pre_emptive_os/pre_emptive_os.a(a7hal.o)
                                                  pre_emptive_os/pre_emptive_os.a(kernel.o)
initUart1                                         uart.o
                                                  bt.o
isEmptyPrioQueue                                  pre_emptive_os/pre_emptive_os.a(prioqueue.o)
                                                  pre_emptive_os/pre_emptive_os.a(event.o)
isrNesting                                        pre_emptive_os/pre_emptive_os.a(kernel.o)
                                                  pre_emptive_os/pre_emptive_os.a(event.o)
                                                  pre_emptive_os/pre_emptive_os.a(a7hal_a.o)
                                                  pre_emptive_os/pre_emptive_os.a(count_sem.o)
lcdClrscr                                         lcd.o
                                                  snake.o
                                                  bt.o
                                                  main.o
lcdColor                                          lcd.o
                                                  bt.o
                                                  select.o
                                                  main.o
lcdContrast                                       lcd.o
                                                  main.o
lcdData                                           lcd.o
lcdGotoxy                                         lcd.o
                                                  bt.o
                                                  select.o
                                                  main.o
lcdIcon                                           lcd.o
lcdInit                                           lcd.o
                                                  main.o
lcdOff                                            lcd.o
lcdPutchar                                        lcd.o
                                                  bt.o
lcdPuts                                           lcd.o
                                                  bt.o
                                                  select.o
                                                  main.o
lcdRect                                           lcd.o
                                                  snake.o
                                                  bt.o
                                                  select.o
                                                  main.o
lcdRectBrd                                        lcd.o
lcdWindow                                         lcd.o
lcdWrcmd                                          lcd.o
lcdWrdata                                         lcd.o
lm75Read                                          eeprom.o
lowLevelInit                                      startup/libea_startup_thumb.a(framework.o)
                                                  startup/libea_startup_thumb.a(startup.o)
main                                              main.o
                                                  startup/libea_startup_thumb.a(startup.o)
memcmp                                            /cygdrive/c/program files/gnuarm/bin/../lib/gcc/arm-elf/4.1.1/../../../../arm-elf/lib/interwork/libc.a(memcmp.o)
                                                  bt.o
memcpy                                            /cygdrive/c/program files/gnuarm/bin/../lib/gcc/arm-elf/4.1.1/../../../../arm-elf/lib/interwork/libc.a(memcpy.o)
                                                  startup/libea_startup_thumb.a(consol.o)
                                                  hw.o
                                                  bt.o
moveSnake                                         snake.o
ms                                                bt.o
                                                  main.o
osCreateProcess                                   pre_emptive_os/pre_emptive_os.a(kernel.o)
                                                  pre_emptive_os/pre_emptive_os.a(timer.o)
                                                  bt.o
                                                  key.o
                                                  main.o
osCreateTimer                                     pre_emptive_os/pre_emptive_os.a(timer.o)
osDeleteProcess                                   pre_emptive_os/pre_emptive_os.a(kernel.o)
                                                  main.o
osDeleteTimer                                     pre_emptive_os/pre_emptive_os.a(timer.o)
osGetHighPrioProc                                 pre_emptive_os/pre_emptive_os.a(kernel.o)
osISREnter                                        pre_emptive_os/pre_emptive_os.a(kernel.o)
osISRExit                                         pre_emptive_os/pre_emptive_os.a(kernel.o)
                                                  pre_emptive_os/pre_emptive_os.a(a7hal_a.o)
osInit                                            pre_emptive_os/pre_emptive_os.a(kernel.o)
                                                  main.o
osInitTimers                                      pre_emptive_os/pre_emptive_os.a(timer.o)
osLockNesting                                     pre_emptive_os/pre_emptive_os.a(kernel.o)
osPid                                             pre_emptive_os/pre_emptive_os.a(kernel.o)
osResume                                          pre_emptive_os/pre_emptive_os.a(kernel.o)
osSemGive                                         pre_emptive_os/pre_emptive_os.a(count_sem.o)
                                                  pre_emptive_os/pre_emptive_os.a(timer.o)
                                                  irq_code/irqUart.a(irqUart.o)
                                                  i2c.o
                                                  bt.o
osSemInit                                         pre_emptive_os/pre_emptive_os.a(count_sem.o)
                                                  pre_emptive_os/pre_emptive_os.a(timer.o)
                                                  i2c.o
                                                  bt.o
                                                  uart.o
osSemTake                                         pre_emptive_os/pre_emptive_os.a(count_sem.o)
                                                  pre_emptive_os/pre_emptive_os.a(timer.o)
                                                  i2c.o
                                                  bt.o
                                                  uart.o
osSemTryTake                                      pre_emptive_os/pre_emptive_os.a(count_sem.o)
osSleep                                           pre_emptive_os/pre_emptive_os.a(kernel.o)
                                                  hw.o
                                                  snake.o
                                                  bt.o
                                                  select.o
                                                  key.o
                                                  lcd.o
                                                  main.o
osStackUsage                                      pre_emptive_os/pre_emptive_os.a(stack_usage.o)
osStart                                           pre_emptive_os/pre_emptive_os.a(kernel.o)
                                                  main.o
osStartProcess                                    pre_emptive_os/pre_emptive_os.a(kernel.o)
                                                  pre_emptive_os/pre_emptive_os.a(timer.o)
                                                  bt.o
                                                  key.o
                                                  main.o
osSuspend                                         pre_emptive_os/pre_emptive_os.a(kernel.o)
osTick                                            pre_emptive_os/pre_emptive_os.a(kernel.o)
                                                  pre_emptive_os/pre_emptive_os.a(a7hal.o)
pHeapEnd                                          startup/libea_startup_thumb.a(framework.o)
pHeapStart                                        startup/libea_startup_thumb.a(framework.o)
pNxtToRun                                         pre_emptive_os/pre_emptive_os.a(kernel.o)
                                                  pre_emptive_os/pre_emptive_os.a(a7hal_a.o)
pRunProc                                          pre_emptive_os/pre_emptive_os.a(kernel.o)
                                                  pre_emptive_os/pre_emptive_os.a(event.o)
                                                  pre_emptive_os/pre_emptive_os.a(a7hal_a.o)
pca9532                                           eeprom.o
                                                  hw.o
playSnake                                         snake.o
                                                  main.o
processControlBlocks                              pre_emptive_os/pre_emptive_os.a(event.o)
                                                  pre_emptive_os/pre_emptive_os.a(stack_usage.o)
                                                  pre_emptive_os/pre_emptive_os.a(kernel.o)
rand                                              /cygdrive/c/program files/gnuarm/bin/../lib/gcc/arm-elf/4.1.1/../../../../arm-elf/lib/interwork/libc.a(rand.o)
                                                  snake.o
receiveSem                                        irq_code/irqUart.a(irqUart.o)
                                                  uart.o
releaseI2cLock                                    i2c.o
                                                  eeprom.o
resetBT                                           hw.o
                                                  bt.o
resetLCD                                          hw.o
                                                  main.o
restoreIrq                                        irq_code/irqUart.a(irqUart.o)
                                                  uart.o
rmvFromPrioQueue                                  pre_emptive_os/pre_emptive_os.a(prioqueue.o)
                                                  pre_emptive_os/pre_emptive_os.a(event.o)
                                                  pre_emptive_os/pre_emptive_os.a(kernel.o)
rmvFromRdyList                                    pre_emptive_os/pre_emptive_os.a(kernel.o)
                                                  pre_emptive_os/pre_emptive_os.a(event.o)
rmvFromTimeList                                   pre_emptive_os/pre_emptive_os.a(kernel.o)
                                                  pre_emptive_os/pre_emptive_os.a(event.o)
sampleKey                                         key.o
schedule                                          pre_emptive_os/pre_emptive_os.a(kernel.o)
                                                  pre_emptive_os/pre_emptive_os.a(event.o)
                                                  pre_emptive_os/pre_emptive_os.a(count_sem.o)
selectLCD                                         hw.o
                                                  lcd.o
sendToLCD                                         hw.o
                                                  lcd.o
setBuzzer                                         hw.o
                                                  main.o
setLED                                            hw.o
                                                  snake.o
                                                  main.o
simplePrintf                                      startup/libea_startup_thumb.a(consol.o)
                                                  bt.o
                                                  main.o
srand                                             /cygdrive/c/program files/gnuarm/bin/../lib/gcc/arm-elf/4.1.1/../../../../arm-elf/lib/interwork/libc.a(rand.o)
startHighProc_oshal                               pre_emptive_os/pre_emptive_os.a(a7hal_a.o)
                                                  pre_emptive_os/pre_emptive_os.a(kernel.o)
stkFrameInit_oshal                                pre_emptive_os/pre_emptive_os.a(a7hal.o)
                                                  pre_emptive_os/pre_emptive_os.a(kernel.o)
strchr                                            /cygdrive/c/program files/gnuarm/bin/../lib/gcc/arm-elf/4.1.1/../../../../arm-elf/lib/interwork/libc.a(strchr.o)
                                                  bt.o
strlen                                            /cygdrive/c/program files/gnuarm/bin/../lib/gcc/arm-elf/4.1.1/../../../../arm-elf/lib/interwork/libc.a(strlen.o)
                                                  startup/libea_startup_thumb.a(consol.o)
strtol                                            /cygdrive/c/program files/gnuarm/bin/../lib/gcc/arm-elf/4.1.1/../../../../arm-elf/lib/interwork/libc.a(strtol.o)
                                                  /cygdrive/c/program files/gnuarm/bin/../lib/gcc/arm-elf/4.1.1/../../../../arm-elf/lib/interwork/libc.a(atoi.o)
timerIsr_oshal                                    pre_emptive_os/pre_emptive_os.a(a7hal.o)
timerTick                                         pre_emptive_os/pre_emptive_os.a(timer.o)
                                                  pre_emptive_os/pre_emptive_os.a(kernel.o)
uart1GetCh                                        uart.o
uart1GetChSem                                     uart.o
uart1GetChar                                      uart.o
                                                  bt.o
uart1ISR                                          irq_code/irqUart.a(irqUart.o)
                                                  uart.o
uart1RxBuf                                        irq_code/irqUart.a(irqUart.o)
                                                  uart.o
uart1RxHead                                       uart.o
                                                  irq_code/irqUart.a(irqUart.o)
uart1RxInBuff                                     uart.o
                                                  irq_code/irqUart.a(irqUart.o)
uart1RxTail                                       uart.o
                                                  irq_code/irqUart.a(irqUart.o)
uart1SendCh                                       uart.o
uart1SendChar                                     uart.o
                                                  bt.o
uart1SendChars                                    uart.o
uart1SendString                                   uart.o
                                                  bt.o
uart1TxBuf                                        irq_code/irqUart.a(irqUart.o)
                                                  uart.o
uart1TxHead                                       uart.o
                                                  irq_code/irqUart.a(irqUart.o)
uart1TxRunning                                    uart.o
                                                  irq_code/irqUart.a(irqUart.o)
uart1TxTail                                       uart.o
                                                  irq_code/irqUart.a(irqUart.o)
ver1_0                                            hw.o
                                                  main.o
ver1_1                                            hw.o
                                                  main.o
